12-31 19:05:49.888  1932  2324 W ActivityManager: Unable to mark boot complete for abi: armeabi-v7a (Failed to execute markbootcomplete [arm]: -1)
12-31 19:05:49.890  1932  2324 I SystemServiceManager: Starting phase 1000
12-31 19:05:49.903  4113  4113 D ViewRootImpl[StatusBar]: changeCanvasOpacity: opaque=true
12-31 19:05:49.942  1932  2324 I ActivityManager: Start proc 4573:android.ext.services/u0a9 for on-hold
12-31 19:05:49.979  1932  2324 D ActivityManager: Finishing user boot 0
12-31 19:05:49.983  1932  2324 D CryptdConnector: SND -> {3 cryptfs prepare_user_storage ! 0 0 2}
12-31 19:05:49.985  1365  1601 D vold    : e4crypt_prepare_user_storage for volume null, user 0, serial 0, flags 2
12-31 19:05:49.985  1365  1601 D vold    : Preparing: /data/system_ce/0
12-31 19:05:49.989  1365  1601 D vold    : Preparing: /data/misc_ce/0
12-31 19:05:50.002  1365  1601 D vold    : Preparing: /data/media/0
12-31 19:05:50.003  1365  1601 D vold    : Preparing: /data/data
12-31 19:05:50.004  1932  3247 D CryptdConnector: RCV <- {200 3 Command succeeded}
12-31 19:05:50.005  1932  2324 V UserManagerService: Found /data/user/0 with serial number 0
12-31 19:05:50.006  1932  2324 V UserManagerService: Found /data/system_ce/0 with serial number -1
12-31 19:05:50.006  1932  2324 D UserManagerService: Serial number missing on /data/system_ce/0; assuming current is valid
12-31 19:05:50.011  1932  2324 V PackageManager: reconcileAppsData for null u0 0x2
12-31 19:05:50.087  1932  3998 D ConnectivityService: Got NetworkFactory Messenger for WIFI
12-31 19:05:50.087  1932  3998 D ConnectivityService: Got NetworkFactory Messenger for WIFI_UT
12-31 19:05:50.101  1372  4592 I Magisk  : ** boot_complete triggered
12-31 19:05:50.111  1372  4592 E Magisk  : su: cannot find manager
12-31 19:05:50.220  4596  4596 I Magisk  : apk_install: /data/magisk.apk 
12-31 19:05:50.444  1932  2324 V PackageManager: reconcileAppsData finished 82 packages; restoreconNeeded was false
12-31 19:05:50.445  1932  4197 I chatty  : uid=1000(system) Binder:1932_4 expire 4 lines
12-31 19:05:50.445  1932  2324 I WindowManager:  check app
12-31 19:05:50.448  1932  2324 I WindowManager:  check app
12-31 19:05:50.526  4573  4573 W System  : ClassLoader referenced unknown path: /system/priv-app/ExtServices/lib/arm
12-31 19:05:50.552  1932  2314 I InputMethodManagerService: All the enabled IMEs are gone. Reset default enabled IMEs.
12-31 19:05:50.584  1932  2324 I WindowManager:  check app
12-31 19:05:50.644  1932  2314 D MountService: onUnlockUser 0
12-31 19:05:50.644  1932  2314 D VoldConnector: SND -> {34 volume user_started 0}
12-31 19:05:50.648  1365  1600 D vold    : Linking /storage/emulated/0 to /mnt/user/0/primary
12-31 19:05:50.649  1932  3246 D VoldConnector: RCV <- {200 34 Command succeeded}
12-31 19:05:50.651  1932  3245 D MountService: Volume emulated broadcasting mounted to UserHandle{0}
12-31 19:05:50.654  1932  3245 D MountService: Volume public:8_1 broadcasting mounted to UserHandle{0}
12-31 19:05:50.657  1932  2324 I WindowManager:  check app
12-31 19:05:50.661  1932  2324 I WindowManager:  check app
12-31 19:05:50.664  1932  2324 I WindowManager:  check app
12-31 19:05:50.671  1932  2324 I WindowManager:  check app
12-31 19:05:51.051  1390  1647 I [Gralloc]: ion_alloc from ion_client:20 via heap type DMA(mask:16) for 122880 Bytes uncached buffer successfully, usage = 0x00000900
12-31 19:05:51.053  1390  1647 I [Gralloc]: ion_alloc from ion_client:20 via heap type DMA(mask:16) for 122880 Bytes uncached buffer successfully, usage = 0x00000900
12-31 19:05:51.053  4113  4374 D libEGL  : loaded /system/lib/egl/libGLES_mali.so
12-31 19:05:51.060  1390  1647 I [Gralloc]: ion_alloc from ion_client:20 via heap type DMA(mask:16) for 122880 Bytes uncached buffer successfully, usage = 0x00000900
12-31 19:05:51.181  4113  4374 I OpenGLRenderer: Initialized EGL, version 1.4
12-31 19:05:51.181  4113  4374 D OpenGLRenderer: Swap behavior 1
12-31 19:05:51.244  1390  4356 I [Gralloc]: ion_alloc from ion_client:20 via heap type DMA(mask:16) for 245760 Bytes uncached buffer successfully, usage = 0x00000900
12-31 19:05:51.246  1390  4356 I [Gralloc]: ion_alloc from ion_client:20 via heap type DMA(mask:16) for 245760 Bytes uncached buffer successfully, usage = 0x00000900
12-31 19:05:51.247  1390  4356 I [Gralloc]: ion_alloc from ion_client:20 via heap type DMA(mask:16) for 245760 Bytes uncached buffer successfully, usage = 0x00000900
12-31 19:05:51.256  1932  3974 D WifiService: New client listening to asynchronous messages
12-31 19:05:51.290  4113  4113 D PhoneStatusBar: setSystemUiVisibility vis=8608 mask=ffffffff oldVal=608 newVal=8608 diff=8000
12-31 19:05:51.314  1390  1403 I [Gralloc]: ion_alloc from ion_client:20 via heap type DMA(mask:16) for 3686400 Bytes uncached buffer successfully, usage = 0x00000f02
12-31 19:05:51.334  1932  2314 V BackupManagerService: No ancestral data
12-31 19:05:51.430  4113  4113 W KeyguardUpdateMonitor: invalid subId in handleSimStateChange()
12-31 19:05:51.430  4113  4113 I Choreographer: Skipped 76 frames!  The application may be doing too much work on its main thread.
12-31 19:05:51.463  1390  1647 I [Gralloc]: ion_alloc from ion_client:20 via heap type DMA(mask:16) for 122880 Bytes uncached buffer successfully, usage = 0x00000f02
12-31 19:05:51.511  1932  2314 V KeyValueBackupJob: Scheduling k/v pass in 244 minutes
12-31 19:05:51.522  1390  1403 I [Gralloc]: ion_alloc from ion_client:20 via heap type DMA(mask:16) for 245760 Bytes uncached buffer successfully, usage = 0x00000f02
12-31 19:05:51.543  1932  2324 I WindowManager:  check app
12-31 19:05:51.547  1932  2324 I WindowManager:  check app
12-31 19:05:51.553  1932  2324 I WindowManager:  check app
12-31 19:05:51.553  1390  1390 D hwcomposer: realloc 6 for AllLayers
12-31 19:05:51.566  1932  2314 V BackupManagerService: Starting with transport com.google.android.gms/.backup.BackupTransportService
12-31 19:05:51.567  1932  2314 V BackupManagerService: Found transports: 2
12-31 19:05:51.573  1390  1390 D hwcomposer: total alloc num 13
12-31 19:05:51.573  1390  1390 D hwcomposer: total alloc num 14
12-31 19:05:51.573  1390  1390 D hwcomposer: total alloc num 15
12-31 19:05:51.573  1390  1390 D hwcomposer: total alloc num 16
12-31 19:05:51.592  1390  1403 I [Gralloc]: ion_alloc from ion_client:20 via heap type DMA(mask:16) for 8294400 Bytes uncached buffer successfully, usage = 0x00000f02
12-31 19:05:51.614  1932  2314 I ActivityManager: Start proc 4643:com.google.android.gms.persistent/u0a11 for service com.google.android.gms/.backup.BackupTransportService
12-31 19:05:51.617  1932  2314 I BackupManagerService: Backup enable apparently not migrated
12-31 19:05:51.618  1932  2314 I BackupManagerService: Migrating enable state false
12-31 19:05:51.620  1932  1932 V BackupManagerService: Connected to transport ComponentInfo{android/com.android.internal.backup.LocalTransportService}
12-31 19:05:51.620  1932  2314 I BackupManagerService: Backup enabled => false
12-31 19:05:51.620  1932  1932 V BackupManagerService: Registering transport android/com.android.internal.backup.LocalTransportService::android/com.android.internal.backup.LocalTransport = android.app.backup.BackupTransport$TransportImpl@280df4e
12-31 19:05:51.649  1932  4626 V KeyValueBackupJob: Scheduling k/v pass in 248 minutes
12-31 19:05:51.732  1932  2324 I WindowManager:  check app
12-31 19:05:51.734  1932  2324 I WindowManager:  check app
12-31 19:05:51.735  4113  4113 D PhoneStatusBar: addNotification key=-1|com.android.systemui|1397773634|public:8_1|10026
12-31 19:05:51.738  1932  2324 I WindowManager:  check app
12-31 19:05:52.145  1932  2314 W AppWidgetServiceImpl: Failed to read state: java.io.FileNotFoundException: /data/system/users/0/appwidgets.xml (No such file or directory)
12-31 19:05:52.145  1932  2314 V AppWidgetServiceImpl: Upgrading widget database from 0 to 1
12-31 19:05:52.147  1932  2314 W VoiceInteractionManagerService: no available voice interaction services found for user 0
12-31 19:05:52.147  1932  2314 W VoiceInteractionManagerService: no available voice recognition services found for user 0
12-31 19:05:52.153  1932  2314 I ActivityManager: Loading recents for user 0 into memory.
12-31 19:05:52.185  4643  4643 I chatty  : uid=10011 com.google.android.gms.persistent expire 18 lines
12-31 19:05:52.186  1932  2314 I ActivityManager: Start proc 4670:com.softwinner.miracastReceiver/u0a44 for added application com.softwinner.miracastReceiver
12-31 19:05:52.242  1932  2313 W ActivityManager: Slow operation: 54ms so far, now at startProcess: returned from zygote!
12-31 19:05:52.242  1932  2313 W ActivityManager: Slow operation: 55ms so far, now at startProcess: done updating battery stats
12-31 19:05:52.242  1932  2313 W ActivityManager: Slow operation: 55ms so far, now at startProcess: building log message
12-31 19:05:52.242  1932  2313 I ActivityManager: Start proc 4683:com.android.printspooler/u0a51 for service com.android.printspooler/.model.PrintSpoolerService
12-31 19:05:52.243  1932  2313 W ActivityManager: Slow operation: 55ms so far, now at startProcess: starting to update pids map
12-31 19:05:52.243  1932  2313 W ActivityManager: Slow operation: 55ms so far, now at startProcess: done updating pids map
12-31 19:05:52.243  1932  2313 W ActivityManager: Slow operation: 55ms so far, now at startProcess: done starting proc!
12-31 19:05:52.269  1932  2314 I PreBootBroadcaster: Pre-boot of {com.android.managedprovisioning/com.android.managedprovisioning.PreBootListener} for user 0
12-31 19:05:52.272  4113  4113 D PhoneStatusBar: setAreThereNotifications: N=1 any=true clearable=true
12-31 19:05:52.274  4113  4113 W KeyguardUpdateMonitor: invalid subId in handleServiceStateChange()
12-31 19:05:52.296  4314  4314 D CarrierSvcBindHelper: Received android.intent.action.USER_UNLOCKED
12-31 19:05:52.298  4390  4390 D FallbackHome: User unlocked and real home found; let's go!
12-31 19:05:52.300  4314  4314 E PhoneInterfaceManager: [PhoneIntfMgr] getCarrierPackageNamesForIntent: No UICC
12-31 19:05:52.300  4314  4314 D CarrierSvcBindHelper: No carrier app for: 0
12-31 19:05:52.343  1932  1932 I ActivityManager: Start proc 4699:android.process.media/u0a7 for broadcast com.android.providers.downloads/.DownloadReceiver
12-31 19:05:52.349  4113  4113 D PhoneStatusBar: setAreThereNotifications: N=1 any=true clearable=true
12-31 19:05:52.355  1932  2324 I WindowManager:  check app
12-31 19:05:52.369  4113  4113 I Choreographer: Skipped 45 frames!  The application may be doing too much work on its main thread.
12-31 19:05:52.371  1932  2324 I WindowManager:  check app
12-31 19:05:52.382  1932  2324 I WindowManager:  check app
12-31 19:05:52.433  1932  4421 W ActivityManager: Slow operation: 71ms so far, now at startProcess: returned from zygote!
12-31 19:05:52.433  1932  4421 W ActivityManager: Slow operation: 72ms so far, now at startProcess: done updating battery stats
12-31 19:05:52.434  1932  4421 W ActivityManager: Slow operation: 72ms so far, now at startProcess: building log message
12-31 19:05:52.434  1932  4421 I ActivityManager: Start proc 4709:com.android.keychain/1000 for service com.android.keychain/.KeyChainService
12-31 19:05:52.434  1932  4421 W ActivityManager: Slow operation: 72ms so far, now at startProcess: starting to update pids map
12-31 19:05:52.434  1932  4421 W ActivityManager: Slow operation: 72ms so far, now at startProcess: done updating pids map
12-31 19:05:52.434  1932  4421 W ActivityManager: Slow operation: 72ms so far, now at startProcess: done starting proc!
12-31 19:05:52.436  1932  2309 I ActivityManager: START u0 {act=android.intent.action.MAIN cat=[android.intent.category.HOME] flg=0x10000100 cmp=com.android.provision/.DefaultActivity} from uid 0 on display 0
12-31 19:05:52.504  1932  2324 I WindowManager:  check app
12-31 19:05:52.531  1932  2309 I ActivityManager: Start proc 4734:com.android.provision/u0a21 for activity com.android.provision/.DefaultActivity
12-31 19:05:52.536  1932  4353 E SchedPolicy: add_tid_to_cgroup failed; fd=-1
12-31 19:05:52.537  1932  4353 W ActivityManager: Failed setting process group of 4390 to 1
12-31 19:05:52.549  1390  1403 I [Gralloc]: ion_alloc from ion_client:20 via heap type DMA(mask:16) for 122880 Bytes uncached buffer successfully, usage = 0x00000f02
12-31 19:05:52.550  1932  4099 E SchedPolicy: add_tid_to_cgroup failed; fd=-1
12-31 19:05:52.550  1932  4099 W ActivityManager: Failed setting process group of 4699 to 0
12-31 19:05:52.574  1932  2310 I WindowManager: Destroying surface Surface(name=com.android.settings/com.android.settings.FallbackHome) called by com.android.server.wm.WindowStateAnimator.destroySurface:2014 com.android.server.wm.WindowStateAnimator.destroySurfaceLocked:881 com.android.server.wm.WindowState.destroyOrSaveSurface:2073 com.android.server.wm.WindowManagerService.tryStartExitingAnimation:3020 com.android.server.wm.WindowManagerService.relayoutWindow:2900 com.android.server.wm.Session.relayout:215 android.view.IWindowSession$Stub.onTransact:286 com.android.server.wm.Session.onTransact:136 
12-31 19:05:52.582  1932  2324 I WindowManager:  check app
12-31 19:05:52.587  1932  2324 I WindowManager:  check app
12-31 19:05:52.595  4113  4113 D PhoneStatusBar: hiding the MENU button
12-31 19:05:52.617  1390  4356 I [Gralloc]: ion_alloc from ion_client:20 via heap type DMA(mask:16) for 122880 Bytes uncached buffer successfully, usage = 0x00000f02
12-31 19:05:52.640  4709  4709 W System  : ClassLoader referenced unknown path: /system/app/KeyChain/lib/arm
12-31 19:05:52.656  1390  1403 I [Gralloc]: ion_alloc from ion_client:20 via heap type DMA(mask:16) for 3686400 Bytes cached buffer successfully, usage = 0x00000b33
12-31 19:05:52.681  1932  2310 E SchedPolicy: add_tid_to_cgroup failed; fd=-1
12-31 19:05:52.681  1932  2310 W ActivityManager: Failed setting process group of 4734 to 2
12-31 19:05:52.687  1932  2324 I WindowManager:  check app
12-31 19:05:52.748  4699  4699 W System  : ClassLoader referenced unknown path: /system/priv-app/DownloadProvider/lib/arm
12-31 19:05:52.756  4734  4734 W System  : ClassLoader referenced unknown path: /system/priv-app/Provision/lib/arm
12-31 19:05:52.807  4597  4597 D AndroidRuntime: >>>>>> START com.android.internal.os.RuntimeInit uid 0 <<<<<<
12-31 19:05:52.839  4597  4597 D AndroidRuntime: CheckJNI is OFF
12-31 19:05:52.852  1932  4353 I WindowManager: Screen frozen for +208ms due to AppWindowToken{cf8de7b token=Token{487c675 ActivityRecord{9c359ac u0 com.android.provision/.DefaultActivity t2}}}
12-31 19:05:52.904  1932  2324 I WindowManager:  check app
12-31 19:05:52.910  1932  2309 I ActivityManager: START u0 {act=android.intent.action.MAIN cat=[android.intent.category.HOME] flg=0x10000100 cmp=com.droidlogic.mboxlauncher/.Launcher} from uid 0 on display 0
12-31 19:05:52.946  1932  2324 I WindowManager:  check app
12-31 19:05:52.983  1932  2309 I ActivityManager: Start proc 4770:com.droidlogic.mboxlauncher/1000 for activity com.droidlogic.mboxlauncher/.Launcher
12-31 19:05:53.064  1390  1401 I [Gralloc]: ion_alloc from ion_client:20 via heap type DMA(mask:16) for 3686400 Bytes cached buffer successfully, usage = 0x00000b33
12-31 19:05:53.071  4699  4699 W System  : ClassLoader referenced unknown path: /system/priv-app/MediaProvider/lib/arm
12-31 19:05:53.085  1932  4353 E SchedPolicy: add_tid_to_cgroup failed; fd=-1
12-31 19:05:53.086  1932  4353 W ActivityManager: Failed setting process group of 4770 to 2
12-31 19:05:53.087  1932  4353 E SchedPolicy: add_tid_to_cgroup failed; fd=-1
12-31 19:05:53.087  1932  4353 W ActivityManager: Failed setting process group of 4734 to 1
12-31 19:05:53.093  1932  2324 I WindowManager:  check app
12-31 19:05:53.190  1932  4197 I ActivityManager: Start proc 4789:com.google.process.gapps/u0a11 for content provider com.google.android.gsf/.gservices.GservicesProvider
12-31 19:05:53.190  1932  4197 W ActivityManager: Slow operation: 51ms so far, now at getContentProviderImpl: after start process
12-31 19:05:53.190  1932  4197 W ActivityManager: Slow operation: 51ms so far, now at getContentProviderImpl: updating data structures
12-31 19:05:53.191  1932  4197 W ActivityManager: Slow operation: 51ms so far, now at getContentProviderImpl: done!
12-31 19:05:53.216  4770  4770 W System  : ClassLoader referenced unknown path: /system/app/MboxLauncher32/lib/arm
12-31 19:05:53.277  4789  4789 I chatty  : uid=10011(com.google.android.gms) com.google.process.gapps expire 2 lines
12-31 19:05:53.444  4597  4597 D ICU     : No timezone override file found: /data/misc/zoneinfo/current/icu/icu_tzdata.dat
12-31 19:05:53.453  4770  4770 D MediaBoxLauncher: ------onCreate
12-31 19:05:53.499  4113  4113 D PhoneStatusBar: hiding the MENU button
12-31 19:05:53.513  4699  4699 I DownloadManager: Upgrading downloads database from version 0 to version 110, which will destroy all old data
12-31 19:05:53.545  4770  4770 D MediaBoxLauncher: ------onResume
12-31 19:05:53.553  1932  4421 E SchedPolicy: add_tid_to_cgroup failed; fd=-1
12-31 19:05:53.553  1932  4421 W ActivityManager: Failed setting process group of 4709 to 0
12-31 19:05:53.560  1932  2309 I ActivityManager: Killing 4331:com.android.settings:CryptKeeper/1000 (adj 902): empty #2
12-31 19:05:53.570  1932  2309 I chatty  : uid=1000(system) Binder:1932_1 expire 1 line
12-31 19:05:53.682  1932  4542 D ActivityManager: cleanUpApplicationRecord -- 4331
12-31 19:05:53.742  4815  4815 I dex2oat : /system/bin/dex2oat --dex-file=/system/framework/pm.jar --oat-fd=9 --oat-location=/data/dalvik-cache/arm/system@framework@pm.jar@classes.dex --compiler-filter=speed
12-31 19:05:53.822  4770  4782 W art     : Suspending all threads took: 102.572ms
12-31 19:05:53.828  4770  4782 I art     : Background sticky concurrent mark sweep GC freed 3304(327KB) AllocSpace objects, 3(60KB) LOS objects, 2% free, 6MB/6MB, paused 104.002ms total 144.767ms
12-31 19:05:53.934  4770  4770 D MediaBoxLauncher: resetShortcutScreen mode is 0
12-31 19:05:53.975  4770  4782 W art     : Suspending all threads took: 28.689ms
12-31 19:05:53.980  4770  4782 I art     : Background partial concurrent mark sweep GC freed 799(28KB) AllocSpace objects, 0(0B) LOS objects, 39% free, 7MB/11MB, paused 29.864ms total 118.747ms
12-31 19:05:54.097  4113  4113 D PhoneStatusBar: setSystemUiVisibility vis=8408 mask=ffffffff oldVal=8608 newVal=8408 diff=200
12-31 19:05:54.097  4113  4113 D PhoneStatusBar: hiding the MENU button
12-31 19:05:54.100  4113  4113 D PhoneStatusBar: setSystemUiVisibility vis=408 mask=ffffffff oldVal=8408 newVal=408 diff=8000
12-31 19:05:54.102  4113  4113 D PhoneStatusBar: hiding the MENU button
12-31 19:05:54.120  1390  1647 I [Gralloc]: ion_alloc from ion_client:20 via heap type DMA(mask:16) for 245760 Bytes uncached buffer successfully, usage = 0x00000f02
12-31 19:05:54.122  4699  4699 I MediaProvider: Upgrading media database from version 0 to 800, which will destroy all old data
12-31 19:05:54.125  4113  4113 D PhoneStatusBar: hiding the MENU button
12-31 19:05:54.157  4770  4830 D libEGL  : loaded /system/lib/egl/libGLES_mali.so
12-31 19:05:54.159  1390  1401 I [Gralloc]: ion_alloc from ion_client:20 via heap type DMA(mask:16) for 3440640 Bytes uncached buffer successfully, usage = 0x00000900
12-31 19:05:54.185  1390  1401 I [Gralloc]: ion_alloc from ion_client:20 via heap type DMA(mask:16) for 3440640 Bytes uncached buffer successfully, usage = 0x00000900
12-31 19:05:54.190  4815  4826 W dex2oat : Compilation of void com.android.commands.pm.Pm$InstallParams.<init>() took 120.150ms
12-31 19:05:54.191  4815  4815 W dex2oat : Compilation of void com.android.commands.pm.Pm$ClearCacheObserver.<init>() took 121.812ms
12-31 19:05:54.193  4815  4827 W dex2oat : Compilation of void com.android.commands.pm.Pm$ClearDataObserver.<init>() took 123.603ms
12-31 19:05:54.195  4815  4828 W dex2oat : Compilation of void com.android.commands.pm.Pm$LocalIntentReceiver$1.<init>(com.android.commands.pm.Pm$LocalIntentReceiver) took 125.111ms
12-31 19:05:54.201  1390  1401 I [Gralloc]: ion_alloc from ion_client:20 via heap type DMA(mask:16) for 3440640 Bytes uncached buffer successfully, usage = 0x00000900
12-31 19:05:54.222  4770  4770 D MediaBoxLauncher: resetShortcutScreen mode is 0
12-31 19:05:54.317  4770  4830 I OpenGLRenderer: Initialized EGL, version 1.4
12-31 19:05:54.317  4770  4830 D OpenGLRenderer: Swap behavior 1
12-31 19:05:54.349  1390  4355 I [Gralloc]: ion_alloc from ion_client:20 via heap type DMA(mask:16) for 3440640 Bytes uncached buffer successfully, usage = 0x00000f02
12-31 19:05:54.526  4113  4113 D PhoneStatusBar: hiding the MENU button
12-31 19:05:54.538  4113  4113 D PhoneStatusBar: hiding the MENU button
12-31 19:05:54.540  4699  4699 D MediaProvider: Adjusting external storage paths to: /storage/emulated/0
12-31 19:05:54.565  1390  4356 I [Gralloc]: ion_alloc from ion_client:20 via heap type DMA(mask:16) for 3440640 Bytes uncached buffer successfully, usage = 0x00000f02
12-31 19:05:54.571  1932  2324 I WindowManager:  check app
12-31 19:05:54.572  1932  2324 I WindowManager: wait app is Window{f810b70 u0 com.droidlogic.mboxlauncher/com.droidlogic.mboxlauncher.Launcher}
12-31 19:05:54.572  1932  2324 I WindowManager:  passs app check
12-31 19:05:54.574  1390  1401 I SurfaceFlinger: Boot is finished (169776 ms)
12-31 19:05:54.587  1932  2324 I WindowManager:  check app
12-31 19:05:54.587  1932  2324 I WindowManager: wait app is Window{f810b70 u0 com.droidlogic.mboxlauncher/com.droidlogic.mboxlauncher.Launcher}
12-31 19:05:54.587  1932  2324 I WindowManager:  passs app check
12-31 19:05:54.591  1932  2324 I WindowManager:  check app
12-31 19:05:54.591  1932  2324 I WindowManager: wait app is Window{f810b70 u0 com.droidlogic.mboxlauncher/com.droidlogic.mboxlauncher.Launcher}
12-31 19:05:54.592  1932  2324 I WindowManager:  passs app check
12-31 19:05:54.598  4113  4113 D PhoneStatusBar: hiding the MENU button
12-31 19:05:54.599  1932  2324 I WindowManager: Screen frozen for +1s578ms due to Window{f810b70 u0 com.droidlogic.mboxlauncher/com.droidlogic.mboxlauncher.Launcher}
12-31 19:05:54.621  4770  4770 D MediaBoxLauncher: resetShortcutScreen mode is 0
12-31 19:05:54.630  1932  2324 I WindowManager:  check app
12-31 19:05:54.630  1932  2324 I WindowManager: wait app is Window{f810b70 u0 com.droidlogic.mboxlauncher/com.droidlogic.mboxlauncher.Launcher}
12-31 19:05:54.630  1932  2324 I WindowManager:  passs app check
12-31 19:05:54.662  4113  4113 D PhoneStatusBar: hiding the MENU button
12-31 19:05:54.663  1932  2324 I WindowManager:  check app
12-31 19:05:54.664  1932  2324 I WindowManager: wait app is Window{f810b70 u0 com.droidlogic.mboxlauncher/com.droidlogic.mboxlauncher.Launcher}
12-31 19:05:54.664  1932  2324 I WindowManager:  passs app check
12-31 19:05:54.666  4113  4113 D PhoneStatusBar: hiding the MENU button
12-31 19:05:54.669  4113  4113 D PhoneStatusBar: hiding the MENU button
12-31 19:05:54.677  4113  4113 D PhoneStatusBar: hiding the MENU button
12-31 19:05:54.702  1390  1647 I [Gralloc]: ion_alloc from ion_client:20 via heap type DMA(mask:16) for 3440640 Bytes uncached buffer successfully, usage = 0x00000f02
12-31 19:05:54.711  4699  4699 E SQLiteLog: (1) no such table: album_info
12-31 19:05:54.738  1932  2310 E SchedPolicy: add_tid_to_cgroup failed; fd=-1
12-31 19:05:54.739  1932  2310 W ActivityManager: Failed setting process group of 4390 to 0
12-31 19:05:54.740  1932  2310 I ActivityManager: Killing 4709:com.android.keychain/1000 (adj 902): empty #2
12-31 19:05:54.759  1932  2310 E SchedPolicy: add_tid_to_cgroup failed; fd=-1
12-31 19:05:54.759  1932  2310 W ActivityManager: Failed setting process group of 4734 to 0
12-31 19:05:54.760  1932  2310 I ActivityManager: Killing 4390:com.android.settings/1000 (adj 902): empty #2
12-31 19:05:54.774  4815  4815 I dex2oat : dex2oat took 1.065s (threads: 4) arena alloc=776KB (795280B) java alloc=127KB (130448B) native alloc=1195KB (1224448B) free=2MB (2445568B)
12-31 19:05:54.803  4113  4113 D PhoneStatusBar: hiding the MENU button
12-31 19:05:54.842  1932  4099 D ActivityManager: cleanUpApplicationRecord -- 4709
12-31 19:05:54.902  4597  4597 E memtrack: Couldn't load memtrack module (No such file or directory)
12-31 19:05:54.902  4597  4597 E android.os.Debug: failed to load memtrack module: -2
12-31 19:05:54.905  4597  4597 I Radio-JNI: register_android_hardware_Radio DONE
12-31 19:05:54.922  1932  4542 D ActivityManager: cleanUpApplicationRecord -- 4390
12-31 19:05:55.070  4643  4850 I chatty  : uid=10011 com.google.android.gms.persistent expire 13 lines
12-31 19:05:55.193  4597  4597 D AndroidRuntime: Calling main entry com.android.commands.pm.Pm
12-31 19:05:55.218  1932  4197 I ActivityManager: Start proc 4877:com.google.android.gms/u0a11 for service com.google.android.gms/.chimera.GmsIntentOperationService
12-31 19:05:55.264  4643  4650 I chatty  : uid=10011(com.google.android.gms) Jit thread pool expire 3 lines
12-31 19:05:55.264  4699  4699 D MediaScannerReceiver: action: android.intent.action.MEDIA_MOUNTED path: /storage/emulated/0
12-31 19:05:55.361  4643  4656 I chatty  : uid=10011(com.google.android.gms) HeapTaskDaemon expire 3 lines
12-31 19:05:55.368  4877  4877 I chatty  : uid=10011(com.google.android.gms) expire 12 lines
12-31 19:05:55.379  1436  1436 I         : free_cache(34793) avail 5150400512
12-31 19:05:55.482  4699  4699 D MediaScannerReceiver: action: android.intent.action.MEDIA_MOUNTED path: /storage/30F9-704A
12-31 19:05:55.496  1932  2331 I PackageManager: init_copy idx=0: InstallParams{99a6f5d file=/data/app/vmdl1738526230.tmp cid=null}
12-31 19:05:55.511  1932  4099 I ActivityManager: Start proc 4895:com.android.managedprovisioning/u0a16 for broadcast com.android.managedprovisioning/.PreBootListener
12-31 19:05:55.560  1932  2331 I ActivityManager: Start proc 4908:com.android.defcontainer/u0a5 for service com.android.defcontainer/.DefaultContainerService
12-31 19:05:55.566  1932  2309 E SchedPolicy: add_tid_to_cgroup failed; fd=-1
12-31 19:05:55.566  1932  2309 W ActivityManager: Failed setting process group of 4895 to 0
12-31 19:05:55.617  4895  4895 W System  : ClassLoader referenced unknown path: /system/priv-app/ManagedProvisioning/lib/arm
12-31 19:05:55.647  1932  1932 V BackupManagerService: Connected to transport ComponentInfo{com.google.android.gms/com.google.android.gms.backup.BackupTransportService}
12-31 19:05:55.650  1932  1932 V BackupManagerService: Registering transport com.google.android.gms/.backup.BackupTransportService::com.google.android.gms/.backup.BackupTransportService = com.android.internal.backup.IBackupTransport$Stub$Proxy@37218f7
12-31 19:05:55.768  1932  4099 I PreBootBroadcaster: Pre-boot of {com.android.providers.calendar/com.android.providers.calendar.CalendarUpgradeReceiver} for user 0
12-31 19:05:55.796  1932  4099 I ActivityManager: Start proc 4926:com.android.providers.calendar/u0a2 for broadcast com.android.providers.calendar/.CalendarUpgradeReceiver
12-31 19:05:55.798  1932  4099 I ActivityManager: Killing 4734:com.android.provision/u0a21 (adj 902): empty #2
12-31 19:05:55.831  1932  2331 I PackageManager: mcs_bound
12-31 19:05:55.836  1932  2331 I PackageManager: startCopy UserHandle{-1}: InstallParams{99a6f5d file=/data/app/vmdl1738526230.tmp cid=null}
12-31 19:05:55.870  1932  4353 E SchedPolicy: add_tid_to_cgroup failed; fd=-1
12-31 19:05:55.871  1932  4353 W ActivityManager: Failed setting process group of 4926 to 0
12-31 19:05:55.882  1932  4197 D ActivityManager: cleanUpApplicationRecord -- 4734
12-31 19:05:55.987  1932  2331 D PackageManager: /data/app/vmdl1738526230.tmp already staged; skipping copy
12-31 19:05:56.077  1932  2331 D PackageManager: installPackageLI: path=/data/app/vmdl1738526230.tmpjava.lang.Throwable
12-31 19:05:56.077  1932  2331 D PackageManager: 	at com.android.server.pm.PackageManagerService.installPackageLI(PackageManagerService.java:14912)
12-31 19:05:56.077  1932  2331 D PackageManager: 	at com.android.server.pm.PackageManagerService.installPackageTracedLI(PackageManagerService.java:14882)
12-31 19:05:56.077  1932  2331 D PackageManager: 	at com.android.server.pm.PackageManagerService.-wrap25(PackageManagerService.java)
12-31 19:05:56.077  1932  2331 D PackageManager: 	at com.android.server.pm.PackageManagerService$10.run(PackageManagerService.java:12376)
12-31 19:05:56.077  1932  2331 D PackageManager: 	at android.os.Handler.handleCallback(Handler.java:751)
12-31 19:05:56.077  1932  2331 D PackageManager: 	at android.os.Handler.dispatchMessage(Handler.java:95)
12-31 19:05:56.077  1932  2331 D PackageManager: 	at android.os.Looper.loop(Looper.java:154)
12-31 19:05:56.077  1932  2331 D PackageManager: 	at android.os.HandlerThread.run(HandlerThread.java:61)
12-31 19:05:56.077  1932  2331 D PackageManager: 	at com.android.server.ServiceThread.run(ServiceThread.java:46)
12-31 19:05:56.082  4926  4926 W System  : ClassLoader referenced unknown path: /system/priv-app/CalendarProvider/lib/arm
12-31 19:05:56.206  4945  4945 I dex2oat : /system/bin/dex2oat --compiler-filter=interpret-only
12-31 19:05:56.207  4945  4945 E cutils-trace: Error opening trace file: Permission denied (13)
12-31 19:05:56.738  4699  4890 V MediaScanner: pruneDeadThumbnailFiles... android.content.ContentProviderClient$CursorWrapperInner@72ba85a
12-31 19:05:56.750  4699  4890 V MediaScanner: /pruneDeadThumbnailFiles... android.content.ContentProviderClient$CursorWrapperInner@72ba85a
12-31 19:05:56.925  4926  4926 I CalendarDatabaseHelper: Bootstrapping database
12-31 19:05:56.963  4945  4945 I dex2oat : dex2oat took 735.398ms (threads: 4) arena alloc=5KB (5392B) java alloc=143KB (146744B) native alloc=946KB (969560B) free=1101KB (1127592B)
12-31 19:05:56.976  4699  4890 V MediaScanner: pruneDeadThumbnailFiles... android.content.ContentProviderClient$CursorWrapperInner@341d557
12-31 19:05:56.977  4699  4890 V MediaScanner: /pruneDeadThumbnailFiles... android.content.ContentProviderClient$CursorWrapperInner@341d557
12-31 19:05:56.988  1932  2331 D PackageManager: Renaming /data/app/vmdl1738526230.tmp to /data/app/com.topjohnwu.magisk-1
12-31 19:05:57.040  1932  2331 D PackageManager: installNewPackageLI: Package{622f4ce com.topjohnwu.magisk}
12-31 19:05:57.043  1932  4542 I ActivityManager: Killing 4699:android.process.media/u0a7 (adj 902): empty #2
12-31 19:05:57.101  1932  4353 D ActivityManager: cleanUpApplicationRecord -- 4699
12-31 19:05:57.163  4926  4926 I CalendarProvider2: Created com.android.providers.calendar.CalendarAlarmManager@547444d(com.android.providers.calendar.CalendarProvider2@6b5bb02)
12-31 19:05:57.195  1932  2331 I PackageManager: scan dirty com.topjohnwu.magisk cost:154
12-31 19:05:57.270  4926  4926 I CalendarUpgradeReceiver: Creating or opening calendar database
12-31 19:05:57.282  1932  4197 I PreBootBroadcaster: Pre-boot of {com.android.providers.contacts/com.android.providers.contacts.ContactsUpgradeReceiver} for user 0
12-31 19:05:57.323  4877  4882 I chatty  : uid=10011(com.google.android.gms) expire 3 lines
12-31 19:05:57.420  1932  2331 D PackageManager: New package installed in /data/app/com.topjohnwu.magisk-1
12-31 19:05:57.581  4877  4954 I chatty  : uid=10011(com.google.android.gms) expire 2 lines
12-31 19:05:57.595  1932  2331 V BackupManagerService: restoreAtInstall pkg=com.topjohnwu.magisk token=1 restoreSet=0
12-31 19:05:57.612  1932  2331 V BackupManagerService: Finishing install immediately
12-31 19:05:57.612  1932  2331 V PackageManager: BM finishing package install for 1
12-31 19:05:57.621  1932  4542 E SchedPolicy: add_tid_to_cgroup failed; fd=-1
12-31 19:05:57.621  1932  4542 W ActivityManager: Failed setting process group of 4877 to 0
12-31 19:05:57.802  1436  1436 E         : Couldn't opendir /data/app/vmdl1738526230.tmp: No such file or directory
12-31 19:05:57.832  4314  4314 E PhoneInterfaceManager: [PhoneIntfMgr] getCarrierPackageNamesForIntent: No UICC
12-31 19:05:57.833  4314  4314 D CarrierSvcBindHelper: No carrier app for: 0
12-31 19:05:57.839  4770  4770 D MediaBoxLauncher: resetShortcutScreen mode is 0
12-31 19:05:57.847  4314  4314 E PhoneInterfaceManager: [PhoneIntfMgr] getCarrierPackageNamesForIntent: No UICC
12-31 19:05:57.847  4314  4314 D CarrierSvcBindHelper: No carrier app for: 0
12-31 19:05:57.856  4770  4770 D MediaBoxLauncher: resetShortcutScreen mode is 0
12-31 19:05:57.866  1932  2313 E SchedPolicy: add_tid_to_cgroup failed; fd=-1
12-31 19:05:57.867  1932  2313 W ActivityManager: Failed setting process group of 4683 to 0
12-31 19:05:57.872  4314  4314 E PhoneInterfaceManager: [PhoneIntfMgr] getCarrierPackageNamesForIntent: No UICC
12-31 19:05:57.872  4314  4314 D CarrierSvcBindHelper: No carrier app for: 0
12-31 19:05:57.872  1932  2313 E SchedPolicy: add_tid_to_cgroup failed; fd=-1
12-31 19:05:57.873  1932  2313 W ActivityManager: Failed setting process group of 4683 to 1
12-31 19:05:57.874  4314  4314 D CarrierConfigLoader: mHandler: 9 phoneId: 0
12-31 19:05:57.901  4597  4597 I art     : System.exit called, status: 0
12-31 19:05:57.901  4597  4597 I AndroidRuntime: VM exiting with result code 0.
12-31 19:05:57.904  4770  4963 E LauncherActivityInfo: Unable to create badged icon for ActivityInfo{b08f027 com.topjohnwu.magisk.MainActivity}
12-31 19:05:57.956  4770  4770 D MediaBoxLauncher: resetShortcutScreen mode is 0
12-31 19:05:57.974  4770  4964 E LauncherActivityInfo: Unable to create badged icon for ActivityInfo{e154e35 com.topjohnwu.magisk.MainActivity}
12-31 19:05:57.999  4966  4966 I Magisk  : apk_install: Success 
12-31 19:05:58.182  4926  4926 I CalendarProvider2: Sending notification intent: Intent { act=android.intent.action.PROVIDER_CHANGED dat=content://com.android.calendar flg=0x20000000 }
12-31 19:05:58.183  4926  4926 W ContentResolver: Failed to get type for: content://com.android.calendar (Unknown URL content://com.android.calendar)
12-31 19:05:58.196  1932  4353 I ActivityManager: Killing 4895:com.android.managedprovisioning/u0a16 (adj 902): empty #2
12-31 19:05:58.239  1932  4197 E SchedPolicy: add_tid_to_cgroup failed; fd=-1
12-31 19:05:58.240  1932  4197 W ActivityManager: Failed setting process group of 4877 to 1
12-31 19:05:58.241  1932  2313 W VoiceInteractionManagerService: no available voice recognition services found for user 0
12-31 19:05:58.306  4877  4955 I chatty  : uid=10011(com.google.android.gms) expire 2 lines
12-31 19:05:58.320  1932  2309 W ActivityManager: Slow operation: 66ms so far, now at startProcess: returned from zygote!
12-31 19:05:58.320  1932  2309 W ActivityManager: Slow operation: 67ms so far, now at startProcess: done updating battery stats
12-31 19:05:58.321  1932  2309 W ActivityManager: Slow operation: 67ms so far, now at startProcess: building log message
12-31 19:05:58.321  1932  2309 I ActivityManager: Start proc 4977:android.process.acore/u0a1 for broadcast com.android.providers.contacts/.ContactsUpgradeReceiver
12-31 19:05:58.321  1932  2309 W ActivityManager: Slow operation: 67ms so far, now at startProcess: starting to update pids map
12-31 19:05:58.321  1932  2309 W ActivityManager: Slow operation: 67ms so far, now at startProcess: done updating pids map
12-31 19:05:58.321  1932  2309 W ActivityManager: Slow operation: 67ms so far, now at startProcess: done starting proc!
12-31 19:05:58.322  1932  4099 D ActivityManager: cleanUpApplicationRecord -- 4895
12-31 19:05:58.392  1932  4197 E SchedPolicy: add_tid_to_cgroup failed; fd=-1
12-31 19:05:58.393  1932  4197 W ActivityManager: Failed setting process group of 4977 to 0
12-31 19:05:58.493  4977  4977 W System  : ClassLoader referenced unknown path: /system/priv-app/ContactsProvider/lib/arm
12-31 19:05:58.978  1932  4197 E SchedPolicy: add_tid_to_cgroup failed; fd=-1
12-31 19:05:58.979  1932  4197 W ActivityManager: Failed setting process group of 4877 to 0
12-31 19:05:59.153  4977  4977 W System  : ClassLoader referenced unknown path: /system/priv-app/BlockedNumberProvider/lib/arm
12-31 19:05:59.241  4977  4977 W System  : ClassLoader referenced unknown path: /system/app/UserDictionaryProvider/lib/arm
12-31 19:05:59.274  4977  4977 D StrictMode: StrictMode policy violation; ~duration=435 ms: android.os.StrictMode$StrictModeDiskWriteViolation: policy=65565 violation=1
12-31 19:05:59.274  4977  4977 D StrictMode: 	at android.os.StrictMode$AndroidBlockGuardPolicy.onWriteToDisk(StrictMode.java:1253)
12-31 19:05:59.274  4977  4977 D StrictMode: 	at libcore.io.BlockGuardOs.mkdir(BlockGuardOs.java:173)
12-31 19:05:59.274  4977  4977 D StrictMode: 	at android.system.Os.mkdir(Os.java:282)
12-31 19:05:59.274  4977  4977 D StrictMode: 	at android.app.ContextImpl.ensurePrivateDirExists(ContextImpl.java:523)
12-31 19:05:59.274  4977  4977 D StrictMode: 	at android.app.ContextImpl.getPreferencesDir(ContextImpl.java:477)
12-31 19:05:59.274  4977  4977 D StrictMode: 	at android.app.ContextImpl.getSharedPreferencesPath(ContextImpl.java:655)
12-31 19:05:59.274  4977  4977 D StrictMode: 	at android.app.ContextImpl.getSharedPreferences(ContextImpl.java:354)
12-31 19:05:59.274  4977  4977 D StrictMode: 	at android.content.ContextWrapper.getSharedPreferences(ContextWrapper.java:164)
12-31 19:05:59.274  4977  4977 D StrictMode: 	at android.preference.PreferenceManager.getDefaultSharedPreferences(PreferenceManager.java:487)
12-31 19:05:59.274  4977  4977 D StrictMode: 	at com.android.providers.contacts.FastScrollingIndexCache.getInstance(FastScrollingIndexCache.java:95)
12-31 19:05:59.274  4977  4977 D StrictMode: 	at com.android.providers.contacts.ContactsProvider2.initialize(ContactsProvider2.java:1581)
12-31 19:05:59.274  4977  4977 D StrictMode: 	at com.android.providers.contacts.ContactsProvider2.onCreate(ContactsProvider2.java:1556)
12-31 19:05:59.274  4977  4977 D StrictMode: 	at android.content.ContentProvider.attachInfo(ContentProvider.java:1751)
12-31 19:05:59.274  4977  4977 D StrictMode: 	at android.content.ContentProvider.attachInfo(ContentProvider.java:1726)
12-31 19:05:59.274  4977  4977 D StrictMode: 	at android.app.ActivityThread.installProvider(ActivityThread.java:5811)
12-31 19:05:59.274  4977  4977 D StrictMode: 	at android.app.ActivityThread.installContentProviders(ActivityThread.java:5403)
12-31 19:05:59.274  4977  4977 D StrictMode: 	at android.app.ActivityThread.handleBindApplication(ActivityThread.java:5342)
12-31 19:05:59.274  4977  4977 D StrictMode: 	at android.app.ActivityThread.-wrap2(ActivityThread.java)
12-31 19:05:59.274  4977  4977 D StrictMode: 	at android.app.ActivityThread$H.handleMessage(ActivityThread.java:1528)
12-31 19:05:59.274  4977  4977 D StrictMode: 	at android.os.Handler.dispatchMessage(Handler.java:102)
12-31 19:05:59.274  4977  4977 D StrictMode: 	at android.os.Looper.loop(Looper.java:154)
12-31 19:05:59.274  4977  4977 D StrictMode: 	at android.app.ActivityThread.main(ActivityThread.java:6077)
12-31 19:05:59.274  4977  4977 D StrictMode: 	at java.lang.reflect.Method.invoke(Native Method)
12-31 19:05:59.274  4977  4977 D StrictMode: 	at com.android.internal.os.ZygoteInit$MethodAndArgsCaller.run(ZygoteInit.java:915)
12-31 19:05:59.274  4977  4977 D StrictMode: 	at com.android.internal.os.ZygoteInit.main(ZygoteInit.java:805)
12-31 19:05:59.274  4977  4977 D StrictMode: StrictMode policy violation; ~duration=432 ms: android.os.StrictMode$StrictModeDiskWriteViolation: policy=65565 violation=1
12-31 19:05:59.274  4977  4977 D StrictMode: 	at android.os.StrictMode$AndroidBlockGuardPolicy.onWriteToDisk(StrictMode.java:1253)
12-31 19:05:59.274  4977  4977 D StrictMode: 	at libcore.io.BlockGuardOs.chmod(BlockGuardOs.java:73)
12-31 19:05:59.274  4977  4977 D StrictMode: 	at android.system.Os.chmod(Os.java:68)
12-31 19:05:59.274  4977  4977 D StrictMode: 	at android.app.ContextImpl.ensurePrivateDirExists(ContextImpl.java:524)
12-31 19:05:59.274  4977  4977 D StrictMode: 	at android.app.ContextImpl.getPreferencesDir(ContextImpl.java:477)
12-31 19:05:59.274  4977  4977 D StrictMode: 	at android.app.ContextImpl.getSharedPreferencesPath(ContextImpl.java:655)
12-31 19:05:59.274  4977  4977 D StrictMode: 	at android.app.ContextImpl.getSharedPreferences(ContextImpl.java:354)
12-31 19:05:59.274  4977  4977 D StrictMode: 	at android.content.ContextWrapper.getSharedPreferences(ContextWrapper.java:164)
12-31 19:05:59.274  4977  4977 D StrictMode: 	at android.preference.PreferenceManager.getDefaultSharedPreferences(PreferenceManager.java:487)
12-31 19:05:59.274  4977  4977 D StrictMode: 	at com.android.providers.contacts.FastScrollingIndexCache.getInstance(FastScrollingIndexCache.java:95)
12-31 19:05:59.274  4977  4977 D StrictMode: 	at com.android.providers.contacts.ContactsProvider2.initialize(ContactsProvider2.java:1581)
12-31 19:05:59.274  4977  4977 D StrictMode: 	at com.android.providers.contacts.ContactsProvider2.onCreate(ContactsProvider2.java:1556)
12-31 19:05:59.274  4977  4977 D StrictMode: 	at android.content.ContentProvider.attachInfo(ContentProvider.java:1751)
12-31 19:05:59.274  4977  4977 D StrictMode: 	at android.content.ContentProvider.attachInfo(ContentProvider.java:1726)
12-31 19:05:59.274  4977  4977 D StrictMode: 	at android.app.ActivityThread.installProvider(ActivityThread.java:5811)
12-31 19:05:59.274  4977  4977 D StrictMode: 	at android.app.ActivityThread.installContentProviders(ActivityThread.java:5403)
12-31 19:05:59.274  4977  4977 D StrictMode: 	at android.app.ActivityThread.handleBindApplication(ActivityThread.java:5342)
12-31 19:05:59.274  4977  4977 D StrictMode: 	at android.app.ActivityThread.-wrap2(ActivityThread.java)
12-31 19:05:59.274  4977  4977 D StrictMode: 	at android.app.ActivityThread$H.handleMessage(ActivityThread.java:1528)
12-31 19:05:59.274  4977  4977 D StrictMode: 	at android.os.Handler.dispatchMessage(Handler.java:102)
12-31 19:05:59.274  4977  4977 D StrictMode: 	at android.os.Looper.loop(Looper.java:154)
12-31 19:05:59.274  4977  4977 D StrictMode: 	at android.app.ActivityThread.main(ActivityThread.java:6077)
12-31 19:05:59.274  4977  4977 D StrictMode: 	at java.lang.reflect.Method.invoke(Native Method)
12-31 19:05:59.274  4977  4977 D StrictMode: 	at com.android.internal.os.ZygoteInit$MethodAndArgsCaller.run(ZygoteInit.java:915)
12-31 19:05:59.274  4977  4977 D StrictMode: 	at com.android.internal.os.ZygoteInit.main(ZygoteInit.java:805)
12-31 19:05:59.343  4977  4977 I ContactsUpgradeReceiver: Creating or opening contacts database
12-31 19:05:59.348  4977  5003 I ContactsDatabaseHelper: Bootstrapping database version: 1111
12-31 19:05:59.531  4643  5008 I chatty  : uid=10011(com.google.android.gms) lowpool[1] expire 1 line
12-31 19:05:59.540  4643  4996 I chatty  : uid=10011(com.google.android.gms) GeofencerStateM expire 2 lines
12-31 19:05:59.552  4643  4962 I chatty  : uid=10011(com.google.android.gms) FlpThread expire 1 line
12-31 19:05:59.761  4973  4973 D AndroidRuntime: >>>>>> START com.android.internal.os.RuntimeInit uid 0 <<<<<<
12-31 19:05:59.773  4973  4973 D AndroidRuntime: CheckJNI is OFF
12-31 19:05:59.806  4643  5013 I chatty  : uid=10011(com.google.android.gms) GoogleLocationS expire 1 line
12-31 19:05:59.932  4973  4973 D ICU     : No timezone override file found: /data/misc/zoneinfo/current/icu/icu_tzdata.dat
12-31 19:06:00.020  4877  4953 I chatty  : uid=10011(com.google.android.gms) expire 1 line
12-31 19:06:00.064  5022  5022 I dex2oat : /system/bin/dex2oat --dex-file=/system/framework/am.jar --oat-fd=9 --oat-location=/data/dalvik-cache/arm/system@framework@am.jar@classes.dex --compiler-filter=speed
12-31 19:06:00.083  1932  4353 E SchedPolicy: add_tid_to_cgroup failed; fd=-1
12-31 19:06:00.083  1932  4353 W ActivityManager: Failed setting process group of 4789 to 0
12-31 19:06:00.095  1932  2309 E SchedPolicy: add_tid_to_cgroup failed; fd=-1
12-31 19:06:00.096  1932  2309 W ActivityManager: Failed setting process group of 4789 to 1
12-31 19:06:00.135  1932  4542 E SchedPolicy: add_tid_to_cgroup failed; fd=-1
12-31 19:06:00.136  1932  4542 W ActivityManager: Failed setting process group of 4789 to 0
12-31 19:06:00.150  1932  2310 E SchedPolicy: add_tid_to_cgroup failed; fd=-1
12-31 19:06:00.151  1932  2310 W ActivityManager: Failed setting process group of 4789 to 1
12-31 19:06:00.192  1932  4958 E SchedPolicy: add_tid_to_cgroup failed; fd=-1
12-31 19:06:00.193  1932  4958 W ActivityManager: Failed setting process group of 4789 to 0
12-31 19:06:00.284  1932  4957 E SchedPolicy: add_tid_to_cgroup failed; fd=-1
12-31 19:06:00.284  1932  4957 W ActivityManager: Failed setting process group of 4789 to 1
12-31 19:06:00.384  1932  4353 E SchedPolicy: add_tid_to_cgroup failed; fd=-1
12-31 19:06:00.385  1932  4353 W ActivityManager: Failed setting process group of 4789 to 0
12-31 19:06:00.388  1932  2310 E SchedPolicy: add_tid_to_cgroup failed; fd=-1
12-31 19:06:00.389  1932  2310 W ActivityManager: Failed setting process group of 4789 to 1
12-31 19:06:00.400  4643  5040 I chatty  : uid=10011 com.google.android.gms.persistent expire 2 lines
12-31 19:06:00.410  1932  2309 E SchedPolicy: add_tid_to_cgroup failed; fd=-1
12-31 19:06:00.411  1932  2309 W ActivityManager: Failed setting process group of 4789 to 0
12-31 19:06:00.441  1932  4099 E SchedPolicy: add_tid_to_cgroup failed; fd=-1
12-31 19:06:00.441  1932  4099 W ActivityManager: Failed setting process group of 4789 to 1
12-31 19:06:00.489  1932  2309 E SchedPolicy: add_tid_to_cgroup failed; fd=-1
12-31 19:06:00.489  1932  2309 W ActivityManager: Failed setting process group of 4789 to 0
12-31 19:06:00.495  1932  4542 E SchedPolicy: add_tid_to_cgroup failed; fd=-1
12-31 19:06:00.496  1932  4542 W ActivityManager: Failed setting process group of 4789 to 1
12-31 19:06:00.526  1932  2309 E SchedPolicy: add_tid_to_cgroup failed; fd=-1
12-31 19:06:00.527  1932  2309 W ActivityManager: Failed setting process group of 4789 to 0
12-31 19:06:00.566  1932  4099 E SchedPolicy: add_tid_to_cgroup failed; fd=-1
12-31 19:06:00.566  1932  4099 W ActivityManager: Failed setting process group of 4789 to 1
12-31 19:06:00.608  1932  4542 E SchedPolicy: add_tid_to_cgroup failed; fd=-1
12-31 19:06:00.608  1932  4542 W ActivityManager: Failed setting process group of 4789 to 0
12-31 19:06:00.628  4877  5045 I chatty  : uid=10011(com.google.android.gms) expire 1 line
12-31 19:06:00.706  1932  2309 E SchedPolicy: add_tid_to_cgroup failed; fd=-1
12-31 19:06:00.707  1932  2309 W ActivityManager: Failed setting process group of 4789 to 1
12-31 19:06:00.740  4877  4953 I Auth    : [AuthDelegateWrapper] Service intent: Intent { cmp=com.google.android.gms/.auth.account.authenticator.DefaultAuthDelegateService }.
12-31 19:06:00.765  5022  5022 I dex2oat : dex2oat took 703.523ms (threads: 4) arena alloc=1305KB (1336832B) java alloc=140KB (144072B) native alloc=1304KB (1335640B) free=3MB (3382952B)
12-31 19:06:00.771  4877  4953 I Auth    : [AuthDelegateWrapper] Service intent: Intent { cmp=com.google.android.gms/.auth.account.authenticator.DefaultAuthDelegateService }.
12-31 19:06:00.788  1932  4542 E SchedPolicy: add_tid_to_cgroup failed; fd=-1
12-31 19:06:00.788  1932  4542 W ActivityManager: Failed setting process group of 4789 to 0
12-31 19:06:00.791  1932  4958 E SchedPolicy: add_tid_to_cgroup failed; fd=-1
12-31 19:06:00.791  1932  4958 W ActivityManager: Failed setting process group of 4789 to 1
12-31 19:06:00.795  4977  5003 I ContactsProviderV1: Bootstrapping database legacy support
12-31 19:06:00.801  4877  5052 E ConfigFileUtils: Failed to read config file: /data/user/0/com.google.android.gms/app_chimera/current_fileapks.pb (No such file or directory)
12-31 19:06:00.816  1932  2310 E SchedPolicy: add_tid_to_cgroup failed; fd=-1
12-31 19:06:00.817  1932  2310 W ActivityManager: Failed setting process group of 4789 to 0
12-31 19:06:00.822  4877  5052 E ConfigFileUtils: Failed to read config file: /data/user/0/com.google.android.gms/app_chimera/current_fileapks.pb (No such file or directory)
12-31 19:06:00.836  1932  4542 E SchedPolicy: add_tid_to_cgroup failed; fd=-1
12-31 19:06:00.836  1932  4542 W ActivityManager: Failed setting process group of 4789 to 1
12-31 19:06:00.857  4973  4973 E memtrack: Couldn't load memtrack module (No such file or directory)
12-31 19:06:00.857  4973  4973 E android.os.Debug: failed to load memtrack module: -2
12-31 19:06:00.861  4973  4973 I Radio-JNI: register_android_hardware_Radio DONE
12-31 19:06:00.884  1932  4197 E SchedPolicy: add_tid_to_cgroup failed; fd=-1
12-31 19:06:00.885  1932  4197 W ActivityManager: Failed setting process group of 4789 to 0
12-31 19:06:00.924  4877  4954 I GoogleURLConnFactory: Using platform SSLCertificateSocketFactory
12-31 19:06:00.939  1932  2310 E SchedPolicy: add_tid_to_cgroup failed; fd=-1
12-31 19:06:00.940  1932  2310 W ActivityManager: Failed setting process group of 4789 to 1
12-31 19:06:00.947  4973  4973 D AndroidRuntime: Calling main entry com.android.commands.am.Am
12-31 19:06:00.959  4877  4954 E BaseAppContext: Tried to stop global GMSCore RequestQueue. This is likely unintended, so ignoring.
12-31 19:06:01.002  4877  4954 I CryptAuthSync: [DeviceStateSyncManager] First time initialization of DeviceStateSyncManager.
12-31 19:06:01.108  4643  4643 W System  : ClassLoader referenced unknown path: 
12-31 19:06:01.108  4643  4643 W System  : ClassLoader referenced unknown path: /system/priv-app/PrebuiltGmsCore/lib/arm
12-31 19:06:01.113  4643  4643 W DynamiteLoaderImpl: Failed to load module version: module com.google.android.gms.googlecertificates not found
12-31 19:06:01.113  4643  4643 I DynamiteModule: Considering local module com.google.android.gms.googlecertificates:2 and remote module com.google.android.gms.googlecertificates:0
12-31 19:06:01.113  4643  4643 I DynamiteModule: Selected local version of com.google.android.gms.googlecertificates
12-31 19:06:01.153  4643  5062 W InstanceID/Rpc: Found 10011
