12-31 19:05:44.359  1932  3246 D VoldConnector: RCV <- {651 public:8_1 1}
12-31 19:05:44.359  1365  1600 V vold    :     -c
12-31 19:05:44.359  1365  1600 V vold    :     /dev/null
12-31 19:05:44.359  1365  1600 V vold    :     -s
12-31 19:05:44.359  1365  1600 V vold    :     TYPE
12-31 19:05:44.359  1365  1600 V vold    :     -s
12-31 19:05:44.359  1365  1600 V vold    :     UUID
12-31 19:05:44.359  1365  1600 V vold    :     -s
12-31 19:05:44.359  1365  1600 V vold    :     LABEL
12-31 19:05:44.359  1365  1600 V vold    :     /dev/block/vold/public:8_1
12-31 19:05:44.461  1441  1441 I MediaPlayerService: MediaPlayerService::getOMX
12-31 19:05:44.462  1441  1441 I OMXClient: MuxOMX ctor
12-31 19:05:44.483  1441  1441 I MediaPlayerService: MediaPlayerService::getOMX
12-31 19:05:44.484  1441  1441 I OMXClient: MuxOMX ctor
12-31 19:05:44.485  1438  1446 I chatty  : uid=1046(mediacodec) Binder:1438_1 expire 36 lines
12-31 19:05:44.492  1441  1441 I MediaPlayerService: MediaPlayerService::getOMX
12-31 19:05:44.493  1441  1441 I OMXClient: MuxOMX ctor
12-31 19:05:44.493  1438  4172 I chatty  : uid=1046(mediacodec) Binder:1438_2 expire 27 lines
12-31 19:05:44.506  1365  1600 V vold    : /dev/block/vold/public:8_1: UUID="30F9-704A" TYPE="vfat" 
12-31 19:05:44.506  1365  1600 V vold    : 
12-31 19:05:44.508  1365  1600 V vold    : /system/bin/fsck_msdos
12-31 19:05:44.508  1365  1600 V vold    :     -p
12-31 19:05:44.508  1365  1600 V vold    :     -f
12-31 19:05:44.508  1365  1600 V vold    :     /dev/block/vold/public:8_1
12-31 19:05:44.509  1932  3246 D VoldConnector: RCV <- {652 public:8_1 vfat}
12-31 19:05:44.510  1932  3246 D VoldConnector: RCV <- {653 public:8_1 30F9-704A}
12-31 19:05:44.511  1932  3246 D VoldConnector: RCV <- {654 public:8_1 }
12-31 19:05:44.527  1441  1441 I MediaPlayerService: MediaPlayerService::getOMX
12-31 19:05:44.528  1441  1441 I OMXClient: MuxOMX ctor
12-31 19:05:44.580  1365  1600 I fsck_msdos: ** /dev/block/vold/public:8_1
12-31 19:05:44.582  1365  1600 I fsck_msdos: the udisk capacity is 13111*512,the NumSectors is 26875905,the NumClusters is 1678105
12-31 19:05:44.582  1365  1600 I fsck_msdos: ** Phase 1 - Read FAT (compare skipped)
12-31 19:05:44.582  1365  1600 I fsck_msdos: Attempting to allocate 6555 KB for FAT
12-31 19:05:44.636  1441  1441 I MediaPlayerService: MediaPlayerService::getOMX
12-31 19:05:44.637  1441  1441 I OMXClient: MuxOMX ctor
12-31 19:05:44.677  1932  1932 E NetdConnector: NDC Command {7 bandwidth enable} took too long (676ms)
12-31 19:05:44.677  1386  1842 D WifiHW  : Eneter: wifi_change_fw_path, fwpath = STA.
12-31 19:05:44.677  1386  1842 D SoftapController: Softap fwReload - Ok
12-31 19:05:44.747  4079  4079 I LatinIME: Hardware accelerated drawing: true
12-31 19:05:44.748  1441  1441 I MediaPlayerService: MediaPlayerService::getOMX
12-31 19:05:44.751  1441  1441 I OMXClient: MuxOMX ctor
12-31 19:05:44.788  4113  4113 V SystemUIService: Starting SystemUI services for user 0.
12-31 19:05:44.865  1386  1842 D CommandListener: Setting iface cfg
12-31 19:05:44.866  1386  1842 D CommandListener: Trying to bring down wlan0
12-31 19:05:44.871  1386  1842 D CommandListener: Clearing all IP addresses on wlan0
12-31 19:05:44.872  1441  1441 I MediaPlayerService: MediaPlayerService::getOMX
12-31 19:05:44.879  1441  1441 I OMXClient: MuxOMX ctor
12-31 19:05:44.881  4113  4113 V MediaRouter: Adding route: RouteInfo{ name=Phone, description=null, status=null, category=RouteCategory{ name=null types=ROUTE_TYPE_LIVE_AUDIO ROUTE_TYPE_LIVE_VIDEO  groupable=false }, supportedTypes=ROUTE_TYPE_LIVE_AUDIO ROUTE_TYPE_LIVE_VIDEO , presentationDisplay=null }
12-31 19:05:44.906  4113  4113 V MediaRouter: Updating audio routes: AudioRoutesInfo{ type=SPEAKER }
12-31 19:05:44.911  4113  4113 V MediaRouter: Selecting route: RouteInfo{ name=Phone, description=null, status=null, category=RouteCategory{ name=null types=ROUTE_TYPE_LIVE_AUDIO ROUTE_TYPE_LIVE_VIDEO  groupable=false }, supportedTypes=ROUTE_TYPE_LIVE_AUDIO ROUTE_TYPE_LIVE_VIDEO , presentationDisplay=null }
12-31 19:05:45.018  1441  1441 I MediaPlayerService: MediaPlayerService::getOMX
12-31 19:05:45.019  1441  1441 I OMXClient: MuxOMX ctor
12-31 19:05:45.037  1441  1441 I MediaPlayerService: MediaPlayerService::getOMX
12-31 19:05:45.039  1441  1441 I OMXClient: MuxOMX ctor
12-31 19:05:45.088  1441  1441 I MediaPlayerService: MediaPlayerService::getOMX
12-31 19:05:45.090  1441  1441 I OMXClient: MuxOMX ctor
12-31 19:05:45.118  1441  1441 I MediaPlayerService: MediaPlayerService::getOMX
12-31 19:05:45.120  1441  1441 I OMXClient: MuxOMX ctor
12-31 19:05:45.147  1441  1441 I MediaPlayerService: MediaPlayerService::getOMX
12-31 19:05:45.149  1441  1441 I OMXClient: MuxOMX ctor
12-31 19:05:45.155  1365  1600 I fsck_msdos: ** Phase 2 - Check Cluster Chains
12-31 19:05:45.168  1932  1932 I NetworkPolicy: adding default package com.android.providers.downloads (uid 10007 for user 0) to restrict background whitelist
12-31 19:05:45.168  1932  1932 I NetworkPolicy: adding default package com.google.android.gms (uid 10011 for user 0) to restrict background whitelist
12-31 19:05:45.236  1365  1600 I fsck_msdos: ** Phase 3 - Checking Directories
12-31 19:05:45.252  4079  4079 W InputAttributes: No editor info for this field. Bug?
12-31 19:05:45.254  1365  1600 I fsck_msdos: ** Phase 4 - Checking for Lost Files
12-31 19:05:45.288  1365  1600 I fsck_msdos: Next free cluster in FSInfo block (247794) not free
12-31 19:05:45.288  1365  1600 I fsck_msdos: FIXED
12-31 19:05:45.289  1365  1600 I fsck_msdos: 22 files, 3053880 free (1430311 clusters)
12-31 19:05:45.309  1441  1441 I MediaPlayerService: MediaPlayerService::getOMX
12-31 19:05:45.310  1441  1441 I OMXClient: MuxOMX ctor
12-31 19:05:45.385  1932  2310 E SchedPolicy: add_tid_to_cgroup failed; fd=-1
12-31 19:05:45.385  1932  2310 W ActivityManager: Failed setting process group of 4079 to 0
12-31 19:05:45.435  4079  4226 I LatinIME:LogUtils: Dictionary info: dictionary = userunigram.en_US ; version = 345 ; date = ?
12-31 19:05:45.437  4079  4226 E ActivityThread: Failed to find provider info for user_dictionary
12-31 19:05:45.442  4079  4226 I LatinIME:LogUtils: Dictionary info: dictionary = UserHistoryDictionary.en_US ; version = 345 ; date = ?
12-31 19:05:45.449  1441  1441 I MediaPlayerService: MediaPlayerService::getOMX
12-31 19:05:45.451  1441  1441 I OMXClient: MuxOMX ctor
12-31 19:05:45.456  1932  1932 D NetworkPolicy: setRestrictBackgroundLocked(): false
12-31 19:05:45.475  1441  1441 W ACodec  : [OMX.allwinner.video.decoder.avc] stopping checking profiles after 32: 8/1
12-31 19:05:45.476  1441  1441 W ACodec  : do not know color format 0x7f000001 = 2130706433
12-31 19:05:45.477  1438  4235 I chatty  : uid=1046(mediacodec) expire 3 lines
12-31 19:05:45.477  1438  4236 I chatty  : uid=1046(mediacodec) expire 4 lines
12-31 19:05:45.481  1441  1441 I MediaPlayerService: MediaPlayerService::getOMX
12-31 19:05:45.481  1441  1441 I OMXClient: MuxOMX ctor
12-31 19:05:45.495  1441  1441 W ACodec  : [OMX.allwinner.video.decoder.avc.secure] stopping checking profiles after 32: 8/1
12-31 19:05:45.496  1441  1441 W ACodec  : do not know color format 0x7f000001 = 2130706433
12-31 19:05:45.498  1438  4239 I chatty  : uid=1046(mediacodec) expire 3 lines
12-31 19:05:45.498  1438  4240 I chatty  : uid=1046(mediacodec) expire 4 lines
12-31 19:05:45.501  1441  1441 I MediaPlayerService: MediaPlayerService::getOMX
12-31 19:05:45.502  1441  1441 I OMXClient: MuxOMX ctor
12-31 19:05:45.509  1441  1441 W ACodec  : do not know color format 0x7f000001 = 2130706433
12-31 19:05:45.512  1438  4242 I chatty  : uid=1046(mediacodec) expire 3 lines
12-31 19:05:45.513  1438  4243 I chatty  : uid=1046(mediacodec) expire 4 lines
12-31 19:05:45.516  1441  1441 I MediaPlayerService: MediaPlayerService::getOMX
12-31 19:05:45.517  4199  4199 I wpa_supplicant: Successfully initialized wpa_supplicant
12-31 19:05:45.517  1441  1441 I OMXClient: MuxOMX ctor
12-31 19:05:45.523  4199  4199 I wpa_supplicant: rfkill: Cannot open RFKILL control device
12-31 19:05:45.528  1438  4172 D cedarc  : <VeInitialize:956>: *** nPhyOffset = 40000000
12-31 19:05:45.528  1438  4172 D cedarc  : <VeInitialize:1006>: *** set ve freq to 420 Mhz ***
12-31 19:05:45.528  1438  4172 D omx_vdec_new: <omx_vdec:605>: ** nPhyOffset = 40000000
12-31 19:05:45.528  1438  4172 D cedarc  : <CdcMessageQueueCreate:47>: nMessageSize = 20
12-31 19:05:45.528  1438  4172 D cedarc  : <CdcMessageQueueCreate:47>: nMessageSize = 20
12-31 19:05:45.528  1438  4172 D omx_vdec_new: <component_init:823>: (f:component_init, l:823) name = OMX.allwinner.video.decoder.mjpeg
12-31 19:05:45.540  1438  1438 W omx_vdec_new: <get_parameter:1548>: OMX_IndexParamVideoProfileLevelQuerySupported, Format[0x8] not support
12-31 19:05:45.540  1438  1438 E OMXNodeInstance: getParameter(59e0012:allwinner.decoder.mjpeg, ParamVideoProfileLevelQuerySupported(0x600000f)) ERROR: BadParameter(0x80001005)
12-31 19:05:45.541  1441  1441 W ACodec  : do not know color format 0x7f000001 = 2130706433
12-31 19:05:45.542  1438  1438 E OMXNodeInstance: getExtensionIndex(59e0012:allwinner.decoder.mjpeg, OMX.google.android.index.configureVideoTunnelMode) ERROR: Undefined(0x80001001)
12-31 19:05:45.542  1438  4172 W OMXNodeInstance: [59e0012:allwinner.decoder.mjpeg] component does not support metadata mode; using fallback
12-31 19:05:45.543  1438  4245 D omx_vdec_new: <processThreadCommand:5807>:  stop command.
12-31 19:05:45.543  1438  4245 D omx_vdec_new: <processThreadCommand:5815>: (f:processThreadCommand, l:5815) wait for OMX_VdrvCommand_Stop
12-31 19:05:45.543  1438  4246 D omx_vdec_new: <processVdrvThreadCommand:5851>: (f:processVdrvThreadCommand, l:5851) ****** new vdrvThread receive cmd[0x3]
12-31 19:05:45.544  1438  4246 D omx_vdec_new: <processVdrvThreadCommand:5870>: (f:processVdrvThreadCommand, l:5870)(OMX_VdrvCommand_Stop)
12-31 19:05:45.544  1438  4246 D omx_vdec_new: <ComponentVdrvThread:6064>: vdrvThread detect nStopFlag[1], exit!
12-31 19:05:45.544  1438  4245 D omx_vdec_new: <processThreadCommand:5817>: (f:processThreadCommand, l:5817) wait for OMX_VdrvCommand_Stop done!
12-31 19:05:45.544  1438  4246 D omx_vdec_new: <ComponentVdrvThread:6100>: ***notify: exit the componentVdrvThread!
12-31 19:05:45.544  1438  1446 D omx_vdec_new: <component_deinit:3049>: (f:component_deinit, l:3049) two threads exit!
12-31 19:05:45.544  1438  1446 D omx_vdec_new: <~omx_vdec:814>: ~omx_dec done!
12-31 19:05:45.544  1438  1446 D cedarc  : <check_lib_unload:391>:  Unloading the dynamic library for OMX.allwinner.video.decoder.mjpeg
12-31 19:05:45.549  1441  1441 I MediaPlayerService: MediaPlayerService::getOMX
12-31 19:05:45.550  1441  1441 I OMXClient: MuxOMX ctor
12-31 19:05:45.550  1438  4172 I OMXMaster: makeComponentInstance(OMX.allwinner.video.decoder.mpeg1) in mediacodec process
12-31 19:05:45.555  1438  4172 D omx_vdec_new: <omx_vdec:477>: (f:omx_vdec, l:477) 
12-31 19:05:45.555  1438  4172 D omx_vdec_new: <omx_vdec:574>: ion open fd = 7
12-31 19:05:45.556  1438  4172 D cedarc  : <getVeAwOpsS:1582>: ***********3333 getVeAwOpsS************
12-31 19:05:45.556  1438  4172 D cedarc  : <VeInitialize:882>: *****************gVeEnvironmentInfo.nVeRefCount = 0
12-31 19:05:45.556  1438  4172 D cedarc  : <VeInitialize:895>: **********gVeEnvironmentInfo.nVeDriverFd = 8
12-31 19:05:45.556  1438  4172 D cedarc  : <VeInitialize:956>: *** nPhyOffset = 40000000
12-31 19:05:45.556  1438  4172 D cedarc  : <VeInitialize:1006>: *** set ve freq to 420 Mhz ***
12-31 19:05:45.556  1438  4172 D omx_vdec_new: <omx_vdec:605>: ** nPhyOffset = 40000000
12-31 19:05:45.556  1438  4172 D cedarc  : <CdcMessageQueueCreate:47>: nMessageSize = 20
12-31 19:05:45.556  1438  4172 D cedarc  : <CdcMessageQueueCreate:47>: nMessageSize = 20
12-31 19:05:45.556  1438  4172 D omx_vdec_new: <component_init:823>: (f:component_init, l:823) name = OMX.allwinner.video.decoder.mpeg1
12-31 19:05:45.560  1438  1438 W omx_vdec_new: <get_parameter:1548>: OMX_IndexParamVideoProfileLevelQuerySupported, Format[0x7f000002] not support
12-31 19:05:45.560  1438  1438 E OMXNodeInstance: getParameter(59e0013:allwinner.decoder.mpeg1, ParamVideoProfileLevelQuerySupported(0x600000f)) ERROR: BadParameter(0x80001005)
12-31 19:05:45.561  1441  1441 W ACodec  : do not know color format 0x7f000001 = 2130706433
12-31 19:05:45.563  1438  4172 E OMXNodeInstance: getExtensionIndex(59e0013:allwinner.decoder.mpeg1, OMX.google.android.index.configureVideoTunnelMode) ERROR: Undefined(0x80001001)
12-31 19:05:45.563  1438  1438 W OMXNodeInstance: [59e0013:allwinner.decoder.mpeg1] component does not support metadata mode; using fallback
12-31 19:05:45.564  1438  4250 D omx_vdec_new: <processThreadCommand:5807>:  stop command.
12-31 19:05:45.564  1438  4250 D omx_vdec_new: <processThreadCommand:5815>: (f:processThreadCommand, l:5815) wait for OMX_VdrvCommand_Stop
12-31 19:05:45.564  1438  4251 D omx_vdec_new: <processVdrvThreadCommand:5851>: (f:processVdrvThreadCommand, l:5851) ****** new vdrvThread receive cmd[0x3]
12-31 19:05:45.564  1438  4251 D omx_vdec_new: <processVdrvThreadCommand:5870>: (f:processVdrvThreadCommand, l:5870)(OMX_VdrvCommand_Stop)
12-31 19:05:45.564  1438  4251 D omx_vdec_new: <ComponentVdrvThread:6064>: vdrvThread detect nStopFlag[1], exit!
12-31 19:05:45.564  1438  4251 D omx_vdec_new: <ComponentVdrvThread:6100>: ***notify: exit the componentVdrvThread!
12-31 19:05:45.567  1438  4250 D omx_vdec_new: <processThreadCommand:5817>: (f:processThreadCommand, l:5817) wait for OMX_VdrvCommand_Stop done!
12-31 19:05:45.567  1438  1438 D omx_vdec_new: <component_deinit:3049>: (f:component_deinit, l:3049) two threads exit!
12-31 19:05:45.567  1438  1438 D omx_vdec_new: <~omx_vdec:814>: ~omx_dec done!
12-31 19:05:45.567  1438  1438 D cedarc  : <check_lib_unload:391>:  Unloading the dynamic library for OMX.allwinner.video.decoder.mpeg1
12-31 19:05:45.571  1441  1441 I MediaPlayerService: MediaPlayerService::getOMX
12-31 19:05:45.573  1441  1441 I OMXClient: MuxOMX ctor
12-31 19:05:45.573  1438  1446 I OMXMaster: makeComponentInstance(OMX.allwinner.video.decoder.mpeg2) in mediacodec process
12-31 19:05:45.576  1438  1446 D omx_vdec_new: <omx_vdec:477>: (f:omx_vdec, l:477) 
12-31 19:05:45.576  1438  1446 D omx_vdec_new: <omx_vdec:574>: ion open fd = 7
12-31 19:05:45.576  1438  1446 D cedarc  : <getVeAwOpsS:1582>: ***********3333 getVeAwOpsS************
12-31 19:05:45.576  1438  1446 D cedarc  : <VeInitialize:882>: *****************gVeEnvironmentInfo.nVeRefCount = 0
12-31 19:05:45.576  1438  1446 D cedarc  : <VeInitialize:895>: **********gVeEnvironmentInfo.nVeDriverFd = 8
12-31 19:05:45.577  1438  1446 D cedarc  : <VeInitialize:956>: *** nPhyOffset = 40000000
12-31 19:05:45.577  1438  1446 D cedarc  : <VeInitialize:1006>: *** set ve freq to 420 Mhz ***
12-31 19:05:45.577  1438  1446 D omx_vdec_new: <omx_vdec:605>: ** nPhyOffset = 40000000
12-31 19:05:45.577  1438  1446 D cedarc  : <CdcMessageQueueCreate:47>: nMessageSize = 20
12-31 19:05:45.577  1438  1446 D cedarc  : <CdcMessageQueueCreate:47>: nMessageSize = 20
12-31 19:05:45.577  1438  1446 D omx_vdec_new: <component_init:823>: (f:component_init, l:823) name = OMX.allwinner.video.decoder.mpeg2
12-31 19:05:45.580  1438  4172 W omx_vdec_new: <get_parameter:1548>: OMX_IndexParamVideoProfileLevelQuerySupported, Format[0x2] not support
12-31 19:05:45.580  1438  4172 E OMXNodeInstance: getParameter(59e0014:allwinner.decoder.mpeg2, ParamVideoProfileLevelQuerySupported(0x600000f)) ERROR: BadParameter(0x80001005)
12-31 19:05:45.584  1441  1441 W ACodec  : do not know color format 0x7f000001 = 2130706433
12-31 19:05:45.588  1438  1438 E OMXNodeInstance: getExtensionIndex(59e0014:allwinner.decoder.mpeg2, OMX.google.android.index.configureVideoTunnelMode) ERROR: Undefined(0x80001001)
12-31 19:05:45.589  1438  4172 W OMXNodeInstance: [59e0014:allwinner.decoder.mpeg2] component does not support metadata mode; using fallback
12-31 19:05:45.590  1438  4253 D omx_vdec_new: <processThreadCommand:5807>:  stop command.
12-31 19:05:45.590  1438  4254 D omx_vdec_new: <processVdrvThreadCommand:5851>: (f:processVdrvThreadCommand, l:5851) ****** new vdrvThread receive cmd[0x3]
12-31 19:05:45.590  1438  4254 D omx_vdec_new: <processVdrvThreadCommand:5870>: (f:processVdrvThreadCommand, l:5870)(OMX_VdrvCommand_Stop)
12-31 19:05:45.590  1438  4254 D omx_vdec_new: <ComponentVdrvThread:6064>: vdrvThread detect nStopFlag[1], exit!
12-31 19:05:45.591  1438  4254 D omx_vdec_new: <ComponentVdrvThread:6100>: ***notify: exit the componentVdrvThread!
12-31 19:05:45.591  1438  4253 D omx_vdec_new: <processThreadCommand:5815>: (f:processThreadCommand, l:5815) wait for OMX_VdrvCommand_Stop
12-31 19:05:45.610  1438  4253 D omx_vdec_new: <processThreadCommand:5817>: (f:processThreadCommand, l:5817) wait for OMX_VdrvCommand_Stop done!
12-31 19:05:45.611  1438  1446 D omx_vdec_new: <component_deinit:3049>: (f:component_deinit, l:3049) two threads exit!
12-31 19:05:45.611  1438  1446 D omx_vdec_new: <~omx_vdec:814>: ~omx_dec done!
12-31 19:05:45.611  1438  1446 D cedarc  : <check_lib_unload:391>:  Unloading the dynamic library for OMX.allwinner.video.decoder.mpeg2
12-31 19:05:45.614  1441  1441 I MediaPlayerService: MediaPlayerService::getOMX
12-31 19:05:45.615  1441  1441 I OMXClient: MuxOMX ctor
12-31 19:05:45.615  1438  1438 I OMXMaster: makeComponentInstance(OMX.allwinner.video.decoder.mpeg4) in mediacodec process
12-31 19:05:45.619  1438  1438 D omx_vdec_new: <omx_vdec:477>: (f:omx_vdec, l:477) 
12-31 19:05:45.619  1438  1438 D omx_vdec_new: <omx_vdec:574>: ion open fd = 7
12-31 19:05:45.619  1438  1438 D cedarc  : <getVeAwOpsS:1582>: ***********3333 getVeAwOpsS************
12-31 19:05:45.620  1438  1438 D cedarc  : <VeInitialize:882>: *****************gVeEnvironmentInfo.nVeRefCount = 0
12-31 19:05:45.620  1438  1438 D cedarc  : <VeInitialize:895>: **********gVeEnvironmentInfo.nVeDriverFd = 8
12-31 19:05:45.620  1438  1438 D cedarc  : <VeInitialize:956>: *** nPhyOffset = 40000000
12-31 19:05:45.620  1438  1438 D cedarc  : <VeInitialize:1006>: *** set ve freq to 420 Mhz ***
12-31 19:05:45.620  1438  1438 D omx_vdec_new: <omx_vdec:605>: ** nPhyOffset = 40000000
12-31 19:05:45.620  1438  1438 D cedarc  : <CdcMessageQueueCreate:47>: nMessageSize = 20
12-31 19:05:45.620  1438  1438 D cedarc  : <CdcMessageQueueCreate:47>: nMessageSize = 20
12-31 19:05:45.620  1438  1438 D omx_vdec_new: <component_init:823>: (f:component_init, l:823) name = OMX.allwinner.video.decoder.mpeg4
12-31 19:05:45.630  1438  4172 W omx_vdec_new: <get_parameter:1556>: pParamProfileLevel->nProfileIndex[0xf] error!
12-31 19:05:45.631  1438  4172 E OMXNodeInstance: getParameter(59e0015:allwinner.decoder.mpeg4, ParamVideoProfileLevelQuerySupported(0x600000f)) ERROR: BadParameter(0x80001005)
12-31 19:05:45.632  1441  1441 W ACodec  : do not know color format 0x7f000001 = 2130706433
12-31 19:05:45.633  1438  1438 E OMXNodeInstance: getExtensionIndex(59e0015:allwinner.decoder.mpeg4, OMX.google.android.index.configureVideoTunnelMode) ERROR: Undefined(0x80001001)
12-31 19:05:45.633  1438  4172 W OMXNodeInstance: [59e0015:allwinner.decoder.mpeg4] component does not support metadata mode; using fallback
12-31 19:05:45.634  1438  4257 D omx_vdec_new: <processThreadCommand:5807>:  stop command.
12-31 19:05:45.634  1438  4257 D omx_vdec_new: <processThreadCommand:5815>: (f:processThreadCommand, l:5815) wait for OMX_VdrvCommand_Stop
12-31 19:05:45.634  1438  4258 D omx_vdec_new: <processVdrvThreadCommand:5851>: (f:processVdrvThreadCommand, l:5851) ****** new vdrvThread receive cmd[0x3]
12-31 19:05:45.634  1438  4258 D omx_vdec_new: <processVdrvThreadCommand:5870>: (f:processVdrvThreadCommand, l:5870)(OMX_VdrvCommand_Stop)
12-31 19:05:45.634  1438  4258 D omx_vdec_new: <ComponentVdrvThread:6064>: vdrvThread detect nStopFlag[1], exit!
12-31 19:05:45.634  1438  4257 D omx_vdec_new: <processThreadCommand:5817>: (f:processThreadCommand, l:5817) wait for OMX_VdrvCommand_Stop done!
12-31 19:05:45.634  1438  4258 D omx_vdec_new: <ComponentVdrvThread:6100>: ***notify: exit the componentVdrvThread!
12-31 19:05:45.635  1438  4172 D omx_vdec_new: <component_deinit:3049>: (f:component_deinit, l:3049) two threads exit!
12-31 19:05:45.635  1438  4172 D omx_vdec_new: <~omx_vdec:814>: ~omx_dec done!
12-31 19:05:45.635  1438  4172 D cedarc  : <check_lib_unload:391>:  Unloading the dynamic library for OMX.allwinner.video.decoder.mpeg4
12-31 19:05:45.638  1441  1441 I MediaPlayerService: MediaPlayerService::getOMX
12-31 19:05:45.640  1441  1441 I OMXClient: MuxOMX ctor
12-31 19:05:45.640  1438  1446 I OMXMaster: makeComponentInstance(OMX.allwinner.video.decoder.h263) in mediacodec process
12-31 19:05:45.644  1438  1446 D omx_vdec_new: <omx_vdec:477>: (f:omx_vdec, l:477) 
12-31 19:05:45.644  1438  1446 D omx_vdec_new: <omx_vdec:574>: ion open fd = 7
12-31 19:05:45.644  1438  1446 D cedarc  : <getVeAwOpsS:1582>: ***********3333 getVeAwOpsS************
12-31 19:05:45.644  1438  1446 D cedarc  : <VeInitialize:882>: *****************gVeEnvironmentInfo.nVeRefCount = 0
12-31 19:05:45.644  1438  1446 D cedarc  : <VeInitialize:895>: **********gVeEnvironmentInfo.nVeDriverFd = 8
12-31 19:05:45.644  1438  1446 D cedarc  : <VeInitialize:956>: *** nPhyOffset = 40000000
12-31 19:05:45.644  1438  1446 D cedarc  : <VeInitialize:1006>: *** set ve freq to 420 Mhz ***
12-31 19:05:45.644  1438  1446 D omx_vdec_new: <omx_vdec:605>: ** nPhyOffset = 40000000
12-31 19:05:45.644  1438  1446 D cedarc  : <CdcMessageQueueCreate:47>: nMessageSize = 20
12-31 19:05:45.645  1438  1446 D cedarc  : <CdcMessageQueueCreate:47>: nMessageSize = 20
12-31 19:05:45.645  1438  1446 D omx_vdec_new: <component_init:823>: (f:component_init, l:823) name = OMX.allwinner.video.decoder.h263
12-31 19:05:45.650  1438  1438 W omx_vdec_new: <get_parameter:1556>: pParamProfileLevel->nProfileIndex[0x8] error!
12-31 19:05:45.650  1438  1438 E OMXNodeInstance: getParameter(59e0016:allwinner.decoder.h263, ParamVideoProfileLevelQuerySupported(0x600000f)) ERROR: BadParameter(0x80001005)
12-31 19:05:45.652  1441  1441 W ACodec  : do not know color format 0x7f000001 = 2130706433
12-31 19:05:45.653  1438  1446 E OMXNodeInstance: getExtensionIndex(59e0016:allwinner.decoder.h263, OMX.google.android.index.configureVideoTunnelMode) ERROR: Undefined(0x80001001)
12-31 19:05:45.659  1438  4265 W OMXNodeInstance: [59e0016:allwinner.decoder.h263] component does not support metadata mode; using fallback
12-31 19:05:45.662  1438  4262 D omx_vdec_new: <processThreadCommand:5807>:  stop command.
12-31 19:05:45.662  1438  4262 D omx_vdec_new: <processThreadCommand:5815>: (f:processThreadCommand, l:5815) wait for OMX_VdrvCommand_Stop
12-31 19:05:45.662  1438  4263 D omx_vdec_new: <processVdrvThreadCommand:5851>: (f:processVdrvThreadCommand, l:5851) ****** new vdrvThread receive cmd[0x3]
12-31 19:05:45.662  1438  4263 D omx_vdec_new: <processVdrvThreadCommand:5870>: (f:processVdrvThreadCommand, l:5870)(OMX_VdrvCommand_Stop)
12-31 19:05:45.662  1438  4263 D omx_vdec_new: <ComponentVdrvThread:6064>: vdrvThread detect nStopFlag[1], exit!
12-31 19:05:45.662  1438  4263 D omx_vdec_new: <ComponentVdrvThread:6100>: ***notify: exit the componentVdrvThread!
12-31 19:05:45.662  1438  4262 D omx_vdec_new: <processThreadCommand:5817>: (f:processThreadCommand, l:5817) wait for OMX_VdrvCommand_Stop done!
12-31 19:05:45.663  1438  4172 D omx_vdec_new: <component_deinit:3049>: (f:component_deinit, l:3049) two threads exit!
12-31 19:05:45.663  1438  4172 D omx_vdec_new: <~omx_vdec:814>: ~omx_dec done!
12-31 19:05:45.663  1438  4172 D cedarc  : <check_lib_unload:391>:  Unloading the dynamic library for OMX.allwinner.video.decoder.h263
12-31 19:05:45.667  1441  1441 I MediaPlayerService: MediaPlayerService::getOMX
12-31 19:05:45.671  1441  1441 I OMXClient: MuxOMX ctor
12-31 19:05:45.671  4079  4226 I BinaryDictionaryFileDumper: reinitializeClientRecordInDictionaryContentProvider() : MetadataFileUri = 
12-31 19:05:45.672  1438  4265 I OMXMaster: makeComponentInstance(OMX.allwinner.video.decoder.vp6) in mediacodec process
12-31 19:05:45.675  1438  4265 D omx_vdec_new: <omx_vdec:477>: (f:omx_vdec, l:477) 
12-31 19:05:45.676  1438  4265 D omx_vdec_new: <omx_vdec:574>: ion open fd = 7
12-31 19:05:45.676  1438  4265 D cedarc  : <getVeAwOpsS:1582>: ***********3333 getVeAwOpsS************
12-31 19:05:45.676  1438  4265 D cedarc  : <VeInitialize:882>: *****************gVeEnvironmentInfo.nVeRefCount = 0
12-31 19:05:45.676  1438  4265 D cedarc  : <VeInitialize:895>: **********gVeEnvironmentInfo.nVeDriverFd = 8
12-31 19:05:45.676  1438  4265 D cedarc  : <VeInitialize:956>: *** nPhyOffset = 40000000
12-31 19:05:45.676  1438  4265 D cedarc  : <VeInitialize:1006>: *** set ve freq to 420 Mhz ***
12-31 19:05:45.676  1438  4265 D omx_vdec_new: <omx_vdec:605>: ** nPhyOffset = 40000000
12-31 19:05:45.676  1438  4265 D cedarc  : <CdcMessageQueueCreate:47>: nMessageSize = 20
12-31 19:05:45.676  1438  4265 D cedarc  : <CdcMessageQueueCreate:47>: nMessageSize = 20
12-31 19:05:45.677  1438  4265 D omx_vdec_new: <component_init:823>: (f:component_init, l:823) name = OMX.allwinner.video.decoder.vp6
12-31 19:05:45.681  1438  4265 W omx_vdec_new: <get_parameter:1548>: OMX_IndexParamVideoProfileLevelQuerySupported, Format[0x7f000001] not support
12-31 19:05:45.681  1438  4265 E OMXNodeInstance: getParameter(59e0017:allwinner.decoder.vp6, ParamVideoProfileLevelQuerySupported(0x600000f)) ERROR: BadParameter(0x80001005)
12-31 19:05:45.682  1441  1441 W ACodec  : do not know color format 0x7f000001 = 2130706433
12-31 19:05:45.682  1438  1446 E OMXNodeInstance: getExtensionIndex(59e0017:allwinner.decoder.vp6, OMX.google.android.index.configureVideoTunnelMode) ERROR: Undefined(0x80001001)
12-31 19:05:45.682  1438  4266 W OMXNodeInstance: [59e0017:allwinner.decoder.vp6] component does not support metadata mode; using fallback
12-31 19:05:45.685  1438  4268 D omx_vdec_new: <processThreadCommand:5807>:  stop command.
12-31 19:05:45.685  1438  4269 D omx_vdec_new: <processVdrvThreadCommand:5851>: (f:processVdrvThreadCommand, l:5851) ****** new vdrvThread receive cmd[0x3]
12-31 19:05:45.685  1438  4269 D omx_vdec_new: <processVdrvThreadCommand:5870>: (f:processVdrvThreadCommand, l:5870)(OMX_VdrvCommand_Stop)
12-31 19:05:45.685  1438  4269 D omx_vdec_new: <ComponentVdrvThread:6064>: vdrvThread detect nStopFlag[1], exit!
12-31 19:05:45.685  1438  4269 D omx_vdec_new: <ComponentVdrvThread:6100>: ***notify: exit the componentVdrvThread!
12-31 19:05:45.687  1438  4268 D omx_vdec_new: <processThreadCommand:5815>: (f:processThreadCommand, l:5815) wait for OMX_VdrvCommand_Stop
12-31 19:05:45.687  1438  4268 D omx_vdec_new: <processThreadCommand:5817>: (f:processThreadCommand, l:5817) wait for OMX_VdrvCommand_Stop done!
12-31 19:05:45.687  1438  4265 D omx_vdec_new: <component_deinit:3049>: (f:component_deinit, l:3049) two threads exit!
12-31 19:05:45.687  1438  4265 D omx_vdec_new: <~omx_vdec:814>: ~omx_dec done!
12-31 19:05:45.687  1438  4265 D cedarc  : <check_lib_unload:391>:  Unloading the dynamic library for OMX.allwinner.video.decoder.vp6
12-31 19:05:45.694  1441  1441 I MediaPlayerService: MediaPlayerService::getOMX
12-31 19:05:45.695  1441  1441 I OMXClient: MuxOMX ctor
12-31 19:05:45.696  1438  4172 I OMXMaster: makeComponentInstance(OMX.allwinner.video.decoder.vp8) in mediacodec process
12-31 19:05:45.699  1438  4172 D omx_vdec_new: <omx_vdec:477>: (f:omx_vdec, l:477) 
12-31 19:05:45.699  1438  4172 D omx_vdec_new: <omx_vdec:574>: ion open fd = 7
12-31 19:05:45.699  1438  4172 D cedarc  : <getVeAwOpsS:1582>: ***********3333 getVeAwOpsS************
12-31 19:05:45.699  1438  4172 D cedarc  : <VeInitialize:882>: *****************gVeEnvironmentInfo.nVeRefCount = 0
12-31 19:05:45.699  1438  4172 D cedarc  : <VeInitialize:895>: **********gVeEnvironmentInfo.nVeDriverFd = 8
12-31 19:05:45.699  1438  4172 D cedarc  : <VeInitialize:956>: *** nPhyOffset = 40000000
12-31 19:05:45.700  1438  4172 D cedarc  : <VeInitialize:1006>: *** set ve freq to 420 Mhz ***
12-31 19:05:45.700  1438  4172 D omx_vdec_new: <omx_vdec:605>: ** nPhyOffset = 40000000
12-31 19:05:45.700  1438  4172 D cedarc  : <CdcMessageQueueCreate:47>: nMessageSize = 20
12-31 19:05:45.700  1438  4172 D cedarc  : <CdcMessageQueueCreate:47>: nMessageSize = 20
12-31 19:05:45.700  1438  4172 D omx_vdec_new: <component_init:823>: (f:component_init, l:823) name = OMX.allwinner.video.decoder.vp8
12-31 19:05:45.704  1438  1438 W omx_vdec_new: <get_parameter:1548>: OMX_IndexParamVideoProfileLevelQuerySupported, Format[0x9] not support
12-31 19:05:45.705  1438  1438 E OMXNodeInstance: getParameter(59e0018:allwinner.decoder.vp8, ParamVideoProfileLevelQuerySupported(0x600000f)) ERROR: BadParameter(0x80001005)
12-31 19:05:45.707  1441  1441 W ACodec  : do not know color format 0x7f000001 = 2130706433
12-31 19:05:45.709  1438  4172 E OMXNodeInstance: getExtensionIndex(59e0018:allwinner.decoder.vp8, OMX.google.android.index.configureVideoTunnelMode) ERROR: Undefined(0x80001001)
12-31 19:05:45.710  1438  4265 W OMXNodeInstance: [59e0018:allwinner.decoder.vp8] component does not support metadata mode; using fallback
12-31 19:05:45.712  1438  4271 D omx_vdec_new: <processThreadCommand:5807>:  stop command.
12-31 19:05:45.712  1438  4271 D omx_vdec_new: <processThreadCommand:5815>: (f:processThreadCommand, l:5815) wait for OMX_VdrvCommand_Stop
12-31 19:05:45.716  1438  4272 D omx_vdec_new: <processVdrvThreadCommand:5851>: (f:processVdrvThreadCommand, l:5851) ****** new vdrvThread receive cmd[0x3]
12-31 19:05:45.716  1438  4272 D omx_vdec_new: <processVdrvThreadCommand:5870>: (f:processVdrvThreadCommand, l:5870)(OMX_VdrvCommand_Stop)
12-31 19:05:45.716  1438  4272 D omx_vdec_new: <ComponentVdrvThread:6064>: vdrvThread detect nStopFlag[1], exit!
12-31 19:05:45.716  1438  4272 D omx_vdec_new: <ComponentVdrvThread:6100>: ***notify: exit the componentVdrvThread!
12-31 19:05:45.717  1438  4271 D omx_vdec_new: <processThreadCommand:5817>: (f:processThreadCommand, l:5817) wait for OMX_VdrvCommand_Stop done!
12-31 19:05:45.719  1438  4266 D omx_vdec_new: <component_deinit:3049>: (f:component_deinit, l:3049) two threads exit!
12-31 19:05:45.720  1438  4266 D omx_vdec_new: <~omx_vdec:814>: ~omx_dec done!
12-31 19:05:45.720  1438  4266 D cedarc  : <check_lib_unload:391>:  Unloading the dynamic library for OMX.allwinner.video.decoder.vp8
12-31 19:05:45.726  1441  1441 I MediaPlayerService: MediaPlayerService::getOMX
12-31 19:05:45.727  1441  1441 I OMXClient: MuxOMX ctor
12-31 19:05:45.727  1438  4172 I OMXMaster: makeComponentInstance(OMX.allwinner.video.decoder.vc1) in mediacodec process
12-31 19:05:45.731  1438  4172 D omx_vdec_new: <omx_vdec:477>: (f:omx_vdec, l:477) 
12-31 19:05:45.731  1438  4172 D omx_vdec_new: <omx_vdec:574>: ion open fd = 7
12-31 19:05:45.731  1438  4172 D cedarc  : <getVeAwOpsS:1582>: ***********3333 getVeAwOpsS************
12-31 19:05:45.731  1438  4172 D cedarc  : <VeInitialize:882>: *****************gVeEnvironmentInfo.nVeRefCount = 0
12-31 19:05:45.731  1438  4172 D cedarc  : <VeInitialize:895>: **********gVeEnvironmentInfo.nVeDriverFd = 8
12-31 19:05:45.733  1438  4172 D cedarc  : <VeInitialize:956>: *** nPhyOffset = 40000000
12-31 19:05:45.734  1438  4172 D cedarc  : <VeInitialize:1006>: *** set ve freq to 420 Mhz ***
12-31 19:05:45.734  1438  4172 D omx_vdec_new: <omx_vdec:605>: ** nPhyOffset = 40000000
12-31 19:05:45.734  1438  4172 D cedarc  : <CdcMessageQueueCreate:47>: nMessageSize = 20
12-31 19:05:45.734  1438  4172 D cedarc  : <CdcMessageQueueCreate:47>: nMessageSize = 20
12-31 19:05:45.734  1438  4172 D omx_vdec_new: <component_init:823>: (f:component_init, l:823) name = OMX.allwinner.video.decoder.vc1
12-31 19:05:45.736  4199  4199 I wpa_supplicant: rfkill: Cannot open RFKILL control device
12-31 19:05:45.736  1438  1446 W omx_vdec_new: <get_parameter:1548>: OMX_IndexParamVideoProfileLevelQuerySupported, Format[0x5] not support
12-31 19:05:45.736  1438  1446 E OMXNodeInstance: getParameter(59e0019:allwinner.decoder.vc1, ParamVideoProfileLevelQuerySupported(0x600000f)) ERROR: BadParameter(0x80001005)
12-31 19:05:45.738  1441  1441 W ACodec  : do not know color format 0x7f000001 = 2130706433
12-31 19:05:45.738  1438  4266 E OMXNodeInstance: getExtensionIndex(59e0019:allwinner.decoder.vc1, OMX.google.android.index.configureVideoTunnelMode) ERROR: Undefined(0x80001001)
12-31 19:05:45.739  1438  1438 W OMXNodeInstance: [59e0019:allwinner.decoder.vc1] component does not support metadata mode; using fallback
12-31 19:05:45.741  1438  4274 D omx_vdec_new: <processThreadCommand:5807>:  stop command.
12-31 19:05:45.741  1438  4275 D omx_vdec_new: <processVdrvThreadCommand:5851>: (f:processVdrvThreadCommand, l:5851) ****** new vdrvThread receive cmd[0x3]
12-31 19:05:45.741  1438  4275 D omx_vdec_new: <processVdrvThreadCommand:5870>: (f:processVdrvThreadCommand, l:5870)(OMX_VdrvCommand_Stop)
12-31 19:05:45.741  1438  4275 D omx_vdec_new: <ComponentVdrvThread:6064>: vdrvThread detect nStopFlag[1], exit!
12-31 19:05:45.741  1438  4275 D omx_vdec_new: <ComponentVdrvThread:6100>: ***notify: exit the componentVdrvThread!
12-31 19:05:45.742  1438  4274 D omx_vdec_new: <processThreadCommand:5815>: (f:processThreadCommand, l:5815) wait for OMX_VdrvCommand_Stop
12-31 19:05:45.742  1438  4274 D omx_vdec_new: <processThreadCommand:5817>: (f:processThreadCommand, l:5817) wait for OMX_VdrvCommand_Stop done!
12-31 19:05:45.742  1438  1446 D omx_vdec_new: <component_deinit:3049>: (f:component_deinit, l:3049) two threads exit!
12-31 19:05:45.742  1438  1446 D omx_vdec_new: <~omx_vdec:814>: ~omx_dec done!
12-31 19:05:45.742  1438  1446 D cedarc  : <check_lib_unload:391>:  Unloading the dynamic library for OMX.allwinner.video.decoder.vc1
12-31 19:05:45.744  1932  1932 I SystemServiceManager: Starting phase 600
12-31 19:05:45.745  1441  1441 I MediaPlayerService: MediaPlayerService::getOMX
12-31 19:05:45.746  1441  1441 I OMXClient: MuxOMX ctor
12-31 19:05:45.747  1438  1438 I OMXMaster: makeComponentInstance(OMX.allwinner.video.decoder.msmpeg4v1) in mediacodec process
12-31 19:05:45.751  1438  1438 D omx_vdec_new: <omx_vdec:477>: (f:omx_vdec, l:477) 
12-31 19:05:45.751  1438  1438 D omx_vdec_new: <omx_vdec:574>: ion open fd = 7
12-31 19:05:45.751  1438  1438 D cedarc  : <getVeAwOpsS:1582>: ***********3333 getVeAwOpsS************
12-31 19:05:45.751  1438  1438 D cedarc  : <VeInitialize:882>: *****************gVeEnvironmentInfo.nVeRefCount = 0
12-31 19:05:45.751  1438  1438 D cedarc  : <VeInitialize:895>: **********gVeEnvironmentInfo.nVeDriverFd = 8
12-31 19:05:45.751  1438  1438 D cedarc  : <VeInitialize:956>: *** nPhyOffset = 40000000
12-31 19:05:45.752  1438  1438 D cedarc  : <VeInitialize:1006>: *** set ve freq to 420 Mhz ***
12-31 19:05:45.752  1438  1438 D omx_vdec_new: <omx_vdec:605>: ** nPhyOffset = 40000000
12-31 19:05:45.752  1438  1438 D cedarc  : <CdcMessageQueueCreate:47>: nMessageSize = 20
12-31 19:05:45.752  1438  1438 D cedarc  : <CdcMessageQueueCreate:47>: nMessageSize = 20
12-31 19:05:45.753  1438  1438 D omx_vdec_new: <component_init:823>: (f:component_init, l:823) name = OMX.allwinner.video.decoder.msmpeg4v1
12-31 19:05:45.755  1438  4172 W omx_vdec_new: <get_parameter:1548>: OMX_IndexParamVideoProfileLevelQuerySupported, Format[0x7f000004] not support
12-31 19:05:45.755  1438  4172 E OMXNodeInstance: getParameter(59e001a:allwinner.decoder.msmpeg4v1, ParamVideoProfileLevelQuerySupported(0x600000f)) ERROR: BadParameter(0x80001005)
12-31 19:05:45.756  1441  1441 W ACodec  : do not know color format 0x7f000001 = 2130706433
12-31 19:05:45.760  1438  1446 E OMXNodeInstance: getExtensionIndex(59e001a:allwinner.decoder.msmpeg4v1, OMX.google.android.index.configureVideoTunnelMode) ERROR: Undefined(0x80001001)
12-31 19:05:45.760  1438  1438 W OMXNodeInstance: [59e001a:allwinner.decoder.msmpeg4v1] component does not support metadata mode; using fallback
12-31 19:05:45.761  1438  4279 D omx_vdec_new: <processThreadCommand:5807>:  stop command.
12-31 19:05:45.762  1438  4279 D omx_vdec_new: <processThreadCommand:5815>: (f:processThreadCommand, l:5815) wait for OMX_VdrvCommand_Stop
12-31 19:05:45.762  1438  4280 D omx_vdec_new: <processVdrvThreadCommand:5851>: (f:processVdrvThreadCommand, l:5851) ****** new vdrvThread receive cmd[0x3]
12-31 19:05:45.762  1438  4280 D omx_vdec_new: <processVdrvThreadCommand:5870>: (f:processVdrvThreadCommand, l:5870)(OMX_VdrvCommand_Stop)
12-31 19:05:45.762  1438  4280 D omx_vdec_new: <ComponentVdrvThread:6064>: vdrvThread detect nStopFlag[1], exit!
12-31 19:05:45.762  1438  4280 D omx_vdec_new: <ComponentVdrvThread:6100>: ***notify: exit the componentVdrvThread!
12-31 19:05:45.762  1438  4279 D omx_vdec_new: <processThreadCommand:5817>: (f:processThreadCommand, l:5817) wait for OMX_VdrvCommand_Stop done!
12-31 19:05:45.762  1438  4266 D omx_vdec_new: <component_deinit:3049>: (f:component_deinit, l:3049) two threads exit!
12-31 19:05:45.762  1438  4266 D omx_vdec_new: <~omx_vdec:814>: ~omx_dec done!
12-31 19:05:45.763  1438  4266 D cedarc  : <check_lib_unload:391>:  Unloading the dynamic library for OMX.allwinner.video.decoder.msmpeg4v1
12-31 19:05:45.765  1441  1441 I MediaPlayerService: MediaPlayerService::getOMX
12-31 19:05:45.770  1441  1441 I OMXClient: MuxOMX ctor
12-31 19:05:45.771  1438  1446 I OMXMaster: makeComponentInstance(OMX.allwinner.video.decoder.msmpeg4v2) in mediacodec process
12-31 19:05:45.777  1438  1446 D omx_vdec_new: <omx_vdec:477>: (f:omx_vdec, l:477) 
12-31 19:05:45.778  1438  1446 D omx_vdec_new: <omx_vdec:574>: ion open fd = 7
12-31 19:05:45.778  1438  1446 D cedarc  : <getVeAwOpsS:1582>: ***********3333 getVeAwOpsS************
12-31 19:05:45.778  1438  1446 D cedarc  : <VeInitialize:882>: *****************gVeEnvironmentInfo.nVeRefCount = 0
12-31 19:05:45.778  1438  1446 D cedarc  : <VeInitialize:895>: **********gVeEnvironmentInfo.nVeDriverFd = 8
12-31 19:05:45.778  1438  1446 D cedarc  : <VeInitialize:956>: *** nPhyOffset = 40000000
12-31 19:05:45.778  1438  1446 D cedarc  : <VeInitialize:1006>: *** set ve freq to 420 Mhz ***
12-31 19:05:45.778  1438  1446 D omx_vdec_new: <omx_vdec:605>: ** nPhyOffset = 40000000
12-31 19:05:45.778  1438  1446 D cedarc  : <CdcMessageQueueCreate:47>: nMessageSize = 20
12-31 19:05:45.778  1438  1446 D cedarc  : <CdcMessageQueueCreate:47>: nMessageSize = 20
12-31 19:05:45.778  1438  1446 D omx_vdec_new: <component_init:823>: (f:component_init, l:823) name = OMX.allwinner.video.decoder.msmpeg4v2
12-31 19:05:45.780  1438  4265 W omx_vdec_new: <get_parameter:1548>: OMX_IndexParamVideoProfileLevelQuerySupported, Format[0x7f000005] not support
12-31 19:05:45.780  1438  4265 E OMXNodeInstance: getParameter(59e001b:allwinner.decoder.msmpeg4v2, ParamVideoProfileLevelQuerySupported(0x600000f)) ERROR: BadParameter(0x80001005)
12-31 19:05:45.785  1441  1441 W ACodec  : do not know color format 0x7f000001 = 2130706433
12-31 19:05:45.786  1438  1446 E OMXNodeInstance: getExtensionIndex(59e001b:allwinner.decoder.msmpeg4v2, OMX.google.android.index.configureVideoTunnelMode) ERROR: Undefined(0x80001001)
12-31 19:05:45.786  1438  4266 W OMXNodeInstance: [59e001b:allwinner.decoder.msmpeg4v2] component does not support metadata mode; using fallback
12-31 19:05:45.789  1438  4282 D omx_vdec_new: <processThreadCommand:5807>:  stop command.
12-31 19:05:45.790  1438  4282 D omx_vdec_new: <processThreadCommand:5815>: (f:processThreadCommand, l:5815) wait for OMX_VdrvCommand_Stop
12-31 19:05:45.790  1438  4283 D omx_vdec_new: <processVdrvThreadCommand:5851>: (f:processVdrvThreadCommand, l:5851) ****** new vdrvThread receive cmd[0x3]
12-31 19:05:45.790  1438  4283 D omx_vdec_new: <processVdrvThreadCommand:5870>: (f:processVdrvThreadCommand, l:5870)(OMX_VdrvCommand_Stop)
12-31 19:05:45.790  1438  4283 D omx_vdec_new: <ComponentVdrvThread:6064>: vdrvThread detect nStopFlag[1], exit!
12-31 19:05:45.790  1438  4283 D omx_vdec_new: <ComponentVdrvThread:6100>: ***notify: exit the componentVdrvThread!
12-31 19:05:45.790  1438  4282 D omx_vdec_new: <processThreadCommand:5817>: (f:processThreadCommand, l:5817) wait for OMX_VdrvCommand_Stop done!
12-31 19:05:45.793  1438  1438 D omx_vdec_new: <component_deinit:3049>: (f:component_deinit, l:3049) two threads exit!
12-31 19:05:45.793  1438  1438 D omx_vdec_new: <~omx_vdec:814>: ~omx_dec done!
12-31 19:05:45.793  1438  1438 D cedarc  : <check_lib_unload:391>:  Unloading the dynamic library for OMX.allwinner.video.decoder.msmpeg4v2
12-31 19:05:45.799  1932  1932 D SensorNotificationService: Cannot obtain dynamic meta sensor, not supported.
12-31 19:05:45.799  1441  1441 I MediaPlayerService: MediaPlayerService::getOMX
12-31 19:05:45.804  4113  4113 I vol.Events: writeEvent collection_started
12-31 19:05:45.806  1441  1441 I OMXClient: MuxOMX ctor
12-31 19:05:45.807  1438  1446 I OMXMaster: makeComponentInstance(OMX.allwinner.video.decoder.divx) in mediacodec process
12-31 19:05:45.811  1438  1446 D omx_vdec_new: <omx_vdec:477>: (f:omx_vdec, l:477) 
12-31 19:05:45.814  1438  1446 D omx_vdec_new: <omx_vdec:574>: ion open fd = 7
12-31 19:05:45.814  1438  1446 D cedarc  : <getVeAwOpsS:1582>: ***********3333 getVeAwOpsS************
12-31 19:05:45.814  1438  1446 D cedarc  : <VeInitialize:882>: *****************gVeEnvironmentInfo.nVeRefCount = 0
12-31 19:05:45.814  1438  1446 D cedarc  : <VeInitialize:895>: **********gVeEnvironmentInfo.nVeDriverFd = 8
12-31 19:05:45.815  1438  1446 D cedarc  : <VeInitialize:956>: *** nPhyOffset = 40000000
12-31 19:05:45.815  1438  1446 D cedarc  : <VeInitialize:1006>: *** set ve freq to 420 Mhz ***
12-31 19:05:45.815  1438  1446 D omx_vdec_new: <omx_vdec:605>: ** nPhyOffset = 40000000
12-31 19:05:45.815  1438  1446 D cedarc  : <CdcMessageQueueCreate:47>: nMessageSize = 20
12-31 19:05:45.816  1438  1446 D cedarc  : <CdcMessageQueueCreate:47>: nMessageSize = 20
12-31 19:05:45.816  1438  1446 D omx_vdec_new: <component_init:823>: (f:component_init, l:823) name = OMX.allwinner.video.decoder.divx
12-31 19:05:45.818  1438  1438 W omx_vdec_new: <get_parameter:1548>: OMX_IndexParamVideoProfileLevelQuerySupported, Format[0x7f000006] not support
12-31 19:05:45.818  1438  1438 E OMXNodeInstance: getParameter(59e001c:allwinner.decoder.divx, ParamVideoProfileLevelQuerySupported(0x600000f)) ERROR: BadParameter(0x80001005)
12-31 19:05:45.820  1441  1441 W ACodec  : do not know color format 0x7f000001 = 2130706433
12-31 19:05:45.821  1438  1438 E OMXNodeInstance: getExtensionIndex(59e001c:allwinner.decoder.divx, OMX.google.android.index.configureVideoTunnelMode) ERROR: Undefined(0x80001001)
12-31 19:05:45.822  1438  4172 W OMXNodeInstance: [59e001c:allwinner.decoder.divx] component does not support metadata mode; using fallback
12-31 19:05:45.824  1438  4287 D omx_vdec_new: <processThreadCommand:5807>:  stop command.
12-31 19:05:45.824  1438  4287 D omx_vdec_new: <processThreadCommand:5815>: (f:processThreadCommand, l:5815) wait for OMX_VdrvCommand_Stop
12-31 19:05:45.824  1438  4288 D omx_vdec_new: <processVdrvThreadCommand:5851>: (f:processVdrvThreadCommand, l:5851) ****** new vdrvThread receive cmd[0x3]
12-31 19:05:45.824  1438  4288 D omx_vdec_new: <processVdrvThreadCommand:5870>: (f:processVdrvThreadCommand, l:5870)(OMX_VdrvCommand_Stop)
12-31 19:05:45.824  1438  4288 D omx_vdec_new: <ComponentVdrvThread:6064>: vdrvThread detect nStopFlag[1], exit!
12-31 19:05:45.824  1438  4288 D omx_vdec_new: <ComponentVdrvThread:6100>: ***notify: exit the componentVdrvThread!
12-31 19:05:45.824  1438  4287 D omx_vdec_new: <processThreadCommand:5817>: (f:processThreadCommand, l:5817) wait for OMX_VdrvCommand_Stop done!
12-31 19:05:45.826  1438  1446 D omx_vdec_new: <component_deinit:3049>: (f:component_deinit, l:3049) two threads exit!
12-31 19:05:45.826  1438  1446 D omx_vdec_new: <~omx_vdec:814>: ~omx_dec done!
12-31 19:05:45.827  1438  1446 D cedarc  : <check_lib_unload:391>:  Unloading the dynamic library for OMX.allwinner.video.decoder.divx
12-31 19:05:45.830  1441  1441 I MediaPlayerService: MediaPlayerService::getOMX
12-31 19:05:45.831  1441  1441 I OMXClient: MuxOMX ctor
12-31 19:05:45.831  1438  4266 I OMXMaster: makeComponentInstance(OMX.allwinner.video.decoder.xvid) in mediacodec process
12-31 19:05:45.831  4113  4285 I vol.Events: writeEvent external_ringer_mode_changed normal
12-31 19:05:45.832  4113  4285 I vol.Events: writeEvent internal_ringer_mode_changed normal
12-31 19:05:45.835  1932  1932 W LocationProviderProxy-network: Odd, no component found for service com.android.location.service.v3.NetworkLocationProvider
12-31 19:05:45.835  1438  4266 D omx_vdec_new: <omx_vdec:477>: (f:omx_vdec, l:477) 
12-31 19:05:45.835  1438  4266 D omx_vdec_new: <omx_vdec:574>: ion open fd = 7
12-31 19:05:45.835  1438  4266 D cedarc  : <getVeAwOpsS:1582>: ***********3333 getVeAwOpsS************
12-31 19:05:45.835  1438  4266 D cedarc  : <VeInitialize:882>: *****************gVeEnvironmentInfo.nVeRefCount = 0
12-31 19:05:45.835  1438  4266 D cedarc  : <VeInitialize:895>: **********gVeEnvironmentInfo.nVeDriverFd = 8
12-31 19:05:45.836  1438  4266 D cedarc  : <VeInitialize:956>: *** nPhyOffset = 40000000
12-31 19:05:45.836  1438  4266 D cedarc  : <VeInitialize:1006>: *** set ve freq to 420 Mhz ***
12-31 19:05:45.836  1438  4266 D omx_vdec_new: <omx_vdec:605>: ** nPhyOffset = 40000000
12-31 19:05:45.836  1438  4266 D cedarc  : <CdcMessageQueueCreate:47>: nMessageSize = 20
12-31 19:05:45.836  1438  4266 D cedarc  : <CdcMessageQueueCreate:47>: nMessageSize = 20
12-31 19:05:45.836  1438  4266 D omx_vdec_new: <component_init:823>: (f:component_init, l:823) name = OMX.allwinner.video.decoder.xvid
12-31 19:05:45.839  1438  4265 W omx_vdec_new: <get_parameter:1548>: OMX_IndexParamVideoProfileLevelQuerySupported, Format[0x7f000007] not support
12-31 19:05:45.839  1438  4265 E OMXNodeInstance: getParameter(59e001d:allwinner.decoder.xvid, ParamVideoProfileLevelQuerySupported(0x600000f)) ERROR: BadParameter(0x80001005)
12-31 19:05:45.841  1441  1441 W ACodec  : do not know color format 0x7f000001 = 2130706433
12-31 19:05:45.842  1438  4265 E OMXNodeInstance: getExtensionIndex(59e001d:allwinner.decoder.xvid, OMX.google.android.index.configureVideoTunnelMode) ERROR: Undefined(0x80001001)
12-31 19:05:45.842  1438  1446 W OMXNodeInstance: [59e001d:allwinner.decoder.xvid] component does not support metadata mode; using fallback
12-31 19:05:45.843  1438  4290 D omx_vdec_new: <processThreadCommand:5807>:  stop command.
12-31 19:05:45.843  1438  4291 D omx_vdec_new: <processVdrvThreadCommand:5851>: (f:processVdrvThreadCommand, l:5851) ****** new vdrvThread receive cmd[0x3]
12-31 19:05:45.843  1438  4290 D omx_vdec_new: <processThreadCommand:5815>: (f:processThreadCommand, l:5815) wait for OMX_VdrvCommand_Stop
12-31 19:05:45.843  1438  4291 D omx_vdec_new: <processVdrvThreadCommand:5870>: (f:processVdrvThreadCommand, l:5870)(OMX_VdrvCommand_Stop)
12-31 19:05:45.843  1438  4291 D omx_vdec_new: <ComponentVdrvThread:6064>: vdrvThread detect nStopFlag[1], exit!
12-31 19:05:45.843  1438  4290 D omx_vdec_new: <processThreadCommand:5817>: (f:processThreadCommand, l:5817) wait for OMX_VdrvCommand_Stop done!
12-31 19:05:45.843  1438  4291 D omx_vdec_new: <ComponentVdrvThread:6100>: ***notify: exit the componentVdrvThread!
12-31 19:05:45.843  1438  4266 D omx_vdec_new: <component_deinit:3049>: (f:component_deinit, l:3049) two threads exit!
12-31 19:05:45.844  1438  4266 D omx_vdec_new: <~omx_vdec:814>: ~omx_dec done!
12-31 19:05:45.844  1438  4266 D cedarc  : <check_lib_unload:391>:  Unloading the dynamic library for OMX.allwinner.video.decoder.xvid
12-31 19:05:45.846  1441  1441 I MediaPlayerService: MediaPlayerService::getOMX
12-31 19:05:45.847  1441  1441 I OMXClient: MuxOMX ctor
12-31 19:05:45.847  1438  4265 I OMXMaster: makeComponentInstance(OMX.allwinner.video.decoder.s263) in mediacodec process
12-31 19:05:45.850  1932  1932 W GeocoderProxy: Odd, no component found for service com.android.location.service.GeocodeProvider
12-31 19:05:45.851  1438  4265 D omx_vdec_new: <omx_vdec:477>: (f:omx_vdec, l:477) 
12-31 19:05:45.851  1438  4265 D omx_vdec_new: <omx_vdec:574>: ion open fd = 7
12-31 19:05:45.851  1438  4265 D cedarc  : <getVeAwOpsS:1582>: ***********3333 getVeAwOpsS************
12-31 19:05:45.851  1438  4265 D cedarc  : <VeInitialize:882>: *****************gVeEnvironmentInfo.nVeRefCount = 0
12-31 19:05:45.851  1438  4265 D cedarc  : <VeInitialize:895>: **********gVeEnvironmentInfo.nVeDriverFd = 8
12-31 19:05:45.851  1438  4265 D cedarc  : <VeInitialize:956>: *** nPhyOffset = 40000000
12-31 19:05:45.851  1438  4265 D cedarc  : <VeInitialize:1006>: *** set ve freq to 420 Mhz ***
12-31 19:05:45.851  1438  4265 D omx_vdec_new: <omx_vdec:605>: ** nPhyOffset = 40000000
12-31 19:05:45.851  1438  4265 D cedarc  : <CdcMessageQueueCreate:47>: nMessageSize = 20
12-31 19:05:45.851  1438  4265 D cedarc  : <CdcMessageQueueCreate:47>: nMessageSize = 20
12-31 19:05:45.852  1438  4265 D omx_vdec_new: <component_init:823>: (f:component_init, l:823) name = OMX.allwinner.video.decoder.s263
12-31 19:05:45.853  1438  1438 W omx_vdec_new: <get_parameter:1548>: OMX_IndexParamVideoProfileLevelQuerySupported, Format[0x7f000003] not support
12-31 19:05:45.853  1438  1438 E OMXNodeInstance: getParameter(59e001e:allwinner.decoder.s263, ParamVideoProfileLevelQuerySupported(0x600000f)) ERROR: BadParameter(0x80001005)
12-31 19:05:45.855  1441  1441 W ACodec  : do not know color format 0x7f000001 = 2130706433
12-31 19:05:45.855  1932  1932 D LocationManagerService: FLP HAL not supported
12-31 19:05:45.861  1438  1438 E OMXNodeInstance: getExtensionIndex(59e001e:allwinner.decoder.s263, OMX.google.android.index.configureVideoTunnelMode) ERROR: Undefined(0x80001001)
