12-31 19:04:45.375  2822  2822 I dex2oat : dex2oat took 4.102s (threads: 4) arena alloc=3MB (3269248B) java alloc=2MB (2705632B) native alloc=5MB (5935480B) free=5MB (5598856B)
12-31 19:04:45.393  1932  1932 I chatty  : uid=1000 system_server expire 10 lines
12-31 19:04:45.466  2880  2880 I dex2oat : /system/bin/dex2oat --compiler-filter=speed
12-31 19:04:45.466  2880  2880 E cutils-trace: Error opening trace file: Permission denied (13)
12-31 19:04:45.623  2880  2880 I dex2oat : dex2oat took 158.335ms (threads: 4) arena alloc=1242KB (1272472B) java alloc=107KB (109584B) native alloc=1103KB (1129696B) free=2MB (3064608B)
12-31 19:04:45.707  2888  2888 I dex2oat : /system/bin/dex2oat --compiler-filter=speed
12-31 19:04:45.707  2888  2888 E cutils-trace: Error opening trace file: Permission denied (13)
12-31 19:04:48.144  2888  2888 I dex2oat : dex2oat took 2.437s (threads: 4) arena alloc=1894KB (1940448B) java alloc=1161KB (1189840B) native alloc=3MB (3642272B) free=4MB (4222048B)
12-31 19:04:48.233  2923  2923 I dex2oat : /system/bin/dex2oat --compiler-filter=speed
12-31 19:04:48.234  2923  2923 E cutils-trace: Error opening trace file: Permission denied (13)
12-31 19:04:49.163  2923  2923 W dex2oat : Before Android 4.1, method android.graphics.PorterDuffColorFilter android.support.graphics.drawable.VectorDrawableCompat.updateTintFilter(android.graphics.PorterDuffColorFilter, android.content.res.ColorStateList, android.graphics.PorterDuff$Mode) would have incorrectly overridden the package-private method in android.graphics.drawable.Drawable
12-31 19:04:49.214  2923  2923 W dex2oat : Before Android 4.1, method int android.support.v7.widget.ListViewCompat.lookForSelectablePosition(int, boolean) would have incorrectly overridden the package-private method in android.widget.ListView
12-31 19:04:53.031  2923  2939 W dex2oat : Compilation of void com.android.settings.applications.ProcStatsEntry.evaluateTargetPackage(android.content.pm.PackageManager, com.android.internal.app.procstats.ProcessStats, com.android.internal.app.procstats.ProcessStats$ProcessDataCollection, com.android.internal.app.procstats.ProcessStats$ProcessDataCollection, java.util.Comparator, boolean) took 105.015ms
12-31 19:04:53.188  2923  2938 W dex2oat : Compilation of boolean com.android.settings.applications.RunningState.update(android.content.Context, android.app.ActivityManager) took 127.615ms
12-31 19:04:54.254  2923  2923 W dex2oat : Compilation of java.util.List com.android.settings.notification.NotificationStation.loadNotifications() took 122.074ms
12-31 19:04:56.702  2923  2923 I dex2oat : dex2oat took 8.470s (threads: 4) arena alloc=4MB (4208320B) java alloc=6MB (6508584B) native alloc=11MB (12153800B) free=6MB (6720568B)
12-31 19:04:56.802  3032  3032 I dex2oat : /system/bin/dex2oat --compiler-filter=speed
12-31 19:04:56.802  3032  3032 E cutils-trace: Error opening trace file: Permission denied (13)
12-31 19:04:58.392  3032  3040 W dex2oat : Compilation of void com.android.phone.PhoneInterfaceManager$MainThreadHandler.handleMessage(android.os.Message) took 233.029ms
12-31 19:04:59.140  3032  3032 W dex2oat : Compilation of android.telecom.Connection com.android.services.telephony.TelephonyConnectionService.onCreateOutgoingConnection(android.telecom.PhoneAccountHandle, android.telecom.ConnectionRequest) took 105.910ms
12-31 19:05:00.299  3032  3032 I dex2oat : dex2oat took 3.498s (threads: 4) arena alloc=5MB (5870488B) java alloc=1666KB (1706464B) native alloc=4MB (4976632B) free=7MB (8130568B)
12-31 19:05:00.390  3081  3081 I dex2oat : /system/bin/dex2oat --compiler-filter=speed
12-31 19:05:00.390  3081  3081 E cutils-trace: Error opening trace file: Permission denied (13)
12-31 19:05:00.942  3081  3081 I dex2oat : dex2oat took 554.397ms (threads: 4) arena alloc=1643KB (1683312B) java alloc=294KB (301984B) native alloc=1415KB (1449504B) free=3MB (3269088B)
12-31 19:05:01.024  3094  3094 I dex2oat : /system/bin/dex2oat --compiler-filter=speed
12-31 19:05:01.024  3094  3094 E cutils-trace: Error opening trace file: Permission denied (13)
12-31 19:05:01.196  3094  3094 I dex2oat : dex2oat took 173.298ms (threads: 4) arena alloc=267KB (273664B) java alloc=68KB (70176B) native alloc=1138KB (1165968B) free=1933KB (1979760B)
12-31 19:05:01.279  3102  3102 I dex2oat : /system/bin/dex2oat --compiler-filter=speed
12-31 19:05:01.279  3102  3102 E cutils-trace: Error opening trace file: Permission denied (13)
12-31 19:05:02.306  3102  3102 W dex2oat : Before Android 4.1, method android.graphics.PorterDuffColorFilter android.support.graphics.drawable.VectorDrawableCompat.updateTintFilter(android.graphics.PorterDuffColorFilter, android.content.res.ColorStateList, android.graphics.PorterDuff$Mode) would have incorrectly overridden the package-private method in android.graphics.drawable.Drawable
12-31 19:05:02.367  3102  3118 W dex2oat : Before Android 4.1, method int android.support.v7.widget.ListViewCompat.lookForSelectablePosition(int, boolean) would have incorrectly overridden the package-private method in android.widget.ListView
12-31 19:05:10.303  3102  3102 I dex2oat : dex2oat took 9.025s (threads: 4) arena alloc=2MB (2104264B) java alloc=5MB (6271480B) native alloc=12MB (12895040B) free=5MB (5455040B)
12-31 19:05:10.336  1932  2313 I chatty  : uid=1000(system) android.bg expire 8 lines
12-31 19:05:10.341  1932  2331 I chatty  : uid=1000(system) PackageManager expire 21 lines
12-31 19:05:10.525  1388  1388 I lmkd    : ActivityManager connected
12-31 19:05:10.528  1932  1932 I chatty  : uid=1000 system_server expire 37 lines
12-31 19:05:10.817  1932  2313 I chatty  : uid=1000(system) android.bg expire 3 lines
12-31 19:05:10.842  1932  3236 I chatty  : uid=1000(system) DisplaydConnect expire 1 line
12-31 19:05:10.920  1932  2315 I chatty  : uid=1000(system) android.ui expire 1 line
12-31 19:05:10.921  1932  3238 I chatty  : uid=1000(system) UEventObserver expire 1 line
12-31 19:05:10.926  1932  2315 I chatty  : uid=1000(system) android.ui expire 9 lines
12-31 19:05:10.986  1932  3241 I chatty  : uid=1000(system) InputReader expire 29 lines
12-31 19:05:10.986  1932  1932 I chatty  : uid=1000 system_server expire 116 lines
12-31 19:05:11.192  1932  2313 I chatty  : uid=1000(system) android.bg expire 5 lines
12-31 19:05:11.236  1932  2324 I chatty  : uid=1000(system) android.display expire 1 line
12-31 19:05:11.294  1932  3245 I chatty  : uid=1000(system) MountService expire 35 lines
12-31 19:05:11.296  1932  3247 I chatty  : uid=1000(system) CryptdConnector expire 2 lines
12-31 19:05:11.302  1932  3246 I chatty  : uid=1000(system) VoldConnector expire 10 lines
12-31 19:05:11.303  1932  3245 I chatty  : uid=1000(system) MountService expire 2247 lines
12-31 19:05:11.735  3254  3254 I dex2oat : /system/bin/dex2oat --compiler-filter=verify-at-runtime
12-31 19:05:11.735  3254  3254 E cutils-trace: Error opening trace file: Permission denied (13)
12-31 19:05:11.856  3254  3254 I dex2oat : dex2oat took 122.521ms (threads: 4) arena alloc=0B (0B) java alloc=31KB (32216B) native alloc=999KB (1023312B) free=1560KB (1598128B)
12-31 19:05:11.936  3261  3261 I dex2oat : /system/bin/dex2oat --compiler-filter=verify-at-runtime
12-31 19:05:11.937  3261  3261 E cutils-trace: Error opening trace file: Permission denied (13)
12-31 19:05:12.173  3261  3261 I dex2oat : dex2oat took 238.141ms (threads: 4) arena alloc=0B (0B) java alloc=35KB (36168B) native alloc=904KB (926512B) free=1655KB (1694928B)
12-31 19:05:12.253  3270  3270 I dex2oat : /system/bin/dex2oat --compiler-filter=verify-at-runtime
12-31 19:05:12.253  3270  3270 E cutils-trace: Error opening trace file: Permission denied (13)
12-31 19:05:12.937  3270  3270 I dex2oat : dex2oat took 685.186ms (threads: 4) arena alloc=0B (0B) java alloc=27KB (28240B) native alloc=464KB (476024B) free=2MB (2145416B)
12-31 19:05:13.018  3284  3284 I dex2oat : /system/bin/dex2oat --compiler-filter=verify-at-runtime
12-31 19:05:13.018  3284  3284 E cutils-trace: Error opening trace file: Permission denied (13)
12-31 19:05:13.145  3284  3284 I dex2oat : dex2oat took 127.786ms (threads: 4) arena alloc=0B (0B) java alloc=31KB (32216B) native alloc=985KB (1009008B) free=1574KB (1612432B)
12-31 19:05:13.223  3292  3292 I dex2oat : /system/bin/dex2oat --compiler-filter=verify-at-runtime
12-31 19:05:13.224  3292  3292 E cutils-trace: Error opening trace file: Permission denied (13)
12-31 19:05:13.331  3292  3292 I dex2oat : dex2oat took 109.141ms (threads: 4) arena alloc=0B (0B) java alloc=27KB (28240B) native alloc=1016KB (1041008B) free=1543KB (1580432B)
12-31 19:05:13.412  3299  3299 I dex2oat : /system/bin/dex2oat --compiler-filter=verify-at-runtime
12-31 19:05:13.412  3299  3299 E cutils-trace: Error opening trace file: Permission denied (13)
12-31 19:05:13.547  3299  3299 I dex2oat : dex2oat took 136.993ms (threads: 4) arena alloc=0B (0B) java alloc=31KB (32216B) native alloc=957KB (980240B) free=1602KB (1641200B)
12-31 19:05:13.627  3307  3307 I dex2oat : /system/bin/dex2oat --compiler-filter=verify-at-runtime
12-31 19:05:13.627  3307  3307 E cutils-trace: Error opening trace file: Permission denied (13)
12-31 19:05:14.091  3307  3307 I dex2oat : dex2oat took 465.317ms (threads: 4) arena alloc=0B (0B) java alloc=27KB (28240B) native alloc=673KB (689640B) free=1886KB (1931800B)
12-31 19:05:14.202  3320  3320 I dex2oat : /system/bin/dex2oat --compiler-filter=verify-at-runtime
12-31 19:05:14.202  3320  3320 E cutils-trace: Error opening trace file: Permission denied (13)
12-31 19:05:14.301  3320  3320 I dex2oat : dex2oat took 102.543ms (threads: 4) arena alloc=0B (0B) java alloc=27KB (28240B) native alloc=932KB (954992B) free=1115KB (1142160B)
12-31 19:05:14.384  3327  3327 I dex2oat : /system/bin/dex2oat --compiler-filter=verify-at-runtime
12-31 19:05:14.384  3327  3327 E cutils-trace: Error opening trace file: Permission denied (13)
12-31 19:05:14.555  3327  3327 I dex2oat : dex2oat took 173.306ms (threads: 4) arena alloc=0B (0B) java alloc=27KB (28240B) native alloc=763KB (781744B) free=1284KB (1315408B)
12-31 19:05:14.635  3336  3336 I dex2oat : /system/bin/dex2oat --compiler-filter=verify-at-runtime
12-31 19:05:14.635  3336  3336 E cutils-trace: Error opening trace file: Permission denied (13)
12-31 19:05:14.827  3336  3336 I dex2oat : dex2oat took 193.790ms (threads: 4) arena alloc=0B (0B) java alloc=31KB (32216B) native alloc=1016KB (1040656B) free=1543KB (1580784B)
12-31 19:05:14.908  3345  3345 I dex2oat : /system/bin/dex2oat --compiler-filter=verify-at-runtime
12-31 19:05:14.908  3345  3345 E cutils-trace: Error opening trace file: Permission denied (13)
12-31 19:05:16.088  3345  3345 I dex2oat : dex2oat took 1.181s (threads: 4) arena alloc=0B (0B) java alloc=31KB (32216B) native alloc=516KB (528856B) free=2043KB (2092584B)
12-31 19:05:16.170  3367  3367 I dex2oat : /system/bin/dex2oat --compiler-filter=verify-at-runtime
12-31 19:05:16.170  3367  3367 E cutils-trace: Error opening trace file: Permission denied (13)
12-31 19:05:16.267  3367  3367 I dex2oat : dex2oat took 99.346ms (threads: 4) arena alloc=0B (0B) java alloc=31KB (32208B) native alloc=746KB (764272B) free=1301KB (1332880B)
12-31 19:05:16.351  3374  3374 I dex2oat : /system/bin/dex2oat --compiler-filter=verify-at-runtime
12-31 19:05:16.351  3374  3374 E cutils-trace: Error opening trace file: Permission denied (13)
12-31 19:05:18.608  3374  3374 I dex2oat : dex2oat took 2.258s (threads: 4) arena alloc=0B (0B) java alloc=27KB (28240B) native alloc=819KB (838936B) free=2MB (2437864B)
12-31 19:05:18.692  3414  3414 I dex2oat : /system/bin/dex2oat --compiler-filter=verify-at-runtime
12-31 19:05:18.692  3414  3414 E cutils-trace: Error opening trace file: Permission denied (13)
12-31 19:05:18.788  3414  3414 I dex2oat : dex2oat took 97.070ms (threads: 4) arena alloc=0B (0B) java alloc=27KB (28240B) native alloc=743KB (761264B) free=1304KB (1335888B)
12-31 19:05:18.866  3421  3421 I dex2oat : /system/bin/dex2oat --compiler-filter=verify-at-runtime
12-31 19:05:18.867  3421  3421 E cutils-trace: Error opening trace file: Permission denied (13)
12-31 19:05:18.979  3421  3421 I dex2oat : dex2oat took 113.819ms (threads: 4) arena alloc=0B (0B) java alloc=31KB (32216B) native alloc=883KB (905072B) free=1164KB (1192080B)
12-31 19:05:19.059  3428  3428 I dex2oat : /system/bin/dex2oat --compiler-filter=verify-at-runtime
12-31 19:05:19.059  3428  3428 E cutils-trace: Error opening trace file: Permission denied (13)
12-31 19:05:19.730  3428  3428 I dex2oat : dex2oat took 672.236ms (threads: 4) arena alloc=0B (0B) java alloc=27KB (28240B) native alloc=403KB (413488B) free=2MB (2207952B)
12-31 19:05:19.808  3444  3444 I dex2oat : /system/bin/dex2oat --compiler-filter=verify-at-runtime
12-31 19:05:19.809  3444  3444 E cutils-trace: Error opening trace file: Permission denied (13)
12-31 19:05:19.989  3444  3444 I dex2oat : dex2oat took 181.772ms (threads: 4) arena alloc=0B (0B) java alloc=27KB (28240B) native alloc=961KB (984336B) free=1598KB (1637104B)
12-31 19:05:20.068  3453  3453 I dex2oat : /system/bin/dex2oat --compiler-filter=verify-at-runtime
12-31 19:05:20.068  3453  3453 E cutils-trace: Error opening trace file: Permission denied (13)
12-31 19:05:20.177  3453  3453 I dex2oat : dex2oat took 110.146ms (threads: 4) arena alloc=0B (0B) java alloc=31KB (32208B) native alloc=908KB (930640B) free=1139KB (1166512B)
12-31 19:05:20.255  3461  3461 I dex2oat : /system/bin/dex2oat --compiler-filter=verify-at-runtime
12-31 19:05:20.255  3461  3461 E cutils-trace: Error opening trace file: Permission denied (13)
12-31 19:05:20.348  3461  3461 I dex2oat : dex2oat took 94.687ms (threads: 4) arena alloc=0B (0B) java alloc=31KB (32240B) native alloc=744KB (761904B) free=1303KB (1335248B)
12-31 19:05:20.426  3468  3468 I dex2oat : /system/bin/dex2oat --compiler-filter=verify-at-runtime
12-31 19:05:20.427  3468  3468 E cutils-trace: Error opening trace file: Permission denied (13)
12-31 19:05:20.523  3468  3468 I dex2oat : dex2oat took 97.726ms (threads: 4) arena alloc=0B (0B) java alloc=27KB (28240B) native alloc=803KB (822448B) free=1244KB (1274704B)
12-31 19:05:20.601  3476  3476 I dex2oat : /system/bin/dex2oat --compiler-filter=verify-at-runtime
12-31 19:05:20.601  3476  3476 E cutils-trace: Error opening trace file: Permission denied (13)
12-31 19:05:20.703  3476  3476 I dex2oat : dex2oat took 103.210ms (threads: 4) arena alloc=0B (0B) java alloc=31KB (32216B) native alloc=978KB (1001552B) free=1069KB (1095600B)
12-31 19:05:20.782  3483  3483 I dex2oat : /system/bin/dex2oat --compiler-filter=verify-at-runtime
12-31 19:05:20.782  3483  3483 E cutils-trace: Error opening trace file: Permission denied (13)
12-31 19:05:20.964  3483  3483 I dex2oat : dex2oat took 183.079ms (threads: 4) arena alloc=0B (0B) java alloc=27KB (28240B) native alloc=968KB (991568B) free=1591KB (1629872B)
12-31 19:05:21.042  3491  3491 I dex2oat : /system/bin/dex2oat --compiler-filter=verify-at-runtime
12-31 19:05:21.042  3491  3491 E cutils-trace: Error opening trace file: Permission denied (13)
12-31 19:05:21.132  3491  3491 I dex2oat : dex2oat took 91.343ms (threads: 4) arena alloc=0B (0B) java alloc=31KB (32208B) native alloc=743KB (761200B) free=1304KB (1335952B)
12-31 19:05:21.211  3499  3499 I dex2oat : /system/bin/dex2oat --compiler-filter=verify-at-runtime
12-31 19:05:21.211  3499  3499 E cutils-trace: Error opening trace file: Permission denied (13)
12-31 19:05:21.431  3499  3499 I dex2oat : dex2oat took 221.367ms (threads: 4) arena alloc=0B (0B) java alloc=27KB (28240B) native alloc=928KB (951184B) free=1631KB (1670256B)
12-31 19:05:21.510  3508  3508 I dex2oat : /system/bin/dex2oat --compiler-filter=verify-at-runtime
12-31 19:05:21.510  3508  3508 E cutils-trace: Error opening trace file: Permission denied (13)
12-31 19:05:21.604  3508  3508 I dex2oat : dex2oat took 95.710ms (threads: 4) arena alloc=0B (0B) java alloc=27KB (28240B) native alloc=783KB (802224B) free=1264KB (1294928B)
12-31 19:05:21.612  1932  1932 I chatty  : uid=1000 system_server expire 10 lines
12-31 19:05:21.682  3515  3515 I dex2oat : /system/bin/dex2oat --compiler-filter=verify-at-runtime
12-31 19:05:21.682  3515  3515 E cutils-trace: Error opening trace file: Permission denied (13)
12-31 19:05:22.026  3515  3515 I dex2oat : dex2oat took 345.719ms (threads: 4) arena alloc=0B (0B) java alloc=27KB (28240B) native alloc=562KB (575544B) free=1997KB (2045896B)
12-31 19:05:22.107  3527  3527 I dex2oat : /system/bin/dex2oat --compiler-filter=verify-at-runtime
12-31 19:05:22.107  3527  3527 E cutils-trace: Error opening trace file: Permission denied (13)
12-31 19:05:22.210  3527  3527 I dex2oat : dex2oat took 104.140ms (threads: 4) arena alloc=0B (0B) java alloc=27KB (28240B) native alloc=883KB (904496B) free=1164KB (1192656B)
12-31 19:05:22.289  3534  3534 I dex2oat : /system/bin/dex2oat --compiler-filter=verify-at-runtime
12-31 19:05:22.289  3534  3534 E cutils-trace: Error opening trace file: Permission denied (13)
12-31 19:05:22.394  3534  3534 I dex2oat : dex2oat took 105.963ms (threads: 4) arena alloc=0B (0B) java alloc=31KB (32208B) native alloc=904KB (925808B) free=1143KB (1171344B)
12-31 19:05:22.473  3541  3541 I dex2oat : /system/bin/dex2oat --compiler-filter=verify-at-runtime
12-31 19:05:22.473  3541  3541 E cutils-trace: Error opening trace file: Permission denied (13)
12-31 19:05:22.569  3541  3541 I dex2oat : dex2oat took 97.456ms (threads: 4) arena alloc=0B (0B) java alloc=27KB (28240B) native alloc=889KB (910384B) free=1158KB (1186768B)
12-31 19:05:22.649  3548  3548 I dex2oat : /system/bin/dex2oat --compiler-filter=verify-at-runtime
12-31 19:05:22.649  3548  3548 E cutils-trace: Error opening trace file: Permission denied (13)
12-31 19:05:22.753  3548  3548 I dex2oat : dex2oat took 105.924ms (threads: 4) arena alloc=0B (0B) java alloc=31KB (32240B) native alloc=943KB (966256B) free=1104KB (1130896B)
12-31 19:05:22.833  3556  3556 I dex2oat : /system/bin/dex2oat --compiler-filter=verify-at-runtime
12-31 19:05:22.833  3556  3556 E cutils-trace: Error opening trace file: Permission denied (13)
12-31 19:05:23.463  3556  3556 I dex2oat : dex2oat took 632.198ms (threads: 4) arena alloc=0B (0B) java alloc=27KB (28240B) native alloc=462KB (473896B) free=2MB (2147544B)
12-31 19:05:23.548  3570  3570 I dex2oat : /system/bin/dex2oat --compiler-filter=verify-at-runtime
12-31 19:05:23.548  3570  3570 E cutils-trace: Error opening trace file: Permission denied (13)
12-31 19:05:31.195  3570  3570 I dex2oat : Large app, accepted running with swap.
12-31 19:05:31.893  3570  3570 I dex2oat : dex2oat took 8.346s (threads: 4) arena alloc=0B (0B) java alloc=43KB (44144B) native alloc=2MB (2647928B) free=2MB (2463880B) swap=16MB (16777216B)
12-31 19:05:32.013  3697  3697 I dex2oat : /system/bin/dex2oat --compiler-filter=verify-at-runtime
12-31 19:05:32.014  3697  3697 E cutils-trace: Error opening trace file: Permission denied (13)
12-31 19:05:32.356  3697  3697 I dex2oat : dex2oat took 345.104ms (threads: 4) arena alloc=0B (0B) java alloc=27KB (28240B) native alloc=937KB (960336B) free=1622KB (1661104B)
12-31 19:05:32.440  3709  3709 I dex2oat : /system/bin/dex2oat --compiler-filter=verify-at-runtime
12-31 19:05:32.440  3709  3709 E cutils-trace: Error opening trace file: Permission denied (13)
12-31 19:05:32.855  3709  3709 I dex2oat : dex2oat took 416.909ms (threads: 4) arena alloc=0B (0B) java alloc=31KB (32208B) native alloc=896KB (918488B) free=1663KB (1702952B)
12-31 19:05:32.937  3722  3722 I dex2oat : /system/bin/dex2oat --compiler-filter=verify-at-runtime
12-31 19:05:32.937  3722  3722 E cutils-trace: Error opening trace file: Permission denied (13)
12-31 19:05:33.032  3722  3722 I dex2oat : dex2oat took 96.700ms (threads: 4) arena alloc=0B (0B) java alloc=31KB (32216B) native alloc=866KB (887216B) free=1181KB (1209936B)
12-31 19:05:33.041  1932  1932 I chatty  : uid=1000 system_server expire 72 lines
12-31 19:05:33.113  3729  3729 I dex2oat : /system/bin/dex2oat --compiler-filter=verify-at-runtime
12-31 19:05:33.113  3729  3729 E cutils-trace: Error opening trace file: Permission denied (13)
12-31 19:05:33.209  3729  3729 I dex2oat : dex2oat took 97.332ms (threads: 4) arena alloc=0B (0B) java alloc=27KB (28240B) native alloc=767KB (786288B) free=1280KB (1310864B)
12-31 19:05:33.291  3737  3737 I dex2oat : /system/bin/dex2oat --compiler-filter=verify-at-runtime
12-31 19:05:33.291  3737  3737 E cutils-trace: Error opening trace file: Permission denied (13)
12-31 19:05:33.492  3737  3737 I dex2oat : dex2oat took 202.256ms (threads: 4) arena alloc=0B (0B) java alloc=31KB (32216B) native alloc=1017KB (1041680B) free=1542KB (1579760B)
12-31 19:05:33.573  3745  3745 I dex2oat : /system/bin/dex2oat --compiler-filter=verify-at-runtime
12-31 19:05:33.574  3745  3745 E cutils-trace: Error opening trace file: Permission denied (13)
12-31 19:05:33.721  3745  3745 I dex2oat : dex2oat took 149.540ms (threads: 4) arena alloc=0B (0B) java alloc=31KB (32208B) native alloc=957KB (980432B) free=1602KB (1641008B)
12-31 19:05:33.804  3755  3755 I dex2oat : /system/bin/dex2oat --compiler-filter=verify-at-runtime
12-31 19:05:33.804  3755  3755 E cutils-trace: Error opening trace file: Permission denied (13)
12-31 19:05:33.917  3755  3755 I dex2oat : dex2oat took 115.197ms (threads: 4) arena alloc=0B (0B) java alloc=27KB (28240B) native alloc=937KB (959856B) free=1110KB (1137296B)
12-31 19:05:33.998  3762  3762 I dex2oat : /system/bin/dex2oat --compiler-filter=verify-at-runtime
12-31 19:05:33.998  3762  3762 E cutils-trace: Error opening trace file: Permission denied (13)
12-31 19:05:34.726  3762  3762 I dex2oat : dex2oat took 728.938ms (threads: 4) arena alloc=0B (0B) java alloc=31KB (32208B) native alloc=399KB (408768B) free=2MB (2212672B)
12-31 19:05:34.809  3779  3779 I dex2oat : /system/bin/dex2oat --compiler-filter=verify-at-runtime
12-31 19:05:34.809  3779  3779 E cutils-trace: Error opening trace file: Permission denied (13)
12-31 19:05:34.911  3779  3779 I dex2oat : dex2oat took 102.375ms (threads: 4) arena alloc=0B (0B) java alloc=31KB (32216B) native alloc=915KB (937392B) free=1132KB (1159760B)
12-31 19:05:34.994  3786  3786 I dex2oat : /system/bin/dex2oat --compiler-filter=verify-at-runtime
12-31 19:05:34.994  3786  3786 E cutils-trace: Error opening trace file: Permission denied (13)
12-31 19:05:35.102  3786  3786 I dex2oat : dex2oat took 110.325ms (threads: 4) arena alloc=0B (0B) java alloc=31KB (32208B) native alloc=746KB (764272B) free=1301KB (1332880B)
12-31 19:05:35.183  3794  3794 I dex2oat : /system/bin/dex2oat --compiler-filter=verify-at-runtime
12-31 19:05:35.183  3794  3794 E cutils-trace: Error opening trace file: Permission denied (13)
12-31 19:05:35.286  3794  3794 I dex2oat : dex2oat took 104.244ms (threads: 4) arena alloc=0B (0B) java alloc=27KB (28240B) native alloc=937KB (960240B) free=1110KB (1136912B)
12-31 19:05:35.367  3801  3801 I dex2oat : /system/bin/dex2oat --compiler-filter=verify-at-runtime
12-31 19:05:35.367  3801  3801 E cutils-trace: Error opening trace file: Permission denied (13)
12-31 19:05:35.465  3801  3801 I dex2oat : dex2oat took 99.771ms (threads: 4) arena alloc=0B (0B) java alloc=27KB (28240B) native alloc=763KB (782320B) free=1284KB (1314832B)
12-31 19:05:35.545  3808  3808 I dex2oat : /system/bin/dex2oat --compiler-filter=verify-at-runtime
12-31 19:05:35.546  3808  3808 E cutils-trace: Error opening trace file: Permission denied (13)
12-31 19:05:35.688  3808  3808 I dex2oat : dex2oat took 144.541ms (threads: 4) arena alloc=0B (0B) java alloc=27KB (28240B) native alloc=957KB (980592B) free=1602KB (1640848B)
12-31 19:05:35.770  3817  3817 I dex2oat : /system/bin/dex2oat --compiler-filter=verify-at-runtime
12-31 19:05:35.770  3817  3817 E cutils-trace: Error opening trace file: Permission denied (13)
12-31 19:05:35.866  3817  3817 I dex2oat : dex2oat took 97.570ms (threads: 4) arena alloc=0B (0B) java alloc=31KB (32216B) native alloc=763KB (782128B) free=1284KB (1315024B)
12-31 19:05:35.946  3824  3824 I dex2oat : /system/bin/dex2oat --compiler-filter=verify-at-runtime
12-31 19:05:35.946  3824  3824 E cutils-trace: Error opening trace file: Permission denied (13)
12-31 19:05:36.187  3824  3824 I dex2oat : dex2oat took 242.661ms (threads: 4) arena alloc=0B (0B) java alloc=27KB (28240B) native alloc=965KB (988944B) free=1594KB (1632496B)
12-31 19:05:36.269  3833  3833 I dex2oat : /system/bin/dex2oat --compiler-filter=verify-at-runtime
12-31 19:05:36.270  3833  3833 E cutils-trace: Error opening trace file: Permission denied (13)
12-31 19:05:36.373  3833  3833 I dex2oat : dex2oat took 105.246ms (threads: 4) arena alloc=0B (0B) java alloc=31KB (32216B) native alloc=910KB (932016B) free=1137KB (1165136B)
12-31 19:05:36.453  3840  3840 I dex2oat : /system/bin/dex2oat --compiler-filter=verify-at-runtime
12-31 19:05:36.453  3840  3840 E cutils-trace: Error opening trace file: Permission denied (13)
12-31 19:05:36.555  3840  3840 I dex2oat : dex2oat took 103.251ms (threads: 4) arena alloc=0B (0B) java alloc=27KB (28240B) native alloc=863KB (884400B) free=1184KB (1212752B)
12-31 19:05:36.637  3847  3847 I dex2oat : /system/bin/dex2oat --compiler-filter=verify-at-runtime
12-31 19:05:36.637  3847  3847 E cutils-trace: Error opening trace file: Permission denied (13)
12-31 19:05:36.741  3847  3847 I dex2oat : dex2oat took 105.445ms (threads: 4) arena alloc=0B (0B) java alloc=27KB (28240B) native alloc=743KB (761264B) free=1304KB (1335888B)
12-31 19:05:36.824  3854  3854 I dex2oat : /system/bin/dex2oat --compiler-filter=verify-at-runtime
12-31 19:05:36.825  3854  3854 E cutils-trace: Error opening trace file: Permission denied (13)
12-31 19:05:36.969  3854  3854 I dex2oat : dex2oat took 146.354ms (threads: 4) arena alloc=0B (0B) java alloc=27KB (28240B) native alloc=958KB (981360B) free=1601KB (1640080B)
12-31 19:05:37.050  3862  3862 I dex2oat : /system/bin/dex2oat --compiler-filter=verify-at-runtime
12-31 19:05:37.051  3862  3862 E cutils-trace: Error opening trace file: Permission denied (13)
12-31 19:05:37.148  3862  3862 I dex2oat : dex2oat took 99.018ms (threads: 4) arena alloc=0B (0B) java alloc=31KB (32216B) native alloc=746KB (764208B) free=1301KB (1332944B)
12-31 19:05:37.230  3869  3869 I dex2oat : /system/bin/dex2oat --compiler-filter=verify-at-runtime
12-31 19:05:37.230  3869  3869 E cutils-trace: Error opening trace file: Permission denied (13)
12-31 19:05:37.409  3869  3869 I dex2oat : dex2oat took 180.973ms (threads: 4) arena alloc=0B (0B) java alloc=27KB (28240B) native alloc=955KB (978896B) free=1604KB (1642544B)
12-31 19:05:37.492  3877  3877 I dex2oat : /system/bin/dex2oat --compiler-filter=verify-at-runtime
12-31 19:05:37.492  3877  3877 E cutils-trace: Error opening trace file: Permission denied (13)
12-31 19:05:37.603  3877  3877 I dex2oat : dex2oat took 112.562ms (threads: 4) arena alloc=0B (0B) java alloc=27KB (28240B) native alloc=771KB (790384B) free=1276KB (1306768B)
12-31 19:05:37.685  3885  3885 I dex2oat : /system/bin/dex2oat --compiler-filter=verify-at-runtime
12-31 19:05:37.686  3885  3885 E cutils-trace: Error opening trace file: Permission denied (13)
12-31 19:05:38.019  3885  3885 I dex2oat : dex2oat took 334.739ms (threads: 4) arena alloc=0B (0B) java alloc=31KB (32216B) native alloc=891KB (913296B) free=1668KB (1708144B)
12-31 19:05:38.099  3895  3895 I dex2oat : /system/bin/dex2oat --compiler-filter=verify-at-runtime
12-31 19:05:38.100  3895  3895 E cutils-trace: Error opening trace file: Permission denied (13)
12-31 19:05:38.200  3895  3895 I dex2oat : dex2oat took 102.468ms (threads: 4) arena alloc=0B (0B) java alloc=31KB (32208B) native alloc=744KB (761968B) free=1303KB (1335184B)
12-31 19:05:38.281  3903  3903 I dex2oat : /system/bin/dex2oat --compiler-filter=verify-at-runtime
12-31 19:05:38.281  3903  3903 E cutils-trace: Error opening trace file: Permission denied (13)
12-31 19:05:38.426  3903  3903 I dex2oat : dex2oat took 146.438ms (threads: 4) arena alloc=0B (0B) java alloc=31KB (32216B) native alloc=974KB (997712B) free=1585KB (1623728B)
12-31 19:05:38.510  3911  3911 I dex2oat : /system/bin/dex2oat --compiler-filter=verify-at-runtime
12-31 19:05:38.510  3911  3911 E cutils-trace: Error opening trace file: Permission denied (13)
12-31 19:05:39.366  3911  3911 I dex2oat : dex2oat took 857.612ms (threads: 4) arena alloc=0B (0B) java alloc=27KB (28240B) native alloc=505KB (517480B) free=2MB (2103960B)
12-31 19:05:39.449  3931  3931 I dex2oat : /system/bin/dex2oat --compiler-filter=verify-at-runtime
12-31 19:05:39.449  3931  3931 E cutils-trace: Error opening trace file: Permission denied (13)
12-31 19:05:40.240  3931  3931 I dex2oat : dex2oat took 792.788ms (threads: 4) arena alloc=0B (0B) java alloc=31KB (32240B) native alloc=475KB (486552B) free=2MB (2134888B)
12-31 19:05:40.324  3948  3948 I dex2oat : /system/bin/dex2oat --compiler-filter=verify-at-runtime
12-31 19:05:40.325  3948  3948 E cutils-trace: Error opening trace file: Permission denied (13)
12-31 19:05:40.642  3948  3948 I dex2oat : dex2oat took 318.585ms (threads: 4) arena alloc=0B (0B) java alloc=31KB (32216B) native alloc=922KB (944272B) free=2MB (2201456B)
12-31 19:05:40.724  3959  3959 I dex2oat : /system/bin/dex2oat --compiler-filter=verify-at-runtime
12-31 19:05:40.724  3959  3959 E cutils-trace: Error opening trace file: Permission denied (13)
12-31 19:05:40.824  3959  3959 I dex2oat : dex2oat took 102.191ms (threads: 4) arena alloc=0B (0B) java alloc=31KB (32208B) native alloc=744KB (761968B) free=1303KB (1335184B)
12-31 19:05:40.920  1932  3967 I chatty  : uid=1000(system) NetdConnector expire 1 line
12-31 19:05:41.095  1932  3976 I chatty  : uid=1000(system) IpManager.wlan0 expire 1 line
12-31 19:05:41.096  1932  3975 I chatty  : uid=1000(system) WifiStateMachin expire 58 lines
12-31 19:05:41.836  1932  3978 I chatty  : uid=1000 system_server expire 3 lines
12-31 19:05:42.325  1431  1535 D PermissionCache: checking android.permission.MODIFY_AUDIO_SETTINGS for uid=1000 => granted (1492 us)
12-31 19:05:42.333  1431  1510 W AudioFlinger: no wake lock to update, system not ready yet
12-31 19:05:42.605  1932  4021 I chatty  : uid=1000 system_server expire 5 lines
12-31 19:05:42.607  1932  4022 I chatty  : uid=1000 system_server expire 1 line
12-31 19:05:42.609  1932  4023 I chatty  : uid=1000 system_server expire 1 line
12-31 19:05:42.611  1932  4024 I chatty  : uid=1000 system_server expire 1 line
12-31 19:05:42.623  1932  4025 I chatty  : uid=1000 system_server expire 1 line
12-31 19:05:42.710  1390  1403 I [Gralloc]: ion_alloc from ion_client:20 via heap type DMA(mask:16) for 1327104 Bytes uncached buffer successfully, usage = 0x00000100
12-31 19:05:42.921  1932  3974 I chatty  : uid=1000(system) WifiService expire 2 lines
12-31 19:05:42.946  1932  3998 I chatty  : uid=1000(system) ConnectivitySer expire 2 lines
12-31 19:05:42.947  1932  4034 I chatty  : uid=1000(system) EthernetService expire 4 lines
12-31 19:05:42.957  1386  1842 D CommandListener: Setting iface cfg
12-31 19:05:42.957  1386  1842 D CommandListener: Trying to bring up eth0
12-31 19:05:43.095  1932  4041 I chatty  : uid=1000(system) PppoeServiceThr expire 4 lines
12-31 19:05:43.204  1431  4010 D PermissionCache: checking android.permission.CAPTURE_AUDIO_HOTWORD for uid=1000 => granted (314 us)
12-31 19:05:43.205  1932  1932 I chatty  : uid=1000 system_server expire 45 lines
12-31 19:05:43.246  1365  1600 D vold    : Remounting 1001 as mode none
12-31 19:05:43.247  1932  2326 I chatty  : uid=1000(system) PowerManagerSer expire 1 line
12-31 19:05:43.260  1932  1932 I chatty  : uid=1000 system_server expire 49 lines
12-31 19:05:43.260  1365  1600 D vold    : Remounting 1001 as mode none
12-31 19:05:43.274  1365  1600 D vold    : Remounting 1000 as mode none
12-31 19:05:43.275  4047  4047 I AW-PPPoE: Stopping pppoe on 
12-31 19:05:43.280  1390  1647 I [Gralloc]: ion_alloc from ion_client:20 via heap type DMA(mask:16) for 3686400 Bytes cached buffer successfully, usage = 0x00000933
12-31 19:05:43.285  1365  1600 D vold    : Found matching PID 1380
12-31 19:05:43.285  1365  1600 W vold    : Skipping due to root namespace
12-31 19:05:43.286  1365  1600 D vold    : Found matching PID 1389
12-31 19:05:43.286  1365  1600 W vold    : Skipping due to root namespace
12-31 19:05:43.286  1365  1600 D vold    : Found matching PID 1390
12-31 19:05:43.286  1365  1600 W vold    : Skipping due to root namespace
12-31 19:05:43.287  1365  1600 D vold    : Found matching PID 1932
12-31 19:05:43.333  1390  1390 D hwcomposer: realloc 3 for AllLayers
12-31 19:05:43.354  1390  1390 D hwcomposer: total alloc num 5
12-31 19:05:43.354  1390  1390 D hwcomposer: total alloc num 6
12-31 19:05:43.354  1390  1390 D hwcomposer: total alloc num 7
12-31 19:05:43.354  1390  1390 D hwcomposer: total alloc num 8
12-31 19:05:43.386  1365  1600 D vold    : Remounting 1000 as mode none
12-31 19:05:43.393  1365  1600 D vold    : Found matching PID 1380
12-31 19:05:43.393  1365  1600 W vold    : Skipping due to root namespace
12-31 19:05:43.393  1365  1600 D vold    : Found matching PID 1389
12-31 19:05:43.393  1365  1600 W vold    : Skipping due to root namespace
12-31 19:05:43.393  1365  1600 D vold    : Found matching PID 1390
12-31 19:05:43.393  1365  1600 W vold    : Skipping due to root namespace
12-31 19:05:43.394  1365  1600 D vold    : Found matching PID 1932
12-31 19:05:43.408  1365  1600 D vold    : Remounting 2000 as mode none
12-31 19:05:43.416  1365  1600 D vold    : Found matching PID 1416
12-31 19:05:43.416  1365  1600 W vold    : Skipping due to root namespace
12-31 19:05:43.416  1365  1600 D vold    : Found matching PID 4013
12-31 19:05:43.417  1365  1600 W vold    : Skipping due to root namespace
12-31 19:05:43.419  1365  1600 D vold    : Remounting 2000 as mode none
12-31 19:05:43.426  1365  1600 D vold    : Found matching PID 1416
12-31 19:05:43.426  1365  1600 W vold    : Skipping due to root namespace
12-31 19:05:43.427  1365  1600 D vold    : Found matching PID 4013
12-31 19:05:43.427  1365  1600 W vold    : Skipping due to root namespace
12-31 19:05:43.431  1365  1600 D vold    : Remounting 10026 as mode none
12-31 19:05:43.444  1365  1600 D vold    : Remounting 10026 as mode none
12-31 19:05:43.457  1365  1600 D vold    : Remounting 1002 as mode none
12-31 19:05:43.465  1932  3246 I chatty  : uid=1000(system) VoldConnector expire 26 lines
12-31 19:05:43.467  1365  1600 D vold    : Remounting 1002 as mode none
12-31 19:05:43.468  1932  2322 I chatty  : uid=1000(system) android.fg expire 1 line
12-31 19:05:43.483  1365  1600 D vold    : Remounting 10019 as mode none
12-31 19:05:43.494  1365  1600 D vold    : Remounting 10020 as mode none
12-31 19:05:43.504  1365  1600 D vold    : Remounting 10020 as mode none
12-31 19:05:43.521  1365  1600 D vold    : Remounting 10032 as mode none
12-31 19:05:43.531  1365  1600 D vold    : Remounting 10032 as mode none
12-31 19:05:43.542  1365  1600 D vold    : Remounting 10007 as mode none
12-31 19:05:43.553  1365  1600 D vold    : Remounting 10007 as mode none
12-31 19:05:43.564  1365  1600 D vold    : Remounting 10010 as mode none
12-31 19:05:43.574  1365  1600 D vold    : Remounting 10010 as mode none
12-31 19:05:43.586  1365  1600 D vold    : Remounting 10002 as mode none
12-31 19:05:43.596  1365  1600 D vold    : Remounting 10002 as mode none
12-31 19:05:43.610  1365  1600 D vold    : Remounting 10040 as mode none
12-31 19:05:43.629  1365  1600 D vold    : Remounting 10040 as mode none
12-31 19:05:43.644  1365  1600 D vold    : Remounting 10011 as mode none
12-31 19:05:43.654  1365  1600 D vold    : Remounting 10011 as mode none
12-31 19:05:43.665  1365  1600 D vold    : Remounting 10045 as mode none
12-31 19:05:43.675  1365  1600 D vold    : Remounting 10045 as mode none
12-31 19:05:43.866  1932  3245 I chatty  : uid=1000(system) MountService expire 5 lines
12-31 19:05:43.868  1365  1601 D vold    : e4crypt_unlock_user_key 0 serial=0 token_present=0
12-31 19:05:43.869  1365  1601 E vold    : Failed to chmod /data/system_ce/0: No such file or directory
12-31 19:05:43.869  1365  1601 E vold    : Failed to chmod /data/misc_ce/0: No such file or directory
12-31 19:05:43.870  1365  1601 E vold    : Failed to chmod /data/media/0: No such file or directory
12-31 19:05:43.875  1431  1431 V audio_hw_primary: adev_set_parameters, A2dpSuspended=false
12-31 19:05:43.875  1431  1431 D audio_hw_primary: str_parms_get_str,KARAOKE_CH
12-31 19:05:43.875  1431  1431 D audio_hw_primary: value = 8Y[
12-31 19:05:43.875  1431  1431 D audio_hw_primary: KARAOKE_CH failed
12-31 19:05:43.875  1431  1431 D audio_hw_primary: myprint: ready set parameter karaok mic
12-31 19:05:43.875  1431  1431 D audio_hw_primary: myprint: end set parameter karaok mic
12-31 19:05:43.875  1431  1431 D audio_hw_primary: myprint: ready set parameter karaok volume
12-31 19:05:43.875  1431  1431 D audio_hw_primary: myprint: end set parameter karaok volume
12-31 19:05:43.877  1932  2314 I chatty  : uid=1000(system) ActivityManager expire 1 line
12-31 19:05:43.879  1365  1600 V vold    : /system/bin/sgdisk
12-31 19:05:43.879  1365  1600 V vold    :     --android-dump
12-31 19:05:43.879  1365  1600 V vold    :     /dev/block/vold/disk:8,0
12-31 19:05:43.881  1932  2322 V MountService: 1Found primary storage at VolumeInfo{emulated}:
12-31 19:05:43.881  1932  2322 V MountService:     type=EMULATED diskId=null partGuid=null mountFlags=0 mountUserId=-1 
12-31 19:05:43.881  1932  2322 V MountService:     state=UNMOUNTED 
12-31 19:05:43.881  1932  2322 V MountService:     fsType=null fsUuid=null fsLabel=null 
12-31 19:05:43.881  1932  2322 V MountService:     path=null internalPath=null 
12-31 19:05:43.881  1932  3246 D VoldConnector: RCV <- {640 disk:8,0 9}
12-31 19:05:43.882  1932  3246 D VoldConnector: RCV <- {641 disk:8,0 15640592384}
12-31 19:05:43.882  1932  3246 D VoldConnector: RCV <- {642 disk:8,0 Kingston
12-31 19:05:43.882  1932  3246 D VoldConnector: }
12-31 19:05:43.883  1932  3246 D VoldConnector: RCV <- {644 disk:8,0 /sys//devices/platform/soc/1c1c000.ehci2-controller/usb3/3-1/3-1:1.0/host0/target0:0:0/0:0:0:0/block/sda}
12-31 19:05:43.884  1932  4007 I chatty  : uid=1000(system) AudioService expire 2 lines
12-31 19:05:43.891  1932  1932 I SystemServer: WebViewFactory preparation
12-31 19:05:43.899  1431  4008 I AudioFlinger: systemReady
12-31 19:05:43.961  1932  1932 I ActivityManager: Start proc 4100:WebViewLoader-armeabi-v7a/1037 [android.webkit.WebViewFactory$RelroFileCreator] for 
12-31 19:05:43.997  1932  1932 I ActivityManager: Start proc 4113:com.android.systemui/u0a26 for service com.android.systemui/.SystemUIService
12-31 19:05:44.000  1932  1932 D NetworkManagement: enabling bandwidth control
12-31 19:05:44.002  1932  4090 D UsbHostManager: Added device UsbDevice[mName=/dev/bus/usb/003/002,mVendorId=2385,mProductId=5733,mClass=0,mSubclass=0,mProtocol=0,mManufacturerName=Kingston,mProductName=DataTraveler 2.0,mVersion=2.0,mSerialNumber=1C6F654E4041DDC000003BAD,mConfigurations=[
12-31 19:05:44.002  1932  4090 D UsbHostManager: UsbConfiguration[mId=1,mName=null,mAttributes=128,mMaxPower=50,mInterfaces=[
12-31 19:05:44.002  1932  4090 D UsbHostManager: UsbInterface[mId=0,mAlternateSetting=0,mName=null,mClass=8,mSubclass=6,mProtocol=80,mEndpoints=[
12-31 19:05:44.002  1932  4090 D UsbHostManager: UsbEndpoint[mAddress=129,mAttributes=2,mMaxPacketSize=512,mInterval=0]
12-31 19:05:44.002  1932  4090 D UsbHostManager: UsbEndpoint[mAddress=2,mAttributes=2,mMaxPacketSize=512,mInterval=0]]]]
12-31 19:05:44.025  4100  4100 V WebViewFactory: RelroFileCreator (64bit = false),  32-bit lib: /system/app/webview/webview.apk!/lib/armeabi-v7a/libwebviewchromium.so, 64-bit lib: 
12-31 19:05:44.074  1365  1600 V vold    : DISK gpt 1CA1385F-D7D4-43F3-BA7E-C1133A2F949D
12-31 19:05:44.074  1365  1600 V vold    : 
12-31 19:05:44.074  1365  1600 V vold    : PART 1 EBD0A0A2-B9E5-4433-87C0-68B6B72699C7 8FAEE576-4A38-4A6D-BAF1-DD87BF1CB88D Microsoft basic data
12-31 19:05:44.074  1365  1600 V vold    : 
12-31 19:05:44.074  1365  1600 V vold    : PART 2 0FC63DAF-8483-4772-8E79-3D69D8477DE4 BC3FBAF0-9E19-454E-9C0D-F0AAFEA3FA07 Linux filesystem
12-31 19:05:44.074  1365  1600 V vold    : 
12-31 19:05:44.076  1932  3246 D VoldConnector: RCV <- {650 public:8_1 0 "disk:8,0" ""}
12-31 19:05:44.077  1932  3246 D VoldConnector: RCV <- {651 public:8_1 0}
12-31 19:05:44.077  1932  3246 D VoldConnector: RCV <- {643 disk:8,0}
12-31 19:05:44.078  1932  3246 D VoldConnector: RCV <- {200 30 Command succeeded}
12-31 19:05:44.080  1932  3245 D VoldConnector: SND -> {31 volume user_added 0 0}
12-31 19:05:44.084  1932  3246 D VoldConnector: RCV <- {200 31 Command succeeded}
12-31 19:05:44.087  1932  3245 D VoldConnector: SND -> {32 volume mount emulated 3 -1}
12-31 19:05:44.088  1932  3246 D VoldConnector: RCV <- {651 emulated 1}
12-31 19:05:44.089  1932  3246 D VoldConnector: RCV <- {656 emulated /data/media}
12-31 19:05:44.089  1932  3246 D VoldConnector: RCV <- {655 emulated /storage/emulated}
12-31 19:05:44.093  1365  1600 V vold    : Waiting for FUSE to spin up...
12-31 19:05:44.100  1441  1441 I MediaPlayerService: MediaPlayerService::getOMX
12-31 19:05:44.114  4113  4113 W System  : ClassLoader referenced unknown path: /system/priv-app/SystemUI/lib/arm
12-31 19:05:44.133  1441  1441 D cedarc  : <InitVDLib:62>: vdecoder open lib: /system/lib/libawh265.so
12-31 19:05:44.134  1441  1441 E cedarc  : <VDecoderRegister:113>: [40;31mAdd '116:h265' fail! '116:h265' already register![0m
12-31 19:05:44.134  1441  1441 E cedarc  : <CedarPluginVDInit:81>: [40;31mregister h265 decoder failure!!![0m
12-31 19:05:44.143  1365  1600 V vold    : Waiting for FUSE to spin up...
12-31 19:05:44.150  1441  1441 D cedarc  : <InitVDLib:62>: vdecoder open lib: /system/lib/libawh265soft.so
12-31 19:05:44.162  1441  1441 W cedarc  : <VDecoderRegister:128>: register codec: '116:h265soft' success.
12-31 19:05:44.163  1441  1441 D cedarc  : <InitVDLib:62>: vdecoder open lib: /system/lib/libawh264.so
12-31 19:05:44.164  1441  1441 E cedarc  : <VDecoderRegister:113>: [40;31mAdd '115:h264' fail! '115:h264' already register![0m
12-31 19:05:44.164  1441  1441 E cedarc  : <CedarPluginVDInit:143>: [40;31mregister h264 decoder failure!!![0m
12-31 19:05:44.164  1441  1441 D cedarc  : <InitVDLib:62>: vdecoder open lib: /system/lib/libawmjpeg.so
12-31 19:05:44.165  1441  1441 E cedarc  : <VDecoderRegister:113>: [40;31mAdd '101:mjpeg' fail! '101:mjpeg' already register![0m
12-31 19:05:44.165  1441  1441 E cedarc  : <CedarPluginVDInit:77>: [40;31mregister mjpeg soft decoder failure!!![0m
12-31 19:05:44.165  1441  1441 D cedarc  : <InitVDLib:62>: vdecoder open lib: /system/lib/libawmjpegplus.so
12-31 19:05:44.165  1441  1441 E cedarc  : <VDecoderRegister:113>: [40;31mAdd '101:mjpegplus' fail! '101:mjpegplus' already register![0m
12-31 19:05:44.165  1441  1441 E cedarc  : <CedarPluginVDInit:80>: [40;31mregister mjpegplus soft decoder failure!!![0m
12-31 19:05:44.166  1441  1441 D cedarc  : <InitVDLib:62>: vdecoder open lib: /system/lib/libawmpeg2.so
12-31 19:05:44.166  1441  1441 E cedarc  : <VDecoderRegister:113>: [40;31mAdd '102:mpeg2' fail! '102:mpeg2' already register![0m
12-31 19:05:44.166  1441  1441 E cedarc  : <VDecoderRegister:113>: [40;31mAdd '103:mpeg2' fail! '103:mpeg2' already register![0m
12-31 19:05:44.166  1441  1441 E cedarc  : <CedarPluginVDInit:83>: [40;31mregister mpeg2 soft decoder failure!!![0m
12-31 19:05:44.167  1441  1441 W cedarc  : <InitVDLib:59>: Invalid plugin, CedarPluginVDInit not found.
12-31 19:05:44.168  1441  1441 D cedarc  : <InitVDLib:62>: vdecoder open lib: /system/lib/libawmpeg4normal.so
12-31 19:05:44.168  1441  1441 E cedarc  : <VDecoderRegister:113>: [40;31mAdd '10a:mpeg4Normal' fail! '10a:mpeg4Normal' already register![0m
12-31 19:05:44.168  1441  1441 E cedarc  : <VDecoderRegister:113>: [40;31mAdd '10c:mpeg4Normal' fail! '10c:mpeg4Normal' already register![0m
12-31 19:05:44.168  1441  1441 E cedarc  : <VDecoderRegister:113>: [40;31mAdd '108:mpeg4Normal' fail! '108:mpeg4Normal' already register![0m
12-31 19:05:44.168  1441  1441 E cedarc  : <VDecoderRegister:113>: [40;31mAdd '109:mpeg4Normal' fail! '109:mpeg4Normal' already register![0m
12-31 19:05:44.168  1441  1441 E cedarc  : <CedarPluginVDInit:84>: [40;31mregister mpeg4Normal decoder failure!!![0m
12-31 19:05:44.169  1441  1441 D cedarc  : <InitVDLib:62>: vdecoder open lib: /system/lib/libawmpeg4vp6.so
12-31 19:05:44.169  1441  1441 E cedarc  : <VDecoderRegister:113>: [40;31mAdd '111:Mpeg4Vp6' fail! '111:Mpeg4Vp6' already register![0m
12-31 19:05:44.169  1441  1441 E cedarc  : <CedarPluginVDInit:73>: [40;31mregister Mpeg4Vp6 decoder failure!!![0m
12-31 19:05:44.170  1441  1441 D cedarc  : <InitVDLib:62>: vdecoder open lib: /system/lib/libawmpeg4dx.so
12-31 19:05:44.170  1441  1441 E cedarc  : <VDecoderRegister:113>: [40;31mAdd '105:mpeg4dx' fail! '105:mpeg4dx' already register![0m
12-31 19:05:44.170  1441  1441 E cedarc  : <VDecoderRegister:113>: [40;31mAdd '106:mpeg4dx' fail! '106:mpeg4dx' already register![0m
12-31 19:05:44.170  1441  1441 E cedarc  : <VDecoderRegister:113>: [40;31mAdd '107:mpeg4dx' fail! '107:mpeg4dx' already register![0m
12-31 19:05:44.170  1441  1441 E cedarc  : <VDecoderRegister:113>: [40;31mAdd '10e:mpeg4dx' fail! '10e:mpeg4dx' already register![0m
12-31 19:05:44.170  1441  1441 E cedarc  : <VDecoderRegister:113>: [40;31mAdd '10f:mpeg4dx' fail! '10f:mpeg4dx' already register![0m
12-31 19:05:44.170  1441  1441 E cedarc  : <CedarPluginVDInit:85>: [40;31mregister mpeg4dx soft decoder failure!!![0m
12-31 19:05:44.171  1441  1441 D cedarc  : <InitVDLib:62>: vdecoder open lib: /system/lib/libawmpeg4h263.so
12-31 19:05:44.171  1441  1441 E cedarc  : <VDecoderRegister:113>: [40;31mAdd '104:mpeg4H263' fail! '104:mpeg4H263' already register![0m
12-31 19:05:44.171  1441  1441 E cedarc  : <VDecoderRegister:113>: [40;31mAdd '10b:mpeg4H263' fail! '10b:mpeg4H263' already register![0m
12-31 19:05:44.171  1441  1441 E cedarc  : <VDecoderRegister:113>: [40;31mAdd '10d:mpeg4H263' fail! '10d:mpeg4H263' already register![0m
12-31 19:05:44.171  1441  1441 E cedarc  : <CedarPluginVDInit:76>: [40;31mregister mpeg4H263 decoder failure!!![0m
12-31 19:05:44.173  1441  1441 D cedarc  : <InitVDLib:62>: vdecoder open lib: /system/lib/libawvp8.so
12-31 19:05:44.173  1441  1441 E cedarc  : <VDecoderRegister:113>: [40;31mAdd '112:vp8' fail! '112:vp8' already register![0m
12-31 19:05:44.173  1441  1441 E cedarc  : <CedarPluginVDInit:69>: [40;31mregister vp8 decoder failure!!![0m
12-31 19:05:44.174  1441  1441 D cedarc  : <InitVDLib:62>: vdecoder open lib: /system/lib/libawwmv3.so
12-31 19:05:44.174  1441  1441 E cedarc  : <VDecoderRegister:113>: [40;31mAdd '110:vc1' fail! '110:vc1' already register![0m
12-31 19:05:44.174  1441  1441 E cedarc  : <CedarPluginVDInit:71>: [40;31mregister vc1 decoder failure!!![0m
12-31 19:05:44.201  1365  1600 V vold    : Waiting for FUSE to spin up...
12-31 19:05:44.203  1932  2322 I chatty  : uid=1000(system) android.fg expire 38 lines
12-31 19:05:44.224  1438  1438 I chatty  : uid=1046(mediacodec) expire 45 lines
12-31 19:05:44.247  4100  4100 I art     : System.exit called, status: 0
12-31 19:05:44.247  4100  4100 I AndroidRuntime: VM exiting with result code 0, cleanup skipped.
12-31 19:05:44.251  1365  1600 V vold    : Waiting for FUSE to spin up...
12-31 19:05:44.253  1932  2315 W WindowManager: Keyguard drawn timeout. Setting mKeyguardDrawComplete
12-31 19:05:44.290  1441  1441 I OMXClient: MuxOMX ctor
12-31 19:05:44.291  4130  4130 W sdcard  : Device explicitly disabled sdcardfs
12-31 19:05:44.297  1932  4090 W ContextImpl: Calling a method in the system process without a qualified user: android.app.ContextImpl.sendBroadcast:905 com.android.server.usb.UsbSettingsManager.deviceAttached:739 com.android.server.usb.UsbHostManager.endUsbDeviceAdded:225 com.android.server.usb.UsbHostManager.monitorUsbHostBus:-2 com.android.server.usb.UsbHostManager.-wrap0:-1 
12-31 19:05:44.301  1365  1600 V vold    : Waiting for FUSE to spin up...
12-31 19:05:44.305  1932  4090 D UsbHostManager: Added device UsbDevice[mName=/dev/bus/usb/006/002,mVendorId=8984,mProductId=10248,mClass=0,mSubclass=0,mProtocol=0,mManufacturerName=null,mProductName=2.4G Composite Devic,mVersion=1.16,mSerialNumber=null,mConfigurations=[
12-31 19:05:44.305  1932  4090 D UsbHostManager: UsbConfiguration[mId=1,mName=null,mAttributes=160,mMaxPower=50,mInterfaces=[
12-31 19:05:44.305  1932  4090 D UsbHostManager: UsbInterface[mId=0,mAlternateSetting=0,mName=null,mClass=3,mSubclass=1,mProtocol=1,mEndpoints=[
12-31 19:05:44.305  1932  4090 D UsbHostManager: UsbEndpoint[mAddress=129,mAttributes=3,mMaxPacketSize=8,mInterval=8]]
12-31 19:05:44.305  1932  4090 D UsbHostManager: UsbInterface[mId=1,mAlternateSetting=0,mName=null,mClass=3,mSubclass=1,mProtocol=2,mEndpoints=[
12-31 19:05:44.305  1932  4090 D UsbHostManager: UsbEndpoint[mAddress=130,mAttributes=3,mMaxPacketSize=8,mInterval=8]]]]
12-31 19:05:44.306  1932  4090 W ContextImpl: Calling a method in the system process without a qualified user: android.app.ContextImpl.sendBroadcast:905 com.android.server.usb.UsbSettingsManager.deviceAttached:739 com.android.server.usb.UsbHostManager.endUsbDeviceAdded:225 com.android.server.usb.UsbHostManager.monitorUsbHostBus:-2 com.android.server.usb.UsbHostManager.-wrap0:-1 
12-31 19:05:44.310  1441  1441 I MediaPlayerService: MediaPlayerService::getOMX
12-31 19:05:44.311  1441  1441 I OMXClient: MuxOMX ctor
12-31 19:05:44.355  1932  3246 D VoldConnector: RCV <- {651 emulated 2}
12-31 19:05:44.356  1932  3246 D VoldConnector: RCV <- {200 32 Command succeeded}
12-31 19:05:44.358  1932  3245 D VoldConnector: SND -> {33 volume mount public:8_1 2 0}
12-31 19:05:44.359  1365  1600 V vold    : /system/bin/blkid
