12-31 19:06:21.257  4877  4877 I CmaSystemUpdateService: receiver: Intent { act=com.google.android.gms.update.BOOT_START_SERVICE flg=0x10 pkg=com.google.android.gms cmp=com.google.android.gms/.update.SystemUpdateServiceReceiver }
12-31 19:06:21.290  4643  5008 W ContentTaskController: Invalid newTask was provided to startTracking.
12-31 19:06:21.424  4877  5608 I SystemUpdateTask: cancelUpdate (empty URL)
12-31 19:06:21.426  4877  5608 I CmaSystemUpdateService: active receiver: disabled
12-31 19:06:21.467  4877  5152 I Icing   : Usage reports 0 indexed 0 rejected 0 imm upload false
12-31 19:06:21.489  4877  5152 I Icing   : Indexing done D2E1758DF2F6C5B941C3FEBF06560586A191DA62
12-31 19:06:21.498  4643  5008 W ContentTaskController: Invalid newTask was provided to startTracking.
12-31 19:06:21.590  4643  5008 W ContentTaskController: Invalid newTask was provided to startTracking.
12-31 19:06:21.758  1932  4542 I ActivityManager: Start proc 5613:com.android.providers.calendar/u0a2 for broadcast com.android.providers.calendar/.CalendarProviderBroadcastReceiver
12-31 19:06:21.797  1932  5555 E SchedPolicy: add_tid_to_cgroup failed; fd=-1
12-31 19:06:21.798  1932  5555 W ActivityManager: Failed setting process group of 5613 to 0
12-31 19:06:21.825  5613  5613 W System  : ClassLoader referenced unknown path: /system/priv-app/CalendarProvider/lib/arm
12-31 19:06:21.856  4643  5008 W ContentTaskController: Invalid newTask was provided to startTracking.
12-31 19:06:21.978  5613  5613 I CalendarProvider2: Created com.android.providers.calendar.CalendarAlarmManager@547444d(com.android.providers.calendar.CalendarProvider2@6b5bb02)
12-31 19:06:22.068  4643  5008 W art     : Long monitor contention with owner main (4643) at void pzn.a(qag, int)(:com.google.android.gms:343) waiters=0 in void pzn.a(boolean, pzy) for 138ms
12-31 19:06:22.118  4643  5008 W ContentTaskController: Invalid newTask was provided to startTracking.
12-31 19:06:22.290  4643  5008 W ContentTaskController: Invalid newTask was provided to startTracking.
12-31 19:06:22.457  4643  5008 W ContentTaskController: Invalid newTask was provided to startTracking.
12-31 19:06:22.503  1932  4353 I RecoverySystemService: uncrypt clear bcb successfully finished.
12-31 19:06:22.505  5612  5612 I uncrypt :   received 0, exiting now
12-31 19:06:22.470  5612  5612 W uncrypt : type=1400 audit(0.0:25): avc: granted { write } for name="nandf" dev="tmpfs" ino=1259 scontext=u:r:uncrypt:s0 tcontext=u:object_r:block_device:s0 tclass=blk_file
12-31 19:06:22.470  5612  5612 W uncrypt : type=1400 audit(0.0:26): avc: granted { write open } for path="/dev/block/nandf" dev="tmpfs" ino=1259 scontext=u:r:uncrypt:s0 tcontext=u:object_r:block_device:s0 tclass=blk_file
12-31 19:06:22.659  5604  5611 W dex2oat : Class ol failed lock verification and will run slower.
12-31 19:06:22.659  5604  5611 W dex2oat : Common causes for lock verification issues are non-optimized dex code
12-31 19:06:22.659  5604  5611 W dex2oat : and incorrect proguard optimizations.
12-31 19:06:22.672  4643  5008 W art     : Long monitor contention with owner main (4643) at void pzn.a(qag, int)(:com.google.android.gms:343) waiters=0 in int pzn.d(pzt) for 183ms
12-31 19:06:22.751  4643  5008 W ContentTaskController: Invalid newTask was provided to startTracking.
12-31 19:06:22.902  4643  5008 W ContentTaskController: Invalid newTask was provided to startTracking.
12-31 19:06:23.061  5613  5613 I CalendarProvider2: Sending notification intent: Intent { act=android.intent.action.PROVIDER_CHANGED dat=content://com.android.calendar flg=0x20000000 }
12-31 19:06:23.061  5613  5613 W ContentResolver: Failed to get type for: content://com.android.calendar (Unknown URL content://com.android.calendar)
12-31 19:06:23.089  4643  5008 W art     : Long monitor contention with owner main (4643) at void pzn.a(qag, int)(:com.google.android.gms:343) waiters=0 in int pzn.d(pzt) for 142ms
12-31 19:06:23.098  4643  5008 W ContentTaskController: Invalid newTask was provided to startTracking.
12-31 19:06:23.564  1932  4197 E SchedPolicy: add_tid_to_cgroup failed; fd=-1
12-31 19:06:23.565  1932  4197 W ActivityManager: Failed setting process group of 5309 to 0
12-31 19:06:23.568  1932  5555 I ActivityManager: Killing 5613:com.android.providers.calendar/u0a2 (adj 902): empty #2
12-31 19:06:23.672  1932  4957 D ActivityManager: cleanUpApplicationRecord -- 5613
12-31 19:06:24.969  1932  2314 I ActivityManager: Waited long enough for: ServiceRecord{649f7f0 u0 com.android.providers.media/.MediaScannerService}
12-31 19:06:25.383  1932  2314 I ActivityManager: Waited long enough for: ServiceRecord{2eea31c u0 com.android.tv.settings/.users.UserSwitchListenerService}
12-31 19:06:25.685  1932  2314 I ActivityManager: Waited long enough for: ServiceRecord{b51df7f u0 com.example.android.usbbt/.USBBTService}
12-31 19:06:25.920  5257  5393 I chatty  : uid=10007(com.android.providers.media) android.process.media expire 512 lines
12-31 19:06:26.039  5604  5609 W dex2oat : Compilation of void maps.T.w.a(long) took 158.775ms
12-31 19:06:26.400  5604  5604 W dex2oat : Compilation of void maps.V.x$g.g() took 121.410ms
12-31 19:06:26.501  1441  1608 I chatty  : uid=1013(media) Binder:1441_1 expire 115 lines
12-31 19:06:26.502  1441  4168 I chatty  : uid=1013(media) Binder:1441_3 expire 114 lines
12-31 19:06:26.613  1441  1441 I chatty  : uid=1013(media) /system/bin/mediaserver expire 113 lines
12-31 19:06:26.615  1441  4167 I chatty  : uid=1013(media) Binder:1441_2 expire 112 lines
12-31 19:06:27.294  5604  5604 W dex2oat : Compilation of boolean vs.onTransact(int, android.os.Parcel, android.os.Parcel, int) took 127.222ms
12-31 19:06:28.945  1932  2331 V PackageManager: Sending package changed: package=com.google.android.gms components=[com.google.android.gms.app.receiver.OneTimeInitializerReceiver, com.google.android.gms.update.SystemUpdateServiceActiveReceiver]
12-31 19:06:28.945  1932  2331 V PackageManager: Sending package changed: package=com.google.android.gsf components=[com.google.android.gsf.checkin.CheckinService, com.google.android.gsf.update.SystemUpdateActivity, com.google.android.gsf.update.SystemUpdateService$SecretCodeReceiver, com.google.android.gsf.update.SystemUpdateService$Receiver]
12-31 19:06:28.952  4770  4770 D MediaBoxLauncher: resetShortcutScreen mode is 0
12-31 19:06:28.958  4770  4770 D MediaBoxLauncher: resetShortcutScreen mode is 0
12-31 19:06:28.967  4314  4314 E PhoneInterfaceManager: [PhoneIntfMgr] getCarrierPackageNamesForIntent: No UICC
12-31 19:06:28.967  4314  4314 D CarrierSvcBindHelper: No carrier app for: 0
12-31 19:06:28.968  1932  3241 I InputReader: Reconfiguring input devices.  changes=0x00000010
12-31 19:06:28.975  4770  5633 E LauncherActivityInfo: Unable to create badged icon for ActivityInfo{d9a498d com.topjohnwu.magisk.MainActivity}
12-31 19:06:28.975  1932  3241 I InputReader: Reconfiguring input devices.  changes=0x00000010
12-31 19:06:28.988  4314  4314 E PhoneInterfaceManager: [PhoneIntfMgr] getCarrierPackageNamesForIntent: No UICC
12-31 19:06:28.988  4314  4314 D CarrierSvcBindHelper: No carrier app for: 0
12-31 19:06:28.991  1932  2313 W Searchables: No global search activity found
12-31 19:06:28.994  4877  5346 I CheckinService: Done disabling old GoogleServicesFramework version
12-31 19:06:29.018  1932  2313 E SchedPolicy: add_tid_to_cgroup failed; fd=-1
12-31 19:06:29.019  1932  2313 W ActivityManager: Failed setting process group of 5309 to 1
12-31 19:06:29.047  4770  5634 E LauncherActivityInfo: Unable to create badged icon for ActivityInfo{dd999cb com.topjohnwu.magisk.MainActivity}
12-31 19:06:29.058  4770  4770 D MediaBoxLauncher: resetShortcutScreen mode is 0
12-31 19:06:29.072  4643  4643 I GCoreNlp: shouldConfirmNlp, NLP off. Ensuring opt-in disabled
12-31 19:06:29.074  1932  5555 E SchedPolicy: add_tid_to_cgroup failed; fd=-1
12-31 19:06:29.074  1932  5555 W ActivityManager: Failed setting process group of 4789 to 1
12-31 19:06:29.111  1932  2313 W Searchables: No global search activity found
12-31 19:06:29.204  1932  4957 E SchedPolicy: add_tid_to_cgroup failed; fd=-1
12-31 19:06:29.205  1932  4957 W ActivityManager: Failed setting process group of 4789 to 0
12-31 19:06:29.545  1441  4167 I chatty  : uid=1013(media) Binder:1441_2 expire 1 line
12-31 19:06:29.545  5257  5393 E SchedPolicy: Failed to find subsys cpuset
12-31 19:06:29.545  1441  1441 I chatty  : uid=1013(media) /system/bin/mediaserver expire 2 lines
12-31 19:06:29.545  5257  5393 E SchedPolicy: Failed to find subsys cpuset
12-31 19:06:29.546  5257  5393 E SchedPolicy: Failed to find subsys cpuset
12-31 19:06:29.546  1441  4168 I chatty  : uid=1013(media) Binder:1441_3 expire 1 line
12-31 19:06:29.546  5257  5393 E SchedPolicy: Failed to find subsys cpuset
12-31 19:06:29.547  1441  4167 I chatty  : uid=1013(media) Binder:1441_2 expire 2 lines
12-31 19:06:29.547  5257  5393 E SchedPolicy: Failed to find subsys cpuset
12-31 19:06:29.547  5257  5393 E SchedPolicy: Failed to find subsys cpuset
12-31 19:06:29.548  1441  1608 I chatty  : uid=1013(media) Binder:1441_1 expire 1 line
12-31 19:06:29.548  5257  5393 E SchedPolicy: Failed to find subsys cpuset
12-31 19:06:29.548  1441  4168 I chatty  : uid=1013(media) Binder:1441_3 expire 2 lines
12-31 19:06:29.549  5257  5393 E SchedPolicy: Failed to find subsys cpuset
12-31 19:06:29.549  5257  5393 E SchedPolicy: Failed to find subsys cpuset
12-31 19:06:29.549  1441  1441 I chatty  : uid=1013(media) /system/bin/mediaserver expire 1 line
12-31 19:06:29.550  5257  5393 E SchedPolicy: Failed to find subsys cpuset
12-31 19:06:29.550  1441  1608 I chatty  : uid=1013(media) Binder:1441_1 expire 2 lines
12-31 19:06:29.550  5257  5393 E SchedPolicy: Failed to find subsys cpuset
12-31 19:06:29.551  5257  5393 E SchedPolicy: Failed to find subsys cpuset
12-31 19:06:29.551  1441  4167 I chatty  : uid=1013(media) Binder:1441_2 expire 1 line
12-31 19:06:29.554  5257  5393 W MediaScanner: forcing rescan of /system/media/audio/notifications/pixiedust.oggsince ringtone setting didn't finish
12-31 19:06:29.578  5257  5393 E SchedPolicy: Failed to find subsys cpuset
12-31 19:06:29.578  1441  1441 I chatty  : uid=1013(media) /system/bin/mediaserver expire 2 lines
12-31 19:06:29.580  5257  5393 E SchedPolicy: Failed to find subsys cpuset
12-31 19:06:29.581  5257  5393 E SchedPolicy: Failed to find subsys cpuset
12-31 19:06:29.581  1441  4168 I chatty  : uid=1013(media) Binder:1441_3 expire 1 line
12-31 19:06:29.581  5257  5393 E SchedPolicy: Failed to find subsys cpuset
12-31 19:06:29.581  1441  4167 I chatty  : uid=1013(media) Binder:1441_2 expire 2 lines
12-31 19:06:29.582  5257  5393 E SchedPolicy: Failed to find subsys cpuset
12-31 19:06:29.582  5257  5393 E SchedPolicy: Failed to find subsys cpuset
12-31 19:06:29.583  1441  1608 I chatty  : uid=1013(media) Binder:1441_1 expire 1 line
12-31 19:06:29.583  5257  5393 E SchedPolicy: Failed to find subsys cpuset
12-31 19:06:29.583  1441  4168 I chatty  : uid=1013(media) Binder:1441_3 expire 2 lines
12-31 19:06:29.583  5257  5393 E SchedPolicy: Failed to find subsys cpuset
12-31 19:06:29.584  5257  5393 E SchedPolicy: Failed to find subsys cpuset
12-31 19:06:29.584  1441  1441 I chatty  : uid=1013(media) /system/bin/mediaserver expire 1 line
12-31 19:06:29.584  5257  5393 E SchedPolicy: Failed to find subsys cpuset
12-31 19:06:29.585  1441  1608 I chatty  : uid=1013(media) Binder:1441_1 expire 2 lines
12-31 19:06:29.585  5257  5393 E SchedPolicy: Failed to find subsys cpuset
12-31 19:06:29.585  5257  5393 E SchedPolicy: Failed to find subsys cpuset
12-31 19:06:29.586  1441  4167 I chatty  : uid=1013(media) Binder:1441_2 expire 1 line
12-31 19:06:29.586  5257  5393 E SchedPolicy: Failed to find subsys cpuset
12-31 19:06:29.586  1441  1441 I chatty  : uid=1013(media) /system/bin/mediaserver expire 1 line
12-31 19:06:29.586  5257  5393 E SchedPolicy: Failed to find subsys cpuset
12-31 19:06:29.587  5257  5393 E SchedPolicy: Failed to find subsys cpuset
12-31 19:06:29.587  1441  4168 I chatty  : uid=1013(media) Binder:1441_3 expire 1 line
12-31 19:06:29.587  5257  5393 E SchedPolicy: Failed to find subsys cpuset
12-31 19:06:29.588  1441  4167 I chatty  : uid=1013(media) Binder:1441_2 expire 2 lines
12-31 19:06:29.593  5257  5393 W MediaProvider: Missing volume for /system/media/audio/notifications; assuming invalid
12-31 19:06:29.769  5257  5393 W MediaProvider: Missing volume for /system/media/audio/notifications/arcturus.ogg_SECOND; assuming invalid
12-31 19:06:29.787  5604  5604 I dex2oat : dex2oat took 8.878s (threads: 4) arena alloc=4MB (4930248B) java alloc=1916KB (1962328B) native alloc=8MB (8975136B) free=6MB (6753504B)
12-31 19:06:29.790  5257  5393 W MediaProvider: Missing volume for /system/media/audio/alarms/Alarm_Rooster_02.ogg; assuming invalid
12-31 19:06:29.796  5257  5393 W MediaProvider: Missing volume for /system/media/audio/alarms/Argon.ogg; assuming invalid
12-31 19:06:29.803  5257  5393 W MediaProvider: Missing volume for /system/media/audio/alarms/Barium.ogg; assuming invalid
12-31 19:06:29.809  5257  5393 W MediaProvider: Missing volume for /system/media/audio/alarms/Carbon.ogg; assuming invalid
12-31 19:06:29.816  5257  5393 W MediaProvider: Missing volume for /system/media/audio/alarms/Cesium.ogg; assuming invalid
12-31 19:06:29.832  5257  5393 W MediaProvider: Missing volume for /system/media/audio/alarms/Fermium.ogg; assuming invalid
12-31 19:06:29.840  5257  5393 W MediaProvider: Missing volume for /system/media/audio/alarms/Hassium.ogg; assuming invalid
12-31 19:06:29.849  5257  5393 W MediaProvider: Missing volume for /system/media/audio/alarms/Helium.ogg; assuming invalid
12-31 19:06:29.858  5257  5393 W MediaProvider: Missing volume for /system/media/audio/alarms/Krypton.ogg; assuming invalid
12-31 19:06:29.867  5257  5393 W MediaProvider: Missing volume for /system/media/audio/alarms/Neon.ogg; assuming invalid
12-31 19:06:29.875  5257  5393 W MediaProvider: Missing volume for /system/media/audio/alarms/Neptunium.ogg; assuming invalid
12-31 19:06:29.884  5257  5393 W MediaProvider: Missing volume for /system/media/audio/alarms/Nobelium.ogg; assuming invalid
12-31 19:06:29.892  5257  5393 W MediaProvider: Missing volume for /system/media/audio/alarms/Osmium.ogg; assuming invalid
12-31 19:06:29.894  5257  5262 I art     : Do partial code cache collection, code=19KB, data=26KB
12-31 19:06:29.895  5257  5262 I art     : After code cache collection, code=19KB, data=26KB
12-31 19:06:29.895  5257  5262 I art     : Increasing code cache capacity to 128KB
12-31 19:06:29.900  5257  5393 W MediaProvider: Missing volume for /system/media/audio/alarms/Oxygen.ogg; assuming invalid
12-31 19:06:29.907  5257  5393 W MediaProvider: Missing volume for /system/media/audio/alarms/Platinum.ogg; assuming invalid
12-31 19:06:29.913  5257  5393 W MediaProvider: Missing volume for /system/media/audio/alarms/Plutonium.ogg; assuming invalid
12-31 19:06:29.919  5257  5393 W MediaProvider: Missing volume for /system/media/audio/alarms/Promethium.ogg; assuming invalid
12-31 19:06:29.926  5257  5393 W MediaProvider: Missing volume for /system/media/audio/alarms/Scandium.ogg; assuming invalid
12-31 19:06:29.929  5638  5638 I dex2oat : /system/bin/dex2oat --dex-file=/data/user/0/com.google.android.gms/app_chimera/m/00000002/DynamiteModulesC_GmsCore_prodmnc_xxhdpi_release.apk --oat-fd=36 --oat-location=/data/user/0/com.google.android.gms/app_chimera/m/00000002/oat/arm/DynamiteModulesC_GmsCore_prodmnc_xxhdpi_release.dex --compiler-filter=speed
12-31 19:06:29.929  5638  5638 E cutils-trace: Error opening trace file: Permission denied (13)
12-31 19:06:29.941  5257  5393 W MediaProvider: Missing volume for /system/media/audio/notifications/Adara.ogg; assuming invalid
12-31 19:06:29.951  5257  5393 W MediaProvider: Missing volume for /system/media/audio/notifications/Aldebaran.ogg; assuming invalid
12-31 19:06:29.958  5257  5393 W MediaProvider: Missing volume for /system/media/audio/notifications/Altair.ogg; assuming invalid
12-31 19:06:29.963  5257  5288 E SchedPolicy: Failed to find subsys cpuset
12-31 19:06:29.965  1441  4167 E MetadataRetrieverClient: failed to extract an album art
12-31 19:06:29.969  5257  5393 W MediaProvider: Missing volume for /system/media/audio/notifications/Alya.ogg; assuming invalid
12-31 19:06:29.974  5257  5393 W MediaProvider: Missing volume for /system/media/audio/notifications/Antares.ogg; assuming invalid
12-31 19:06:29.982  5257  5393 W MediaProvider: Missing volume for /system/media/audio/notifications/Antimony.ogg; assuming invalid
12-31 19:06:29.992  5257  5393 W MediaProvider: Missing volume for /system/media/audio/notifications/Arcturus.ogg; assuming invalid
12-31 19:06:29.999  5257  5393 W MediaProvider: Missing volume for /system/media/audio/notifications/Argon.ogg; assuming invalid
12-31 19:06:30.006  5257  5393 W MediaProvider: Missing volume for /system/media/audio/notifications/Beat_Box_Android.ogg; assuming invalid
12-31 19:06:30.013  5257  5393 W MediaProvider: Missing volume for /system/media/audio/notifications/Bellatrix.ogg; assuming invalid
12-31 19:06:30.020  5257  5393 W MediaProvider: Missing volume for /system/media/audio/notifications/Beryllium.ogg; assuming invalid
12-31 19:06:30.026  5257  5393 W MediaProvider: Missing volume for /system/media/audio/notifications/Betelgeuse.ogg; assuming invalid
12-31 19:06:30.035  5257  5393 W MediaProvider: Missing volume for /system/media/audio/notifications/CaffeineSnake.ogg; assuming invalid
12-31 19:06:30.041  5257  5393 W MediaProvider: Missing volume for /system/media/audio/notifications/Canopus.ogg; assuming invalid
12-31 19:06:30.048  5257  5393 W MediaProvider: Missing volume for /system/media/audio/notifications/Capella.ogg; assuming invalid
12-31 19:06:30.054  5257  5393 W MediaProvider: Missing volume for /system/media/audio/notifications/Castor.ogg; assuming invalid
12-31 19:06:30.061  5257  5393 W MediaProvider: Missing volume for /system/media/audio/notifications/CetiAlpha.ogg; assuming invalid
12-31 19:06:30.068  5257  5393 W MediaProvider: Missing volume for /system/media/audio/notifications/Cobalt.ogg; assuming invalid
12-31 19:06:30.076  5257  5393 W MediaProvider: Missing volume for /system/media/audio/notifications/Cricket.ogg; assuming invalid
12-31 19:06:30.081  5257  5393 W MediaProvider: Missing volume for /system/media/audio/notifications/DearDeer.ogg; assuming invalid
12-31 19:06:30.086  5257  5393 W MediaProvider: Missing volume for /system/media/audio/notifications/Deneb.ogg; assuming invalid
12-31 19:06:30.091  5257  5393 W MediaProvider: Missing volume for /system/media/audio/notifications/Doink.ogg; assuming invalid
12-31 19:06:30.096  5257  5393 W MediaProvider: Missing volume for /system/media/audio/notifications/DontPanic.ogg; assuming invalid
12-31 19:06:30.101  5257  5393 W MediaProvider: Missing volume for /system/media/audio/notifications/Drip.ogg; assuming invalid
12-31 19:06:30.106  5257  5393 W MediaProvider: Missing volume for /system/media/audio/notifications/Electra.ogg; assuming invalid
12-31 19:06:30.112  5257  5393 W MediaProvider: Missing volume for /system/media/audio/notifications/F1_MissedCall.ogg; assuming invalid
12-31 19:06:30.118  5257  5393 W MediaProvider: Missing volume for /system/media/audio/notifications/F1_New_MMS.ogg; assuming invalid
12-31 19:06:30.125  5257  5393 W MediaProvider: Missing volume for /system/media/audio/notifications/F1_New_SMS.ogg; assuming invalid
12-31 19:06:30.131  5257  5393 W MediaProvider: Missing volume for /system/media/audio/notifications/Fluorine.ogg; assuming invalid
12-31 19:06:30.136  5257  5393 W MediaProvider: Missing volume for /system/media/audio/notifications/Fomalhaut.ogg; assuming invalid
12-31 19:06:30.142  5257  5393 W MediaProvider: Missing volume for /system/media/audio/notifications/Gallium.ogg; assuming invalid
12-31 19:06:30.148  5257  5393 W MediaProvider: Missing volume for /system/media/audio/notifications/Heaven.ogg; assuming invalid
12-31 19:06:30.155  5257  5393 W MediaProvider: Missing volume for /system/media/audio/notifications/Helium.ogg; assuming invalid
12-31 19:06:30.160  5257  5393 W MediaProvider: Missing volume for /system/media/audio/notifications/Highwire.ogg; assuming invalid
12-31 19:06:30.166  5257  5393 W MediaProvider: Missing volume for /system/media/audio/notifications/Hojus.ogg; assuming invalid
12-31 19:06:30.173  5257  5393 W MediaProvider: Missing volume for /system/media/audio/notifications/Iridium.ogg; assuming invalid
12-31 19:06:30.180  5257  5393 W MediaProvider: Missing volume for /system/media/audio/notifications/Krypton.ogg; assuming invalid
12-31 19:06:30.186  5257  5393 W MediaProvider: Missing volume for /system/media/audio/notifications/KzurbSonar.ogg; assuming invalid
12-31 19:06:30.193  5257  5393 W MediaProvider: Missing volume for /system/media/audio/notifications/Lalande.ogg; assuming invalid
12-31 19:06:30.200  5257  5393 W MediaProvider: Missing volume for /system/media/audio/notifications/Merope.ogg; assuming invalid
12-31 19:06:30.208  5257  5393 W MediaProvider: Missing volume for /system/media/audio/notifications/Mira.ogg; assuming invalid
12-31 19:06:30.214  5257  5393 W MediaProvider: Missing volume for /system/media/audio/notifications/OnTheHunt.ogg; assuming invalid
12-31 19:06:30.221  5257  5393 W MediaProvider: Missing volume for /system/media/audio/notifications/Palladium.ogg; assuming invalid
12-31 19:06:30.228  5257  5393 W MediaProvider: Missing volume for /system/media/audio/notifications/Plastic_Pipe.ogg; assuming invalid
12-31 19:06:30.235  5257  5393 W MediaProvider: Missing volume for /system/media/audio/notifications/Polaris.ogg; assuming invalid
12-31 19:06:30.246  5257  5393 W MediaProvider: Missing volume for /system/media/audio/notifications/Pollux.ogg; assuming invalid
12-31 19:06:30.253  5257  5393 W MediaProvider: Missing volume for /system/media/audio/notifications/Procyon.ogg; assuming invalid
12-31 19:06:30.263  5257  5393 W MediaProvider: Missing volume for /system/media/audio/notifications/Proxima.ogg; assuming invalid
12-31 19:06:30.270  5257  5393 W MediaProvider: Missing volume for /system/media/audio/notifications/Radon.ogg; assuming invalid
12-31 19:06:30.277  5257  5393 W MediaProvider: Missing volume for /system/media/audio/notifications/Rubidium.ogg; assuming invalid
12-31 19:06:30.284  5257  5393 W MediaProvider: Missing volume for /system/media/audio/notifications/Selenium.ogg; assuming invalid
12-31 19:06:30.289  5257  5288 E SchedPolicy: Failed to find subsys cpuset
12-31 19:06:30.289  1441  1441 I chatty  : uid=1013(media) /system/bin/mediaserver expire 1 line
12-31 19:06:30.292  5257  5393 W MediaProvider: Missing volume for /system/media/audio/notifications/Shaula.ogg; assuming invalid
12-31 19:06:30.292  1441  1441 E MetadataRetrieverClient: failed to extract an album art
12-31 19:06:30.300  5257  5393 W MediaProvider: Missing volume for /system/media/audio/notifications/Sirrah.ogg; assuming invalid
12-31 19:06:30.306  5257  5393 W MediaProvider: Missing volume for /system/media/audio/notifications/SpaceSeed.ogg; assuming invalid
12-31 19:06:30.312  5257  5393 W MediaProvider: Missing volume for /system/media/audio/notifications/Spica.ogg; assuming invalid
12-31 19:06:30.318  5257  5393 W MediaProvider: Missing volume for /system/media/audio/notifications/Strontium.ogg; assuming invalid
12-31 19:06:30.325  5257  5393 W MediaProvider: Missing volume for /system/media/audio/notifications/Syrma.ogg; assuming invalid
12-31 19:06:30.332  5257  5393 W MediaProvider: Missing volume for /system/media/audio/notifications/TaDa.ogg; assuming invalid
12-31 19:06:30.338  5257  5393 W MediaProvider: Missing volume for /system/media/audio/notifications/Talitha.ogg; assuming invalid
12-31 19:06:30.346  5257  5393 W MediaProvider: Missing volume for /system/media/audio/notifications/Tejat.ogg; assuming invalid
12-31 19:06:30.353  5257  5393 W MediaProvider: Missing volume for /system/media/audio/notifications/Thallium.ogg; assuming invalid
12-31 19:06:30.363  5257  5393 W MediaProvider: Missing volume for /system/media/audio/notifications/Tinkerbell.ogg; assuming invalid
12-31 19:06:30.376  5257  5393 W MediaProvider: Missing volume for /system/media/audio/notifications/Upsilon.ogg; assuming invalid
12-31 19:06:30.381  5257  5393 W MediaProvider: Missing volume for /system/media/audio/notifications/Vega.ogg; assuming invalid
12-31 19:06:30.387  5257  5393 W MediaProvider: Missing volume for /system/media/audio/notifications/Voila.ogg; assuming invalid
12-31 19:06:30.394  5257  5393 W MediaProvider: Missing volume for /system/media/audio/notifications/Xenon.ogg; assuming invalid
12-31 19:06:30.402  5257  5393 W MediaProvider: Missing volume for /system/media/audio/notifications/Zirconium.ogg; assuming invalid
12-31 19:06:30.432  5257  5393 W MediaProvider: Missing volume for /system/media/audio/notifications/moonbeam.ogg; assuming invalid
12-31 19:06:30.459  5257  5393 W MediaProvider: Missing volume for /system/media/audio/notifications/pixiedust.ogg; assuming invalid
12-31 19:06:30.581  5257  5393 E SchedPolicy: Failed to find subsys cpuset
12-31 19:06:30.582  1441  1608 I chatty  : uid=1013(media) Binder:1441_1 expire 1 line
12-31 19:06:30.584  5257  5393 E SchedPolicy: Failed to find subsys cpuset
12-31 19:06:30.584  1441  4168 I chatty  : uid=1013(media) Binder:1441_3 expire 1 line
12-31 19:06:30.588  5257  5393 E SchedPolicy: Failed to find subsys cpuset
12-31 19:06:30.589  1441  1441 I chatty  : uid=1013(media) /system/bin/mediaserver expire 1 line
12-31 19:06:30.589  5257  5393 E SchedPolicy: Failed to find subsys cpuset
12-31 19:06:30.589  1441  4167 I chatty  : uid=1013(media) Binder:1441_2 expire 1 line
12-31 19:06:30.590  5257  5393 E SchedPolicy: Failed to find subsys cpuset
12-31 19:06:30.590  1441  1608 I chatty  : uid=1013(media) Binder:1441_1 expire 1 line
12-31 19:06:30.590  5257  5393 E SchedPolicy: Failed to find subsys cpuset
12-31 19:06:30.592  1441  4168 I chatty  : uid=1013(media) Binder:1441_3 expire 1 line
12-31 19:06:30.594  5257  5393 E SchedPolicy: Failed to find subsys cpuset
12-31 19:06:30.594  1441  1441 I chatty  : uid=1013(media) /system/bin/mediaserver expire 1 line
12-31 19:06:30.595  5257  5393 E SchedPolicy: Failed to find subsys cpuset
12-31 19:06:30.595  1441  4167 I chatty  : uid=1013(media) Binder:1441_2 expire 1 line
12-31 19:06:30.595  5257  5393 E SchedPolicy: Failed to find subsys cpuset
12-31 19:06:30.596  1441  1608 I chatty  : uid=1013(media) Binder:1441_1 expire 1 line
12-31 19:06:30.596  5257  5393 E SchedPolicy: Failed to find subsys cpuset
12-31 19:06:30.597  1441  4168 I chatty  : uid=1013(media) Binder:1441_3 expire 1 line
12-31 19:06:30.597  5257  5393 E SchedPolicy: Failed to find subsys cpuset
12-31 19:06:30.598  1441  1441 I chatty  : uid=1013(media) /system/bin/mediaserver expire 1 line
12-31 19:06:30.598  5257  5393 E SchedPolicy: Failed to find subsys cpuset
12-31 19:06:30.599  1441  4167 I chatty  : uid=1013(media) Binder:1441_2 expire 1 line
12-31 19:06:30.600  5257  5393 E SchedPolicy: Failed to find subsys cpuset
12-31 19:06:30.600  1441  1608 I chatty  : uid=1013(media) Binder:1441_1 expire 1 line
12-31 19:06:30.600  5257  5393 E SchedPolicy: Failed to find subsys cpuset
12-31 19:06:30.601  1441  4168 I chatty  : uid=1013(media) Binder:1441_3 expire 2 lines
12-31 19:06:30.601  5257  5393 E SchedPolicy: Failed to find subsys cpuset
12-31 19:06:30.601  1441  1441 I chatty  : uid=1013(media) /system/bin/mediaserver expire 2 lines
12-31 19:06:30.602  5257  5393 E SchedPolicy: Failed to find subsys cpuset
12-31 19:06:30.602  1441  4167 I chatty  : uid=1013(media) Binder:1441_2 expire 1 line
12-31 19:06:30.635  5638  5638 W dex2oat : Class ajj failed lock verification and will run slower.
12-31 19:06:30.635  5638  5638 W dex2oat : Common causes for lock verification issues are non-optimized dex code
12-31 19:06:30.635  5638  5638 W dex2oat : and incorrect proguard optimizations.
12-31 19:06:30.665  5257  5393 E SchedPolicy: Failed to find subsys cpuset
12-31 19:06:30.665  1441  1608 I chatty  : uid=1013(media) Binder:1441_1 expire 2 lines
12-31 19:06:30.680  5257  5393 E SchedPolicy: Failed to find subsys cpuset
12-31 19:06:30.681  5257  5393 E SchedPolicy: Failed to find subsys cpuset
12-31 19:06:30.682  5257  5393 E SchedPolicy: Failed to find subsys cpuset
12-31 19:06:30.682  1441  4167 I chatty  : uid=1013(media) Binder:1441_2 expire 1 line
12-31 19:06:30.682  5257  5393 E SchedPolicy: Failed to find subsys cpuset
12-31 19:06:30.694  5257  5393 E SchedPolicy: Failed to find subsys cpuset
12-31 19:06:30.695  1441  4168 I chatty  : uid=1013(media) Binder:1441_3 expire 1 line
12-31 19:06:30.695  5257  5393 E SchedPolicy: Failed to find subsys cpuset
12-31 19:06:30.695  1441  1441 I chatty  : uid=1013(media) /system/bin/mediaserver expire 1 line
12-31 19:06:30.696  5257  5393 E SchedPolicy: Failed to find subsys cpuset
12-31 19:06:30.696  1441  4167 I chatty  : uid=1013(media) Binder:1441_2 expire 1 line
12-31 19:06:30.699  5257  5393 E SchedPolicy: Failed to find subsys cpuset
12-31 19:06:30.699  1441  1608 I chatty  : uid=1013(media) Binder:1441_1 expire 1 line
12-31 19:06:30.700  5257  5393 E SchedPolicy: Failed to find subsys cpuset
12-31 19:06:30.701  1441  4168 I chatty  : uid=1013(media) Binder:1441_3 expire 1 line
12-31 19:06:30.701  5257  5393 E SchedPolicy: Failed to find subsys cpuset
12-31 19:06:30.701  1441  1441 I chatty  : uid=1013(media) /system/bin/mediaserver expire 1 line
12-31 19:06:30.702  5257  5393 E SchedPolicy: Failed to find subsys cpuset
12-31 19:06:30.702  1441  4167 I chatty  : uid=1013(media) Binder:1441_2 expire 1 line
12-31 19:06:30.703  5257  5393 E SchedPolicy: Failed to find subsys cpuset
12-31 19:06:30.703  1441  1608 I chatty  : uid=1013(media) Binder:1441_1 expire 1 line
12-31 19:06:30.703  5257  5393 E SchedPolicy: Failed to find subsys cpuset
12-31 19:06:30.704  1441  4168 I chatty  : uid=1013(media) Binder:1441_3 expire 1 line
12-31 19:06:30.704  5257  5393 E SchedPolicy: Failed to find subsys cpuset
12-31 19:06:30.704  1441  1441 I chatty  : uid=1013(media) /system/bin/mediaserver expire 1 line
12-31 19:06:30.705  5257  5393 E SchedPolicy: Failed to find subsys cpuset
12-31 19:06:30.705  1441  4167 I chatty  : uid=1013(media) Binder:1441_2 expire 2 lines
12-31 19:06:30.738  5257  5393 E SchedPolicy: Failed to find subsys cpuset
12-31 19:06:30.751  5257  5393 E SchedPolicy: Failed to find subsys cpuset
12-31 19:06:30.752  1441  4168 I chatty  : uid=1013(media) Binder:1441_3 expire 1 line
12-31 19:06:30.760  5257  5393 E SchedPolicy: Failed to find subsys cpuset
12-31 19:06:30.760  1441  1441 I chatty  : uid=1013(media) /system/bin/mediaserver expire 1 line
12-31 19:06:30.768  5257  5393 E SchedPolicy: Failed to find subsys cpuset
12-31 19:06:30.768  1441  1608 I chatty  : uid=1013(media) Binder:1441_1 expire 1 line
12-31 19:06:30.780  5257  5393 E SchedPolicy: Failed to find subsys cpuset
12-31 19:06:30.780  1441  4167 I chatty  : uid=1013(media) Binder:1441_2 expire 1 line
12-31 19:06:30.790  5257  5393 E SchedPolicy: Failed to find subsys cpuset
12-31 19:06:30.790  1441  4168 I chatty  : uid=1013(media) Binder:1441_3 expire 1 line
12-31 19:06:30.793  5257  5393 E SchedPolicy: Failed to find subsys cpuset
12-31 19:06:30.793  1441  1441 I chatty  : uid=1013(media) /system/bin/mediaserver expire 1 line
12-31 19:06:30.794  5257  5393 E SchedPolicy: Failed to find subsys cpuset
12-31 19:06:30.794  1441  1608 I chatty  : uid=1013(media) Binder:1441_1 expire 1 line
12-31 19:06:30.795  5257  5393 E SchedPolicy: Failed to find subsys cpuset
12-31 19:06:30.795  1441  4167 I chatty  : uid=1013(media) Binder:1441_2 expire 1 line
12-31 19:06:30.796  5257  5393 E SchedPolicy: Failed to find subsys cpuset
12-31 19:06:30.796  1441  4168 I chatty  : uid=1013(media) Binder:1441_3 expire 1 line
12-31 19:06:30.797  5257  5393 E SchedPolicy: Failed to find subsys cpuset
12-31 19:06:30.797  1441  1441 I chatty  : uid=1013(media) /system/bin/mediaserver expire 1 line
12-31 19:06:30.800  5257  5393 E SchedPolicy: Failed to find subsys cpuset
12-31 19:06:30.800  1441  1608 I chatty  : uid=1013(media) Binder:1441_1 expire 1 line
12-31 19:06:30.802  5257  5393 E SchedPolicy: Failed to find subsys cpuset
12-31 19:06:30.803  1441  4167 I chatty  : uid=1013(media) Binder:1441_2 expire 1 line
12-31 19:06:30.804  5257  5393 E SchedPolicy: Failed to find subsys cpuset
12-31 19:06:30.804  1441  4168 I chatty  : uid=1013(media) Binder:1441_3 expire 1 line
12-31 19:06:30.804  5257  5393 E SchedPolicy: Failed to find subsys cpuset
12-31 19:06:30.805  1441  1441 I chatty  : uid=1013(media) /system/bin/mediaserver expire 1 line
12-31 19:06:30.808  5257  5393 E SchedPolicy: Failed to find subsys cpuset
12-31 19:06:30.809  1441  1608 I chatty  : uid=1013(media) Binder:1441_1 expire 1 line
12-31 19:06:30.846  5257  5393 E SchedPolicy: Failed to find subsys cpuset
12-31 19:06:30.847  1441  4167 I chatty  : uid=1013(media) Binder:1441_2 expire 1 line
12-31 19:06:30.850  5257  5393 E SchedPolicy: Failed to find subsys cpuset
12-31 19:06:30.850  1441  4168 I chatty  : uid=1013(media) Binder:1441_3 expire 1 line
12-31 19:06:30.855  5257  5393 E SchedPolicy: Failed to find subsys cpuset
12-31 19:06:30.855  1441  1608 I chatty  : uid=1013(media) Binder:1441_1 expire 1 line
12-31 19:06:30.858  5257  5393 E SchedPolicy: Failed to find subsys cpuset
12-31 19:06:30.858  1441  1441 I chatty  : uid=1013(media) /system/bin/mediaserver expire 1 line
12-31 19:06:30.860  5257  5393 E SchedPolicy: Failed to find subsys cpuset
12-31 19:06:30.860  1441  4167 I chatty  : uid=1013(media) Binder:1441_2 expire 1 line
12-31 19:06:30.870  5257  5393 E SchedPolicy: Failed to find subsys cpuset
12-31 19:06:30.870  1441  4168 I chatty  : uid=1013(media) Binder:1441_3 expire 1 line
12-31 19:06:30.875  5257  5393 E SchedPolicy: Failed to find subsys cpuset
12-31 19:06:30.875  1441  1608 I chatty  : uid=1013(media) Binder:1441_1 expire 1 line
12-31 19:06:30.876  5257  5393 E SchedPolicy: Failed to find subsys cpuset
12-31 19:06:30.876  1441  1441 I chatty  : uid=1013(media) /system/bin/mediaserver expire 1 line
12-31 19:06:30.876  5257  5393 E SchedPolicy: Failed to find subsys cpuset
12-31 19:06:30.877  1441  4167 I chatty  : uid=1013(media) Binder:1441_2 expire 1 line
12-31 19:06:30.877  5257  5393 E SchedPolicy: Failed to find subsys cpuset
12-31 19:06:30.877  1441  4168 I chatty  : uid=1013(media) Binder:1441_3 expire 1 line
12-31 19:06:30.877  5257  5393 E SchedPolicy: Failed to find subsys cpuset
12-31 19:06:30.878  1441  1608 I chatty  : uid=1013(media) Binder:1441_1 expire 1 line
12-31 19:06:30.878  5257  5393 E SchedPolicy: Failed to find subsys cpuset
12-31 19:06:30.878  1441  1441 I chatty  : uid=1013(media) /system/bin/mediaserver expire 1 line
12-31 19:06:30.879  5257  5393 E SchedPolicy: Failed to find subsys cpuset
12-31 19:06:30.879  1441  4167 I chatty  : uid=1013(media) Binder:1441_2 expire 1 line
12-31 19:06:30.880  5257  5393 E SchedPolicy: Failed to find subsys cpuset
12-31 19:06:30.881  1441  4168 I chatty  : uid=1013(media) Binder:1441_3 expire 1 line
12-31 19:06:30.881  5257  5393 E SchedPolicy: Failed to find subsys cpuset
12-31 19:06:30.881  1441  1608 I chatty  : uid=1013(media) Binder:1441_1 expire 1 line
12-31 19:06:30.881  5257  5393 E SchedPolicy: Failed to find subsys cpuset
12-31 19:06:30.882  1441  1441 I chatty  : uid=1013(media) /system/bin/mediaserver expire 2 lines
12-31 19:06:30.939  5257  5393 E SchedPolicy: Failed to find subsys cpuset
12-31 19:06:30.940  1441  4167 I chatty  : uid=1013(media) Binder:1441_2 expire 1 line
12-31 19:06:30.950  5257  5393 E SchedPolicy: Failed to find subsys cpuset
12-31 19:06:30.950  1441  1608 I chatty  : uid=1013(media) Binder:1441_1 expire 2 lines
12-31 19:06:30.951  5257  5393 E SchedPolicy: Failed to find subsys cpuset
12-31 19:06:30.952  5257  5393 E SchedPolicy: Failed to find subsys cpuset
12-31 19:06:30.955  1441  4168 I chatty  : uid=1013(media) Binder:1441_3 expire 1 line
12-31 19:06:30.955  5257  5393 E SchedPolicy: Failed to find subsys cpuset
12-31 19:06:30.956  1441  4167 I chatty  : uid=1013(media) Binder:1441_2 expire 2 lines
12-31 19:06:30.956  5257  5393 E SchedPolicy: Failed to find subsys cpuset
12-31 19:06:30.957  5257  5393 E SchedPolicy: Failed to find subsys cpuset
12-31 19:06:30.957  1441  1441 I chatty  : uid=1013(media) /system/bin/mediaserver expire 1 line
12-31 19:06:30.963  5257  5393 E SchedPolicy: Failed to find subsys cpuset
12-31 19:06:30.964  1441  4168 I chatty  : uid=1013(media) Binder:1441_3 expire 2 lines
12-31 19:06:30.964  5257  5393 E SchedPolicy: Failed to find subsys cpuset
12-31 19:06:30.970  5257  5393 E SchedPolicy: Failed to find subsys cpuset
12-31 19:06:30.970  1441  1608 I chatty  : uid=1013(media) Binder:1441_1 expire 1 line
12-31 19:06:30.972  5257  5393 E SchedPolicy: Failed to find subsys cpuset
12-31 19:06:30.972  1441  1441 I chatty  : uid=1013(media) /system/bin/mediaserver expire 2 lines
12-31 19:06:30.975  5257  5393 E SchedPolicy: Failed to find subsys cpuset
12-31 19:06:30.976  5257  5393 E SchedPolicy: Failed to find subsys cpuset
12-31 19:06:30.976  1441  4167 I chatty  : uid=1013(media) Binder:1441_2 expire 1 line
12-31 19:06:30.980  5257  5393 E SchedPolicy: Failed to find subsys cpuset
12-31 19:06:30.980  1441  1608 I chatty  : uid=1013(media) Binder:1441_1 expire 2 lines
12-31 19:06:30.983  5257  5393 E SchedPolicy: Failed to find subsys cpuset
12-31 19:06:30.985  5257  5393 E SchedPolicy: Failed to find subsys cpuset
12-31 19:06:30.985  1441  4168 I chatty  : uid=1013(media) Binder:1441_3 expire 2 lines
12-31 19:06:31.022  5257  5393 E SchedPolicy: Failed to find subsys cpuset
12-31 19:06:31.030  5257  5393 E SchedPolicy: Failed to find subsys cpuset
12-31 19:06:31.031  5257  5393 E SchedPolicy: Failed to find subsys cpuset
12-31 19:06:31.032  1441  1441 I chatty  : uid=1013(media) /system/bin/mediaserver expire 1 line
12-31 19:06:31.032  5257  5393 E SchedPolicy: Failed to find subsys cpuset
12-31 19:06:31.033  1441  4167 I chatty  : uid=1013(media) Binder:1441_2 expire 1 line
12-31 19:06:31.033  5257  5393 E SchedPolicy: Failed to find subsys cpuset
12-31 19:06:31.034  1441  1608 I chatty  : uid=1013(media) Binder:1441_1 expire 1 line
12-31 19:06:31.034  5257  5393 E SchedPolicy: Failed to find subsys cpuset
12-31 19:06:31.035  1441  4168 I chatty  : uid=1013(media) Binder:1441_3 expire 1 line
12-31 19:06:31.035  5257  5393 E SchedPolicy: Failed to find subsys cpuset
12-31 19:06:31.036  1441  1441 I chatty  : uid=1013(media) /system/bin/mediaserver expire 1 line
12-31 19:06:31.036  5257  5393 E SchedPolicy: Failed to find subsys cpuset
12-31 19:06:31.037  1441  4167 I chatty  : uid=1013(media) Binder:1441_2 expire 1 line
12-31 19:06:31.037  5257  5393 E SchedPolicy: Failed to find subsys cpuset
12-31 19:06:31.038  1441  1608 I chatty  : uid=1013(media) Binder:1441_1 expire 1 line
12-31 19:06:31.038  5257  5393 E SchedPolicy: Failed to find subsys cpuset
12-31 19:06:31.039  1441  4168 I chatty  : uid=1013(media) Binder:1441_3 expire 1 line
12-31 19:06:31.040  5257  5393 E SchedPolicy: Failed to find subsys cpuset
12-31 19:06:31.040  1441  1441 I chatty  : uid=1013(media) /system/bin/mediaserver expire 1 line
12-31 19:06:31.041  5257  5393 E SchedPolicy: Failed to find subsys cpuset
12-31 19:06:31.041  1441  4167 I chatty  : uid=1013(media) Binder:1441_2 expire 1 line
12-31 19:06:31.041  5257  5393 E SchedPolicy: Failed to find subsys cpuset
12-31 19:06:31.042  1441  1608 I chatty  : uid=1013(media) Binder:1441_1 expire 1 line
12-31 19:06:31.042  5257  5393 E SchedPolicy: Failed to find subsys cpuset
12-31 19:06:31.043  1441  4168 I chatty  : uid=1013(media) Binder:1441_3 expire 1 line
12-31 19:06:31.044  5257  5393 E SchedPolicy: Failed to find subsys cpuset
12-31 19:06:31.044  1441  1441 I chatty  : uid=1013(media) /system/bin/mediaserver expire 1 line
12-31 19:06:31.045  5257  5393 E SchedPolicy: Failed to find subsys cpuset
12-31 19:06:31.046  1441  4167 I chatty  : uid=1013(media) Binder:1441_2 expire 2 lines
12-31 19:06:31.500  5257  5393 E SchedPolicy: Failed to find subsys cpuset
12-31 19:06:31.530  5257  5393 E SchedPolicy: Failed to find subsys cpuset
12-31 19:06:31.530  1441  1441 I chatty  : uid=1013(media) /system/bin/mediaserver expire 1 line
12-31 19:06:31.540  5257  5393 E SchedPolicy: Failed to find subsys cpuset
12-31 19:06:31.540  1441  4168 I chatty  : uid=1013(media) Binder:1441_3 expire 1 line
12-31 19:06:31.551  5257  5393 E SchedPolicy: Failed to find subsys cpuset
12-31 19:06:31.551  1441  1608 I chatty  : uid=1013(media) Binder:1441_1 expire 1 line
12-31 19:06:31.552  5257  5393 E SchedPolicy: Failed to find subsys cpuset
12-31 19:06:31.552  1441  4167 I chatty  : uid=1013(media) Binder:1441_2 expire 1 line
12-31 19:06:31.554  5257  5393 E SchedPolicy: Failed to find subsys cpuset
12-31 19:06:31.555  1441  1441 I chatty  : uid=1013(media) /system/bin/mediaserver expire 1 line
12-31 19:06:31.555  5257  5393 E SchedPolicy: Failed to find subsys cpuset
12-31 19:06:31.556  1441  4168 I chatty  : uid=1013(media) Binder:1441_3 expire 1 line
12-31 19:06:31.556  5257  5393 E SchedPolicy: Failed to find subsys cpuset
12-31 19:06:31.557  1441  1608 I chatty  : uid=1013(media) Binder:1441_1 expire 1 line
12-31 19:06:31.557  5257  5393 E SchedPolicy: Failed to find subsys cpuset
12-31 19:06:31.558  1441  4167 I chatty  : uid=1013(media) Binder:1441_2 expire 1 line
12-31 19:06:31.570  5257  5393 E SchedPolicy: Failed to find subsys cpuset
12-31 19:06:31.571  1441  1441 I chatty  : uid=1013(media) /system/bin/mediaserver expire 1 line
12-31 19:06:31.571  5257  5393 E SchedPolicy: Failed to find subsys cpuset
12-31 19:06:31.572  1441  4168 I chatty  : uid=1013(media) Binder:1441_3 expire 1 line
12-31 19:06:31.572  5257  5393 E SchedPolicy: Failed to find subsys cpuset
12-31 19:06:31.573  1441  1608 I chatty  : uid=1013(media) Binder:1441_1 expire 1 line
12-31 19:06:31.573  5257  5393 E SchedPolicy: Failed to find subsys cpuset
12-31 19:06:31.574  1441  4167 I chatty  : uid=1013(media) Binder:1441_2 expire 1 line
12-31 19:06:31.580  5257  5393 E SchedPolicy: Failed to find subsys cpuset
12-31 19:06:31.580  1441  1441 I chatty  : uid=1013(media) /system/bin/mediaserver expire 1 line
12-31 19:06:31.581  5257  5393 E SchedPolicy: Failed to find subsys cpuset
12-31 19:06:31.582  1441  4168 I chatty  : uid=1013(media) Binder:1441_3 expire 1 line
12-31 19:06:31.582  5257  5393 E SchedPolicy: Failed to find subsys cpuset
12-31 19:06:31.583  1441  1608 I chatty  : uid=1013(media) Binder:1441_1 expire 2 lines
12-31 19:06:32.170  5257  5393 E SchedPolicy: Failed to find subsys cpuset
12-31 19:06:32.184  5257  5393 E SchedPolicy: Failed to find subsys cpuset
12-31 19:06:32.184  1441  1441 I chatty  : uid=1013(media) /system/bin/mediaserver expire 1 line
12-31 19:06:32.190  5257  5393 E SchedPolicy: Failed to find subsys cpuset
12-31 19:06:32.190  1441  4167 I chatty  : uid=1013(media) Binder:1441_2 expire 1 line
12-31 19:06:32.191  5257  5393 E SchedPolicy: Failed to find subsys cpuset
12-31 19:06:32.192  1441  4168 I chatty  : uid=1013(media) Binder:1441_3 expire 1 line
12-31 19:06:32.200  5257  5393 E SchedPolicy: Failed to find subsys cpuset
12-31 19:06:32.200  1441  1608 I chatty  : uid=1013(media) Binder:1441_1 expire 1 line
12-31 19:06:32.201  5257  5393 E SchedPolicy: Failed to find subsys cpuset
12-31 19:06:32.201  1441  1441 I chatty  : uid=1013(media) /system/bin/mediaserver expire 1 line
12-31 19:06:32.202  5257  5393 E SchedPolicy: Failed to find subsys cpuset
12-31 19:06:32.202  1441  4167 I chatty  : uid=1013(media) Binder:1441_2 expire 1 line
12-31 19:06:32.203  5257  5393 E SchedPolicy: Failed to find subsys cpuset
12-31 19:06:32.203  1441  4168 I chatty  : uid=1013(media) Binder:1441_3 expire 1 line
12-31 19:06:32.210  5257  5393 E SchedPolicy: Failed to find subsys cpuset
12-31 19:06:32.210  1441  1608 I chatty  : uid=1013(media) Binder:1441_1 expire 1 line
12-31 19:06:32.211  5257  5393 E SchedPolicy: Failed to find subsys cpuset
12-31 19:06:32.211  1441  1441 I chatty  : uid=1013(media) /system/bin/mediaserver expire 1 line
12-31 19:06:32.212  5257  5393 E SchedPolicy: Failed to find subsys cpuset
12-31 19:06:32.212  1441  4167 I chatty  : uid=1013(media) Binder:1441_2 expire 1 line
12-31 19:06:32.213  5257  5393 E SchedPolicy: Failed to find subsys cpuset
12-31 19:06:32.213  1441  4168 I chatty  : uid=1013(media) Binder:1441_3 expire 1 line
12-31 19:06:32.215  5638  5638 W dex2oat : Compilation of atw[] apo.a(java.lang.String, atx[], auc[]) took 151.400ms
12-31 19:06:32.220  5257  5393 E SchedPolicy: Failed to find subsys cpuset
12-31 19:06:32.220  1441  1608 I chatty  : uid=1013(media) Binder:1441_1 expire 1 line
12-31 19:06:32.221  5257  5393 E SchedPolicy: Failed to find subsys cpuset
12-31 19:06:32.221  1441  1441 I chatty  : uid=1013(media) /system/bin/mediaserver expire 1 line
12-31 19:06:32.222  5257  5393 E SchedPolicy: Failed to find subsys cpuset
12-31 19:06:32.222  1441  4167 I chatty  : uid=1013(media) Binder:1441_2 expire 1 line
12-31 19:06:32.223  5257  5393 E SchedPolicy: Failed to find subsys cpuset
12-31 19:06:32.223  1441  4168 I chatty  : uid=1013(media) Binder:1441_3 expire 1 line
12-31 19:06:32.330  5257  5393 E SchedPolicy: Failed to find subsys cpuset
12-31 19:06:32.331  1441  1608 I chatty  : uid=1013(media) Binder:1441_1 expire 1 line
12-31 19:06:32.470  5257  5393 E SchedPolicy: Failed to find subsys cpuset
12-31 19:06:32.471  1441  1441 I chatty  : uid=1013(media) /system/bin/mediaserver expire 1 line
12-31 19:06:32.472  5257  5393 E SchedPolicy: Failed to find subsys cpuset
12-31 19:06:32.472  1441  4167 I chatty  : uid=1013(media) Binder:1441_2 expire 1 line
12-31 19:06:32.473  5257  5393 E SchedPolicy: Failed to find subsys cpuset
12-31 19:06:32.473  1441  4168 I chatty  : uid=1013(media) Binder:1441_3 expire 1 line
12-31 19:06:32.480  5257  5393 E SchedPolicy: Failed to find subsys cpuset
12-31 19:06:32.480  1441  1608 I chatty  : uid=1013(media) Binder:1441_1 expire 1 line
12-31 19:06:32.481  5257  5393 E SchedPolicy: Failed to find subsys cpuset
12-31 19:06:32.481  1441  1441 I chatty  : uid=1013(media) /system/bin/mediaserver expire 1 line
12-31 19:06:32.482  5257  5393 E SchedPolicy: Failed to find subsys cpuset
12-31 19:06:32.482  1441  4167 I chatty  : uid=1013(media) Binder:1441_2 expire 1 line
12-31 19:06:32.483  5257  5393 E SchedPolicy: Failed to find subsys cpuset
12-31 19:06:32.483  1441  4168 I chatty  : uid=1013(media) Binder:1441_3 expire 1 line
12-31 19:06:32.490  5257  5393 E SchedPolicy: Failed to find subsys cpuset
12-31 19:06:32.490  1441  1608 I chatty  : uid=1013(media) Binder:1441_1 expire 1 line
12-31 19:06:32.491  5257  5393 E SchedPolicy: Failed to find subsys cpuset
12-31 19:06:32.492  1441  1441 I chatty  : uid=1013(media) /system/bin/mediaserver expire 1 line
12-31 19:06:32.492  5257  5393 E SchedPolicy: Failed to find subsys cpuset
12-31 19:06:32.493  1441  4167 E SchedPolicy: add_tid_to_cgroup failed; fd=-1
12-31 19:06:32.493  5257  5393 E SchedPolicy: Failed to find subsys cpuset
12-31 19:06:32.494  1441  4168 E SchedPolicy: add_tid_to_cgroup failed; fd=-1
12-31 19:06:32.500  5257  5393 E SchedPolicy: Failed to find subsys cpuset
12-31 19:06:32.500  1441  1608 E SchedPolicy: add_tid_to_cgroup failed; fd=-1
12-31 19:06:32.501  5257  5393 E SchedPolicy: Failed to find subsys cpuset
12-31 19:06:32.501  1441  1441 E SchedPolicy: add_tid_to_cgroup failed; fd=-1
12-31 19:06:32.502  5257  5393 E SchedPolicy: Failed to find subsys cpuset
12-31 19:06:32.502  1441  4167 E SchedPolicy: add_tid_to_cgroup failed; fd=-1
12-31 19:06:32.503  5257  5393 E SchedPolicy: Failed to find subsys cpuset
12-31 19:06:32.503  1441  4168 E SchedPolicy: add_tid_to_cgroup failed; fd=-1
12-31 19:06:32.610  5257  5393 E SchedPolicy: Failed to find subsys cpuset
12-31 19:06:32.610  1441  4167 E SchedPolicy: add_tid_to_cgroup failed; fd=-1
12-31 19:06:32.640  5257  5393 E SchedPolicy: Failed to find subsys cpuset
12-31 19:06:32.640  1441  1608 E SchedPolicy: add_tid_to_cgroup failed; fd=-1
12-31 19:06:32.641  5257  5393 E SchedPolicy: Failed to find subsys cpuset
12-31 19:06:32.642  1441  1441 E SchedPolicy: add_tid_to_cgroup failed; fd=-1
12-31 19:06:32.642  5257  5393 E SchedPolicy: Failed to find subsys cpuset
12-31 19:06:32.643  1441  4168 E SchedPolicy: add_tid_to_cgroup failed; fd=-1
12-31 19:06:32.650  5257  5393 E SchedPolicy: Failed to find subsys cpuset
12-31 19:06:32.650  1441  4167 E SchedPolicy: add_tid_to_cgroup failed; fd=-1
12-31 19:06:32.660  5257  5393 E SchedPolicy: Failed to find subsys cpuset
12-31 19:06:32.660  1441  1608 E SchedPolicy: add_tid_to_cgroup failed; fd=-1
12-31 19:06:32.661  5257  5393 E SchedPolicy: Failed to find subsys cpuset
12-31 19:06:32.661  1441  1441 E SchedPolicy: add_tid_to_cgroup failed; fd=-1
12-31 19:06:32.662  5257  5393 E SchedPolicy: Failed to find subsys cpuset
12-31 19:06:32.662  1441  4168 E SchedPolicy: add_tid_to_cgroup failed; fd=-1
12-31 19:06:32.670  5257  5393 E SchedPolicy: Failed to find subsys cpuset
12-31 19:06:32.670  1441  4167 E SchedPolicy: add_tid_to_cgroup failed; fd=-1
12-31 19:06:32.680  5257  5393 E SchedPolicy: Failed to find subsys cpuset
12-31 19:06:32.680  1441  1608 E SchedPolicy: add_tid_to_cgroup failed; fd=-1
12-31 19:06:32.681  5257  5393 E SchedPolicy: Failed to find subsys cpuset
12-31 19:06:32.681  1441  1441 E SchedPolicy: add_tid_to_cgroup failed; fd=-1
12-31 19:06:32.682  5257  5393 E SchedPolicy: Failed to find subsys cpuset
12-31 19:06:32.682  1441  4168 E SchedPolicy: add_tid_to_cgroup failed; fd=-1
12-31 19:06:32.690  5257  5393 E SchedPolicy: Failed to find subsys cpuset
